Note that running a local entrypoint in detached mode only keeps the last triggered Modal function alive after the parent process has been killed or disconnected.
✓ Initialized. View run at 
https://modal.com/apps/pszar92/main/ap-AeBVtpbVjLO8FbAll29R2E
✓ Created objects.
├── 🔨 Created mount 
│   /home/avist/Projects/relational/modal/l131_notebook_check.py
├── 🔨 Created mount 
│   /home/avist/Projects/relational/labs/solutions/0131-gnn-tabular-stack.ipynb
└── 🔨 Created function worker.
Actual notebook runtime: 3.11.10 (main, Dec  3 2024, 02:25:00) [GCC 12.2.0]
{'numpy': '1.26.4', 'pandas': '2.2.3', 'torch': '2.5.1+cu124', 'pytorch-frame': '0.2.3', 'torch-geometric': '2.6.1', 'relbench': '1.1.0'}
PASS: activation_summary
PASS: relative_days
PASS: seed_readout
results {'shape': [3, 6], 'mean': -0.2608839273452759, 'max_abs': 1.058574914932251, 'zero_fraction': 0.0, 'first_rows': [[0.20004971325397491, -0.509148120880127, 0.025423645973205566, -0.09070900082588196, -0.2699615955352783, 0.2515929639339447], [0.30635255575180054, -0.7989040613174438, -1.058574914932251, 0.00634339451789856, -0.9203895330429077, -0.2432568222284317], [-0.20428216457366943, 0.013628020882606506, -0.7472602128982544, -0.05608457326889038, -0.532763659954071, -0.0679657831788063]]}
First two recorded rows, six displayed coordinates: tensor([[ 0.2000, -0.5091,  0.0254, -0.0907, -0.2700,  0.2516],
        [ 0.3064, -0.7989, -1.0586,  0.0063, -0.9204, -0.2433]])
races {'shape': [3, 6], 'mean': -0.35509443283081055, 'max_abs': 0.944794237613678, 'zero_fraction': 0.0, 'first_rows': [[-0.944794237613678, -0.21753987669944763, -0.6099650263786316, -0.15229088068008423, -0.11570951342582703, 0.10715481638908386], [-0.6539080739021301, -0.7180778384208679, -0.38906484842300415, -0.30526554584503174, -0.21079356968402863, 0.006973579525947571], [-0.8731424808502197, -0.2766415774822235, 0.12333197891712189, -0.6146796941757202, -0.46586477756500244, -0.08142170310020447]]}
First two recorded rows, six displayed coordinates: tensor([[-0.9448, -0.2175, -0.6100, -0.1523, -0.1157,  0.1072],
        [-0.6539, -0.7181, -0.3891, -0.3053, -0.2108,  0.0070]])
{'status': 'PASS', 'predictions': 6295, 'metrics': {'val': {'mean': 3.1878595815568107, 'sample_sd': 0.02024897338282832}, 'test': {'mean': 4.119595341674069, 'sample_sd': 0.22856463497574164}}, 'replay': 'Author evidence, no fresh training', 'learner': 'PENDING_WRITTEN_DEFENSE'}
PASS: predictions, finite gradients, model state and RNG preserved; detach diagnosed {'max_output_error': 0.0, 'max_gradient_error': 0.0, 'nonfinite_gradient_parameters': [], 'nonfinite_masks': 'MATCH', 'detached_output_error': 0.0}
Diagnostic: nan_to_num(w * NaN) = 0, but d(output)/dw is NaN.
Downloading file 'rel-f1/db.zip' from 'https://relbench.stanford.edu/download/rel-f1/db.zip' to '/root/.cache/relbench'.

[1A  0%|                                               | 0.00/704k [00:00<?, ?B/s]
[1A  5%|█▊                                     | 33.8k/704k [00:00<00:02, 279kB/s]
[1A 30%|████████████▏                           | 214k/704k [00:00<00:00, 978kB/s]
[1A  0%|                                               | 0.00/704k [00:00<?, ?B/s]
[1A100%|███████████████████████████████████████| 704k/704k [00:00<00:00, 3.05GB/s]
Unzipping contents of '/root/.cache/relbench/rel-f1/db.zip' to '/root/.cache/relbench/rel-f1/.'
Loading Database object from /root/.cache/relbench/rel-f1/db...
Done in 0.06 seconds.
Downloading file 'rel-f1/tasks/driver-position.zip' from 'https://relbench.stanford.edu/download/rel-f1/tasks/driver-position.zip' to '/root/.cache/relbench'.

[1A  0%|                                              | 0.00/36.5k [00:00<?, ?B/s]
[1A  0%|                                              | 0.00/36.5k [00:00<?, ?B/s]
[1A100%|██████████████████████████████████████| 36.5k/36.5k [00:00<00:00, 175MB/s]
Unzipping contents of '/root/.cache/relbench/rel-f1/tasks/driver-position.zip' to '/root/.cache/relbench/rel-f1/tasks/.'
/usr/local/lib/python3.11/site-packages/torch_frame/data/stats.py:177: UserWarning: Could not infer format, so each element will be parsed individually, falling back to `dateutil`. To ensure parsing is consistent and as-expected, please specify a format.
  ser = pd.to_datetime(ser, format=time_format)

[1AEmbedding raw data in mini-batch:   0%|          | 0/4 [00:00<?, ?it/s]
[1AEmbedding raw data in mini-batch: 100%|██████████| 4/4 [00:00<00:00, 217.17it/s]
/usr/local/lib/python3.11/site-packages/torch_frame/data/mapper.py:290: UserWarning: Could not infer format, so each element will be parsed individually, falling back to `dateutil`. To ensure parsing is consistent and as-expected, please specify a format.
  ser = pd.to_datetime(ser, format=self.format, errors='coerce')

[1AEmbedding raw data in mini-batch:   0%|          | 0/4 [00:00<?, ?it/s]
[1AEmbedding raw data in mini-batch: 100%|██████████| 4/4 [00:00<00:00, 275.86it/s]

[1AEmbedding raw data in mini-batch:   0%|          | 0/4 [00:00<?, ?it/s]
[1AEmbedding raw data in mini-batch: 100%|██████████| 4/4 [00:00<00:00, 256.59it/s]

[1AEmbedding raw data in mini-batch:   0%|          | 0/4 [00:00<?, ?it/s]
[1AEmbedding raw data in mini-batch: 100%|██████████| 4/4 [00:00<00:00, 260.75it/s]

[1AEmbedding raw data in mini-batch:   0%|          | 0/4 [00:00<?, ?it/s]
[1AEmbedding raw data in mini-batch: 100%|██████████| 4/4 [00:00<00:00, 274.78it/s]

[1AEmbedding raw data in mini-batch:   0%|          | 0/4 [00:00<?, ?it/s]
[1AEmbedding raw data in mini-batch: 100%|██████████| 4/4 [00:00<00:00, 250.14it/s]

[1AEmbedding raw data in mini-batch:   0%|          | 0/1 [00:00<?, ?it/s]
[1AEmbedding raw data in mini-batch: 100%|██████████| 1/1 [00:00<00:00, 234.75it/s]

[1AEmbedding raw data in mini-batch:   0%|          | 0/1 [00:00<?, ?it/s]
[1AEmbedding raw data in mini-batch: 100%|██████████| 1/1 [00:00<00:00, 228.97it/s]

[1AEmbedding raw data in mini-batch:   0%|          | 0/1 [00:00<?, ?it/s]
[1AEmbedding raw data in mini-batch: 100%|██████████| 1/1 [00:00<00:00, 265.53it/s]

[1AEmbedding raw data in mini-batch:   0%|          | 0/1 [00:00<?, ?it/s]
[1AEmbedding raw data in mini-batch: 100%|██████████| 1/1 [00:00<00:00, 497.84it/s]

[1AEmbedding raw data in mini-batch:   0%|          | 0/1 [00:00<?, ?it/s]
[1AEmbedding raw data in mini-batch: 100%|██████████| 1/1 [00:00<00:00, 533.90it/s]

[1AEmbedding raw data in mini-batch:   0%|          | 0/1 [00:00<?, ?it/s]
[1AEmbedding raw data in mini-batch: 100%|██████████| 1/1 [00:00<00:00, 517.11it/s]

[1AEmbedding raw data in mini-batch:   0%|          | 0/1 [00:00<?, ?it/s]
[1AEmbedding raw data in mini-batch: 100%|██████████| 1/1 [00:00<00:00, 448.35it/s]
{"epoch": 1, "train_mae": 8.994080043072575, "val_mae": 4.29306232233245, "train_queries": 7453}
{"epoch": 2, "train_mae": 5.835616201902098, "val_mae": 4.345783484515622, "train_queries": 7453}
{"epoch": 3, "train_mae": 5.52364780316493, "val_mae": 3.765728716063516, "train_queries": 7453}
{"epoch": 4, "train_mae": 5.399601176395106, "val_mae": 3.722466566025932, "train_queries": 7453}
{"epoch": 5, "train_mae": 5.248034295788806, "val_mae": 3.2548597038946867, "train_queries": 7453}
{"epoch": 6, "train_mae": 4.942790089782158, "val_mae": 3.4647159052755168, "train_queries": 7453}
{"epoch": 7, "train_mae": 4.890449745421855, "val_mae": 3.5230059401385376, "train_queries": 7453}
{"epoch": 8, "train_mae": 4.843477195722856, "val_mae": 3.2475715690719817, "train_queries": 7453}
{"epoch": 9, "train_mae": 4.763839735819096, "val_mae": 3.1197961911728322, "train_queries": 7453}
{"epoch": 10, "train_mae": 4.717930453648651, "val_mae": 3.158613565148078, "train_queries": 7453}
/usr/local/lib/python3.11/site-packages/sklearn/metrics/_regression.py:492: FutureWarning: 'squared' is deprecated in version 1.4 and will be removed in 1.6. To calculate the root mean squared error, use the function'root_mean_squared_error'.
  warnings.warn(
/usr/local/lib/python3.11/site-packages/sklearn/metrics/_regression.py:492: FutureWarning: 'squared' is deprecated in version 1.4 and will be removed in 1.6. To calculate the root mean squared error, use the function'root_mean_squared_error'.
  warnings.warn(
{"epoch": 1, "train_mae": 9.060797540290267, "val_mae": 4.321933720983023, "train_queries": 7453}
{"epoch": 2, "train_mae": 5.880951141297025, "val_mae": 4.39004469446604, "train_queries": 7453}
Container terminated due to preemption. Your Function will be restarted with the same input. For more details, see https://modal.com/docs/guide/preemption
Traceback (most recent call last):
  File "/pkg/modal/_runtime/container_io_manager.py", line 987, in handle_input_exception
    yield
  File "/pkg/modal/_container_entrypoint.py", line 189, in run_input_sync
    values = io_context.call_function_sync()
             ^^^^^^^^^^^^^^^^^^^^^^^^^^^^^^^
  File "/pkg/modal/_runtime/container_io_manager.py", line 266, in call_function_sync
    expected_value_or_values = self.finalized_function.callable(*args, **kwargs)
                               ^^^^^^^^^^^^^^^^^^^^^^^^^^^^^^^^^^^^^^^^^^^^^^^^^
  File "/root/l131_notebook_check.py", line 18, in worker
    assert not work.exists(),'Do not overwrite validation evidence'
           ^^^^^^^^^^^^^^^^^
AssertionError: Do not overwrite validation evidence
╭───────────────────── Traceback (most recent call last) ──────────────────────╮
│ /home/avist/Projects/relational/modal/l131_notebook_check.py:52 in main      │
│                                                                              │
│   51 │   │   f.seek(0);json.dump(b,f,indent=2);f.truncate()                  │
│ ❱ 52 │   print(worker.remote(digest))                                        │
│   53                                                                         │
│                                                                              │
│ /home/avist/Projects/relational/.venv/lib/python3.12/site-packages/modal/_ob │
│ ject.py:46 in wrapped                                                        │
│                                                                              │
│    45 │   │   await self.hydrate()                                           │
│ ❱  46 │   │   return await method(self, *args, **kwargs)                     │
│    47                                                                        │
│                                                                              │
│ /home/avist/Projects/relational/.venv/lib/python3.12/site-packages/modal/_fu │
│ nctions.py:1893 in remote                                                    │
│                                                                              │
│   1892 │   │                                                                 │
│ ❱ 1893 │   │   return await self._call_function(args, kwargs)                │
│   1894                                                                       │
│                                                                              │
│ /home/avist/Projects/relational/.venv/lib/python3.12/site-packages/modal/_fu │
│ nctions.py:1830 in _call_function                                            │
│                                                                              │
│   1829 │   │                                                                 │
│ ❱ 1830 │   │   return await invocation.run_function()                        │
│   1831                                                                       │
│                                                                              │
│ /home/avist/Projects/relational/.venv/lib/python3.12/site-packages/modal/_fu │
│ nctions.py:503 in run_function                                               │
│                                                                              │
│    502 │   │   │   # No more retries left.                                   │
│ ❱  503 │   │   │   return await _process_result(                             │
│    504 │   │   │   │   await_response.output.result, await_response.output.d │
│                                                                              │
│ /home/avist/Projects/relational/.venv/lib/python3.12/site-packages/modal/_ut │
│ ils/function_utils.py:572 in _process_result                                 │
│                                                                              │
│   571 │   │   │                                                              │
│ ❱ 572 │   │   │   raise exc_with_hints(exc)                                  │
│   573                                                                        │
│                                                                              │
│     ...Remote call to Modal Function (ta-01M3HC80F123EKCP0JCHSPBERR)...      │
│                                                                              │
│ /root/l131_notebook_check.py:18 in worker                                    │
│                                                                              │
│ ❱ 18 assert not work.exists(),'Do not overwrite validation evidence'         │
│                                                                              │
╰──────────────────────────────────────────────────────────────────────────────╯
AssertionError: Do not overwrite validation evidence
