✓ Initialized. View run at 
https://modal.com/apps/pszar92/main/ap-2BDrrR6lWto3PlIrL76HGs
✓ Created objects.
├── 🔨 Created mount /home/avist/Projects/relational/modal/l169_repro.py
├── 🔨 Created mount /tmp/l169-input
├── 🔨 Created mount /home/avist/Projects/relational/labs/_run_l169.py
├── 🔨 Created mount 
│   /home/avist/Projects/relational/labs/sources/l166/upstream/model_pretrain
├── 🔨 Created function probe.
└── 🔨 Created function remaining.
/source/model_pretrain/src/models.py:504: FutureWarning: You are using `torch.load` with `weights_only=False` (the current default value), which uses the default pickle module implicitly. It is possible to construct malicious pickle data which will execute arbitrary code during unpickling (See https://github.com/pytorch/pytorch/blob/main/SECURITY.md#untrusted-models for more details). In a future release, the default value for `weights_only` will be flipped to `True`. This limits the functions that could be executed during unpickling. Arbitrary objects will no longer be allowed to be loaded via this mode unless they are explicitly allowlisted by the user via `torch.serialization.add_safe_globals`. We recommend you start setting `weights_only=True` for any use case where you don't have full control of the loaded file. Please open an issue on GitHub for any issues related to this experimental feature.
  checkpoint = torch.load(path, map_location=device)
{"database": "rel-f1", "arm": "RDBPFN", "context": 64, "seed": 0, "rows": 702, "auc": 0.6183379690626067, "seconds": 0.7084482429999994, "load_seconds": 0.2771711210000003, "peak_gpu_bytes": 228789760, "sha256": "8ffa148c9b9549014de88b063bb76952c74245365638db94f7732f63ffa2f342", "filename": "rel-f1-RDBPFN-64-0.npz"}
{"database": "rel-f1", "arm": "RDBPFN", "context": 64, "seed": 1, "rows": 702, "auc": 0.7133069828722003, "seconds": 0.08830026399999902, "load_seconds": 0.2771711210000003, "peak_gpu_bytes": 228789760, "sha256": "3af203bd62160dea310cf02ededaf82fc4d32e635e0dfc81cc3a56adb60f01fb", "filename": "rel-f1-RDBPFN-64-1.npz"}
{"database": "rel-f1", "arm": "RDBPFN", "context": 64, "seed": 2, "rows": 702, "auc": 0.7114917288830331, "seconds": 0.08634808899999946, "load_seconds": 0.2771711210000003, "peak_gpu_bytes": 228789760, "sha256": "bc0254baf2c8209349fcc68b8907d8a65db1eb69466cde67a7f0b488f075f09c", "filename": "rel-f1-RDBPFN-64-2.npz"}
{"database": "rel-f1", "arm": "RDBPFN", "context": 64, "seed": 3, "rows": 702, "auc": 0.7136778412140731, "seconds": 0.08779315499999996, "load_seconds": 0.2771711210000003, "peak_gpu_bytes": 228789760, "sha256": "c6df16d1f8cb0f301cd7676ab9b145277e83f5bc1663629568062df84eb36004", "filename": "rel-f1-RDBPFN-64-3.npz"}
/source/model_pretrain/src/eval_utils.py:250: RuntimeWarning: All-NaN slice encountered
  median_val = np.nanmedian(train_col)
{"database": "rel-f1", "arm": "RDBPFN", "context": 64, "seed": 4, "rows": 702, "auc": 0.6964329283169863, "seconds": 0.08821207799999975, "load_seconds": 0.2771711210000003, "peak_gpu_bytes": 228789760, "sha256": "ee35ba219edaaa14005a10ca46026dfbca44e681a3281858895879331f46eef9", "filename": "rel-f1-RDBPFN-64-4.npz"}
/source/model_pretrain/src/eval_utils.py:250: RuntimeWarning: All-NaN slice encountered
  median_val = np.nanmedian(train_col)
{"database": "rel-f1", "arm": "RDBPFN", "context": 64, "seed": 5, "rows": 702, "auc": 0.6782803884253158, "seconds": 0.08691528099999957, "load_seconds": 0.2771711210000003, "peak_gpu_bytes": 228789760, "sha256": "6e5c2f0b6709d36eb31f45f49e95ea12e66204b89cd067b285865a6c8f968689", "filename": "rel-f1-RDBPFN-64-5.npz"}
/source/model_pretrain/src/eval_utils.py:250: RuntimeWarning: All-NaN slice encountered
  median_val = np.nanmedian(train_col)
{"database": "rel-f1", "arm": "RDBPFN", "context": 64, "seed": 6, "rows": 702, "auc": 0.711511247743132, "seconds": 0.08705206199999971, "load_seconds": 0.2771711210000003, "peak_gpu_bytes": 228789760, "sha256": "0154c90e79fc8ba98fd0d0d36c3ffc96f3afbabeb7e507267d9915afc22131fb", "filename": "rel-f1-RDBPFN-64-6.npz"}
/source/model_pretrain/src/eval_utils.py:250: RuntimeWarning: All-NaN slice encountered
  median_val = np.nanmedian(train_col)
{"database": "rel-f1", "arm": "RDBPFN", "context": 64, "seed": 7, "rows": 702, "auc": 0.6583418728346264, "seconds": 0.08810240100000044, "load_seconds": 0.2771711210000003, "peak_gpu_bytes": 228789760, "sha256": "997768c55927f43383cc465873de8b9d46824434f3eb8792644d42e13e8820d6", "filename": "rel-f1-RDBPFN-64-7.npz"}
{"database": "rel-f1", "arm": "RDBPFN", "context": 64, "seed": 8, "rows": 702, "auc": 0.7785682916117698, "seconds": 0.0909999139999993, "load_seconds": 0.2771711210000003, "peak_gpu_bytes": 228789760, "sha256": "11f81f7ae3c99947d01ed0380a4e9cf9e6fed075d40e354fd470c06f400566a7", "filename": "rel-f1-RDBPFN-64-8.npz"}
{"database": "rel-f1", "arm": "RDBPFN", "context": 64, "seed": 9, "rows": 702, "auc": 0.6518420924218027, "seconds": 0.08931145299999876, "load_seconds": 0.2771711210000003, "peak_gpu_bytes": 228789760, "sha256": "88e13570755b84b947a03ec327c09eda041be288dbb80e0a93a131187565f0e8", "filename": "rel-f1-RDBPFN-64-9.npz"}
{"database": "rel-f1", "arm": "RDBPFN", "context": 128, "seed": 0, "rows": 702, "auc": 0.7228224271702532, "seconds": 0.10232116399999924, "load_seconds": 0.2771711210000003, "peak_gpu_bytes": 342929920, "sha256": "aff8ca1691fe44e09340826199d5aed531afc02d3c7f51020be524209940d7d0", "filename": "rel-f1-RDBPFN-128-0.npz"}
{"database": "rel-f1", "arm": "RDBPFN", "context": 128, "seed": 1, "rows": 702, "auc": 0.6773337237105355, "seconds": 0.10123956899999875, "load_seconds": 0.2771711210000003, "peak_gpu_bytes": 342929920, "sha256": "5be56a91f7fbd179ce421eac7cd126bfe14f82424937fba5fcf924a2687ddc3e", "filename": "rel-f1-RDBPFN-128-1.npz"}
{"database": "rel-f1", "arm": "RDBPFN", "context": 128, "seed": 2, "rows": 702, "auc": 0.6663250866149417, "seconds": 0.10089011900000067, "load_seconds": 0.2771711210000003, "peak_gpu_bytes": 342929920, "sha256": "3b98db07ec2952257f21a3444e9bdc2b9ac89661bfb64da532168583d2295ad5", "filename": "rel-f1-RDBPFN-128-2.npz"}
{"database": "rel-f1", "arm": "RDBPFN", "context": 128, "seed": 3, "rows": 702, "auc": 0.7124969501781095, "seconds": 0.10037424600000122, "load_seconds": 0.2771711210000003, "peak_gpu_bytes": 342929920, "sha256": "2253ae1a31660ca0f85fe8f5050def63b4634f40727b2cf151a14ac9d4657d0c", "filename": "rel-f1-RDBPFN-128-3.npz"}
{"database": "rel-f1", "arm": "RDBPFN", "context": 128, "seed": 4, "rows": 702, "auc": 0.6872883423608062, "seconds": 0.10014657299999996, "load_seconds": 0.2771711210000003, "peak_gpu_bytes": 342929920, "sha256": "a3b71b0789638d6426a70870b5418066168aff61ff281ebb80b77546718aca7d", "filename": "rel-f1-RDBPFN-128-4.npz"}
{"database": "rel-f1", "arm": "RDBPFN", "context": 128, "seed": 5, "rows": 702, "auc": 0.697555262772654, "seconds": 0.10069334699999999, "load_seconds": 0.2771711210000003, "peak_gpu_bytes": 342929920, "sha256": "483a5eb5f8cfeadbd32b6a3f8a672845a19e3de5d423945935c3598c4d6ae335", "filename": "rel-f1-RDBPFN-128-5.npz"}
{"database": "rel-f1", "arm": "RDBPFN", "context": 128, "seed": 6, "rows": 702, "auc": 0.7874884106768165, "seconds": 0.10074234300000029, "load_seconds": 0.2771711210000003, "peak_gpu_bytes": 342929920, "sha256": "908e5ce222609ac62f477d20a308449be8306b5812e4d715cf1b562945477de5", "filename": "rel-f1-RDBPFN-128-6.npz"}
/source/model_pretrain/src/eval_utils.py:250: RuntimeWarning: All-NaN slice encountered
  median_val = np.nanmedian(train_col)
{"database": "rel-f1", "arm": "RDBPFN", "context": 128, "seed": 7, "rows": 702, "auc": 0.6623432391548333, "seconds": 0.10214148500000064, "load_seconds": 0.2771711210000003, "peak_gpu_bytes": 342929920, "sha256": "ce1aabe5e7e4a1aae72cfdf3605fc213714b48218272c44f0d110409dbdeb400", "filename": "rel-f1-RDBPFN-128-7.npz"}
{"database": "rel-f1", "arm": "RDBPFN", "context": 128, "seed": 8, "rows": 702, "auc": 0.7217000927145856, "seconds": 0.10114880899999967, "load_seconds": 0.2771711210000003, "peak_gpu_bytes": 342929920, "sha256": "c4e845f60968c5e86e3ecf5b87dcb5509b6a176ef7061ccbd04842ab3fc089fe", "filename": "rel-f1-RDBPFN-128-8.npz"}
{"database": "rel-f1", "arm": "RDBPFN", "context": 128, "seed": 9, "rows": 702, "auc": 0.6651441955789781, "seconds": 0.10073044299999978, "load_seconds": 0.2771711210000003, "peak_gpu_bytes": 342929920, "sha256": "4428cd8a1993690c2198e2e71018b0cb2d09d9387442fb494085179841d2b46c", "filename": "rel-f1-RDBPFN-128-9.npz"}
{"database": "rel-f1", "arm": "RDBPFN", "context": 256, "seed": 0, "rows": 702, "auc": 0.7373639779436881, "seconds": 0.13599931399999932, "load_seconds": 0.2771711210000003, "peak_gpu_bytes": 572839936, "sha256": "e29a747bfa5580660abdb801f3ae8a0be3be6d89a12250b621d65b6bc5c19559", "filename": "rel-f1-RDBPFN-256-0.npz"}
{"database": "rel-f1", "arm": "RDBPFN", "context": 256, "seed": 1, "rows": 702, "auc": 0.7268725906407066, "seconds": 0.13556275799999895, "load_seconds": 0.2771711210000003, "peak_gpu_bytes": 572839936, "sha256": "d3d377492cc8f85188bb58c1056d13dcc0336eb0293ab38090f561e1f69be9f7", "filename": "rel-f1-RDBPFN-256-1.npz"}
{"database": "rel-f1", "arm": "RDBPFN", "context": 256, "seed": 2, "rows": 702, "auc": 0.690635826867711, "seconds": 0.13679986300000024, "load_seconds": 0.2771711210000003, "peak_gpu_bytes": 572839936, "sha256": "8a4aff2a78199cd9aee7af7b01c317749f64b202325f703ee98477a646f65e6f", "filename": "rel-f1-RDBPFN-256-2.npz"}
{"database": "rel-f1", "arm": "RDBPFN", "context": 256, "seed": 3, "rows": 702, "auc": 0.7184404430781243, "seconds": 0.1367303609999997, "load_seconds": 0.2771711210000003, "peak_gpu_bytes": 572839936, "sha256": "e65976adc60c46f2e78f57dce687c3481a916559297c1be90de7b1c67473ffa0", "filename": "rel-f1-RDBPFN-256-3.npz"}
{"database": "rel-f1", "arm": "RDBPFN", "context": 256, "seed": 4, "rows": 702, "auc": 0.6949299760893963, "seconds": 0.1359335890000004, "load_seconds": 0.2771711210000003, "peak_gpu_bytes": 572839936, "sha256": "c6941389d9d96e4ba7a18fd6cf37317e7036afbbe20a5935b50b089fc3610727", "filename": "rel-f1-RDBPFN-256-4.npz"}
{"database": "rel-f1", "arm": "RDBPFN", "context": 256, "seed": 5, "rows": 702, "auc": 0.7128287707997852, "seconds": 0.13480058999999933, "load_seconds": 0.2771711210000003, "peak_gpu_bytes": 572839936, "sha256": "8a4d0e74af8123c3ede5e6543556cace19f30be2763151c06bc7973978906c8e", "filename": "rel-f1-RDBPFN-256-5.npz"}
{"database": "rel-f1", "arm": "RDBPFN", "context": 256, "seed": 6, "rows": 702, "auc": 0.7085834187283462, "seconds": 0.1328899519999993, "load_seconds": 0.2771711210000003, "peak_gpu_bytes": 572839936, "sha256": "42a660326cce524a105bac54510b0b921c5cc1d0690e8e5802ccb70529843354", "filename": "rel-f1-RDBPFN-256-6.npz"}
{"database": "rel-f1", "arm": "RDBPFN", "context": 256, "seed": 7, "rows": 702, "auc": 0.7154833357731909, "seconds": 0.13447588500000052, "load_seconds": 0.2771711210000003, "peak_gpu_bytes": 572839936, "sha256": "907ffc8b7e60341332add0e29ce15fb57dcab6b3b5ee98b782429c93182ab0e8", "filename": "rel-f1-RDBPFN-256-7.npz"}
{"database": "rel-f1", "arm": "RDBPFN", "context": 256, "seed": 8, "rows": 702, "auc": 0.7199629141658127, "seconds": 0.13383331899999895, "load_seconds": 0.2771711210000003, "peak_gpu_bytes": 572839936, "sha256": "81b380b6a7ccd78080c9d38141d2db54c17e3a43d4adbb583235b1a9a848af9b", "filename": "rel-f1-RDBPFN-256-8.npz"}
{"database": "rel-f1", "arm": "RDBPFN", "context": 256, "seed": 9, "rows": 702, "auc": 0.7460596301176011, "seconds": 0.13448884700000008, "load_seconds": 0.2771711210000003, "peak_gpu_bytes": 572839936, "sha256": "fc119163c190aa2c06e9511baeef42237f75941962a253e83d097ea307bdee20", "filename": "rel-f1-RDBPFN-256-9.npz"}
{"database": "rel-f1", "arm": "RDBPFN", "context": 1024, "seed": 1, "rows": 702, "auc": 0.719699409554482, "seconds": 0.44657097900000053, "load_seconds": 0.2771711210000003, "peak_gpu_bytes": 2721249280, "sha256": "c075df197bc3da8eda38b0b27fd77b3bc4fd45ea57876ee91d2e91a50abd6cbe", "filename": "rel-f1-RDBPFN-1024-1.npz"}
{"database": "rel-f1", "arm": "RDBPFN", "context": 1024, "seed": 2, "rows": 702, "auc": 0.7171912360318158, "seconds": 0.4485849050000006, "load_seconds": 0.2771711210000003, "peak_gpu_bytes": 2721249280, "sha256": "0695e76c51853543764a096199eee1d7d380365fe9b4b575589c9809684ad9c1", "filename": "rel-f1-RDBPFN-1024-2.npz"}
{"database": "rel-f1", "arm": "RDBPFN", "context": 1024, "seed": 3, "rows": 702, "auc": 0.7428487776313863, "seconds": 0.4477484390000015, "load_seconds": 0.2771711210000003, "peak_gpu_bytes": 2721249280, "sha256": "a7f0fe8446236c4b86d6a68d59b32144445c9f7184aff6bd8b592f294f833d04", "filename": "rel-f1-RDBPFN-1024-3.npz"}
{"database": "rel-f1", "arm": "RDBPFN", "context": 1024, "seed": 4, "rows": 702, "auc": 0.709432489142634, "seconds": 0.4504497690000022, "load_seconds": 0.2771711210000003, "peak_gpu_bytes": 2721249280, "sha256": "44709a055c9f3618fdaf6349631c748bcf40e33a2247c7a4644797863d1fc05b", "filename": "rel-f1-RDBPFN-1024-4.npz"}
{"database": "rel-f1", "arm": "RDBPFN", "context": 1024, "seed": 5, "rows": 702, "auc": 0.7097252720441125, "seconds": 0.44966576699999905, "load_seconds": 0.2771711210000003, "peak_gpu_bytes": 2721249280, "sha256": "5f5ec1c8616df028e7c2ad643562c0e36712c8b1ea0fe3d1d9d52ab2ff643957", "filename": "rel-f1-RDBPFN-1024-5.npz"}
{"database": "rel-f1", "arm": "RDBPFN", "context": 1024, "seed": 6, "rows": 702, "auc": 0.7206948714195092, "seconds": 0.451240502000001, "load_seconds": 0.2771711210000003, "peak_gpu_bytes": 2721249280, "sha256": "45bb6de0420888627d0894ec51357160e188bfd1f1be49fb0fc6f3eeff3a7833", "filename": "rel-f1-RDBPFN-1024-6.npz"}
{"database": "rel-f1", "arm": "RDBPFN", "context": 1024, "seed": 7, "rows": 702, "auc": 0.7300541648367734, "seconds": 0.4469632369999985, "load_seconds": 0.2771711210000003, "peak_gpu_bytes": 2721249280, "sha256": "c46d9c4ac2068862770f515cf2a5d684292f819cfa0972a356b5e74260f9cbad", "filename": "rel-f1-RDBPFN-1024-7.npz"}
{"database": "rel-f1", "arm": "RDBPFN", "context": 1024, "seed": 8, "rows": 702, "auc": 0.7001122334455668, "seconds": 0.44798953899999816, "load_seconds": 0.2771711210000003, "peak_gpu_bytes": 2721249280, "sha256": "cf689497221bd5c17bdc9856b394e8176fd3b7869a288eb83d8db5b8aa2adaf4", "filename": "rel-f1-RDBPFN-1024-8.npz"}
{"database": "rel-f1", "arm": "RDBPFN", "context": 1024, "seed": 9, "rows": 702, "auc": 0.7246572000195189, "seconds": 0.4473273000000013, "load_seconds": 0.2771711210000003, "peak_gpu_bytes": 2721249280, "sha256": "12180deec007e5d0b9d1a80216ceb1c56f9b3f688522b50e2002380b5ec9ecd4", "filename": "rel-f1-RDBPFN-1024-9.npz"}
/source/model_pretrain/src/models.py:504: FutureWarning: You are using `torch.load` with `weights_only=False` (the current default value), which uses the default pickle module implicitly. It is possible to construct malicious pickle data which will execute arbitrary code during unpickling (See https://github.com/pytorch/pytorch/blob/main/SECURITY.md#untrusted-models for more details). In a future release, the default value for `weights_only` will be flipped to `True`. This limits the functions that could be executed during unpickling. Arbitrary objects will no longer be allowed to be loaded via this mode unless they are explicitly allowlisted by the user via `torch.serialization.add_safe_globals`. We recommend you start setting `weights_only=True` for any use case where you don't have full control of the loaded file. Please open an issue on GitHub for any issues related to this experimental feature.
  checkpoint = torch.load(path, map_location=device)
{"database": "rel-f1", "arm": "RDBPFN_single", "context": 64, "seed": 0, "rows": 702, "auc": 0.5698140828575611, "seconds": 0.08569517600000154, "load_seconds": 0.05888903099999965, "peak_gpu_bytes": 228789760, "sha256": "e41cf70857248a509ab0c0e755c7ea5c1d06e8693cfdb021e2290b903cf951ec", "filename": "rel-f1-RDBPFN_single-64-0.npz"}
{"database": "rel-f1", "arm": "RDBPFN_single", "context": 64, "seed": 1, "rows": 702, "auc": 0.6613087395696092, "seconds": 0.08451205600000122, "load_seconds": 0.05888903099999965, "peak_gpu_bytes": 228789760, "sha256": "5a03e16e818ed7e1228ccb0ea7f6ccf4a0df566349e99cc20296cbf412f6adbc", "filename": "rel-f1-RDBPFN_single-64-1.npz"}
{"database": "rel-f1", "arm": "RDBPFN_single", "context": 64, "seed": 2, "rows": 702, "auc": 0.5163812033377251, "seconds": 0.08584900199999979, "load_seconds": 0.05888903099999965, "peak_gpu_bytes": 228789760, "sha256": "e5e03275310b589e040d37b0c051905e54358ad5f9a583673dd06f6401901f29", "filename": "rel-f1-RDBPFN_single-64-2.npz"}
{"database": "rel-f1", "arm": "RDBPFN_single", "context": 64, "seed": 3, "rows": 702, "auc": 0.5234372712633582, "seconds": 0.0846438340000013, "load_seconds": 0.05888903099999965, "peak_gpu_bytes": 228789760, "sha256": "81c90db150c4740a34963da515c816179511dd450a7b170885f30e7035febf1d", "filename": "rel-f1-RDBPFN_single-64-3.npz"}
/source/model_pretrain/src/eval_utils.py:250: RuntimeWarning: All-NaN slice encountered
  median_val = np.nanmedian(train_col)
{"database": "rel-f1", "arm": "RDBPFN_single", "context": 64, "seed": 4, "rows": 702, "auc": 0.7032059727711901, "seconds": 0.0836060329999988, "load_seconds": 0.05888903099999965, "peak_gpu_bytes": 228789760, "sha256": "1d9018b5fe2351bbfc60ef2f90c0dd8b425f8b806f952ab9aba0eac629814250", "filename": "rel-f1-RDBPFN_single-64-4.npz"}
/source/model_pretrain/src/eval_utils.py:250: RuntimeWarning: All-NaN slice encountered
  median_val = np.nanmedian(train_col)
{"database": "rel-f1", "arm": "RDBPFN_single", "context": 64, "seed": 5, "rows": 702, "auc": 0.6456838920607036, "seconds": 0.08377821800000262, "load_seconds": 0.05888903099999965, "peak_gpu_bytes": 228789760, "sha256": "b3ea2caed077cae5c56b90f0ec5b631e556062819dc9472b4e10279a554eebc4", "filename": "rel-f1-RDBPFN_single-64-5.npz"}
/source/model_pretrain/src/eval_utils.py:250: RuntimeWarning: All-NaN slice encountered
  median_val = np.nanmedian(train_col)
{"database": "rel-f1", "arm": "RDBPFN_single", "context": 64, "seed": 6, "rows": 702, "auc": 0.6849558385790271, "seconds": 0.08317425999999983, "load_seconds": 0.05888903099999965, "peak_gpu_bytes": 228789760, "sha256": "4de8527695517918b48ac9d7fc371fd5fa1461c78e14d2870b7176d2b099a284", "filename": "rel-f1-RDBPFN_single-64-6.npz"}
/source/model_pretrain/src/eval_utils.py:250: RuntimeWarning: All-NaN slice encountered
  median_val = np.nanmedian(train_col)
{"database": "rel-f1", "arm": "RDBPFN_single", "context": 64, "seed": 7, "rows": 702, "auc": 0.7103986727175133, "seconds": 0.08513918799999942, "load_seconds": 0.05888903099999965, "peak_gpu_bytes": 228789760, "sha256": "b9cec595ba1e520104edf58a631eaed37a00fcd4188665b9abdbf2785dbd8f65", "filename": "rel-f1-RDBPFN_single-64-7.npz"}
{"database": "rel-f1", "arm": "RDBPFN_single", "context": 64, "seed": 8, "rows": 702, "auc": 0.5233787146830625, "seconds": 0.08429006300000097, "load_seconds": 0.05888903099999965, "peak_gpu_bytes": 228789760, "sha256": "6d77ab20238b798b37776d751d8dcab019f0d0e630d913991eb78c5ac5589b2c", "filename": "rel-f1-RDBPFN_single-64-8.npz"}
{"database": "rel-f1", "arm": "RDBPFN_single", "context": 64, "seed": 9, "rows": 702, "auc": 0.5249207046308496, "seconds": 0.08373211800000036, "load_seconds": 0.05888903099999965, "peak_gpu_bytes": 228789760, "sha256": "61a0d02fb207407c21a9d0f002146e0b19bc467b444766ba3002aac98050531e", "filename": "rel-f1-RDBPFN_single-64-9.npz"}
{"database": "rel-f1", "arm": "RDBPFN_single", "context": 128, "seed": 0, "rows": 702, "auc": 0.6713609525203729, "seconds": 0.10026430399999953, "load_seconds": 0.05888903099999965, "peak_gpu_bytes": 342929920, "sha256": "b5db5dfb388e7a5bd5f364bafb0859d92f1a0e5cc134aa38eddd18aff44f6edf", "filename": "rel-f1-RDBPFN_single-128-0.npz"}
{"database": "rel-f1", "arm": "RDBPFN_single", "context": 128, "seed": 1, "rows": 702, "auc": 0.49964378080320115, "seconds": 0.09918317300000012, "load_seconds": 0.05888903099999965, "peak_gpu_bytes": 342929920, "sha256": "dcadd1498ff46a32f79e7a685c2d01d5f1780989884fc6de5bd6ba87b3d1fab7", "filename": "rel-f1-RDBPFN_single-128-1.npz"}
{"database": "rel-f1", "arm": "RDBPFN_single", "context": 128, "seed": 2, "rows": 702, "auc": 0.6663153271848925, "seconds": 0.09712774899999843, "load_seconds": 0.05888903099999965, "peak_gpu_bytes": 342929920, "sha256": "f56b55e7544ec754377e9c086a6ffa29a07889a6211a9aa94b3c4b24e6ab871b", "filename": "rel-f1-RDBPFN_single-128-2.npz"}
{"database": "rel-f1", "arm": "RDBPFN_single", "context": 128, "seed": 3, "rows": 702, "auc": 0.6596984336114771, "seconds": 0.09704517300000148, "load_seconds": 0.05888903099999965, "peak_gpu_bytes": 342929920, "sha256": "2e8c428a4a58ba90bbf1965b6e5d255b5d4750568dd168250d550f89607dd451", "filename": "rel-f1-RDBPFN_single-128-3.npz"}
{"database": "rel-f1", "arm": "RDBPFN_single", "context": 128, "seed": 4, "rows": 702, "auc": 0.5968281852339823, "seconds": 0.09854959199999769, "load_seconds": 0.05888903099999965, "peak_gpu_bytes": 342929920, "sha256": "bc5cf27355e2e25de10432ae63448740b0e34c4092f66002153aa1d9194930c1", "filename": "rel-f1-RDBPFN_single-128-4.npz"}
{"database": "rel-f1", "arm": "RDBPFN_single", "context": 128, "seed": 5, "rows": 702, "auc": 0.5886985800029279, "seconds": 0.09813168999999888, "load_seconds": 0.05888903099999965, "peak_gpu_bytes": 342929920, "sha256": "a317dd6a8f674a35d741161249a37b6cbed335485110060a98fd49de3bc6a72d", "filename": "rel-f1-RDBPFN_single-128-5.npz"}
{"database": "rel-f1", "arm": "RDBPFN_single", "context": 128, "seed": 6, "rows": 702, "auc": 0.6326160152247109, "seconds": 0.09975689599999882, "load_seconds": 0.05888903099999965, "peak_gpu_bytes": 342929920, "sha256": "8546df54415c7e608d41655b71d2d7d444e22f53c58edd13f8324742be380543", "filename": "rel-f1-RDBPFN_single-128-6.npz"}
/source/model_pretrain/src/eval_utils.py:250: RuntimeWarning: All-NaN slice encountered
  median_val = np.nanmedian(train_col)
{"database": "rel-f1", "arm": "RDBPFN_single", "context": 128, "seed": 7, "rows": 702, "auc": 0.6243107402527692, "seconds": 0.0986838650000017, "load_seconds": 0.05888903099999965, "peak_gpu_bytes": 342929920, "sha256": "50153dd6060ab93e9c647270e33040083cd0f671a09dcb3eb229574aa060f327", "filename": "rel-f1-RDBPFN_single-128-7.npz"}
{"database": "rel-f1", "arm": "RDBPFN_single", "context": 128, "seed": 8, "rows": 702, "auc": 0.7053140096618358, "seconds": 0.10007138499999968, "load_seconds": 0.05888903099999965, "peak_gpu_bytes": 342929920, "sha256": "e3631f44aabc4b40ea5c3bbc16d2926f1618a4cfdc32bf8e5269b727231c5881", "filename": "rel-f1-RDBPFN_single-128-8.npz"}
{"database": "rel-f1", "arm": "RDBPFN_single", "context": 128, "seed": 9, "rows": 702, "auc": 0.5974625481871859, "seconds": 0.09812282000000039, "load_seconds": 0.05888903099999965, "peak_gpu_bytes": 342929920, "sha256": "058811ce67934850576bce2131732174dda31ba49c4a68d1c1435f046979b3c0", "filename": "rel-f1-RDBPFN_single-128-9.npz"}
{"database": "rel-f1", "arm": "RDBPFN_single", "context": 256, "seed": 0, "rows": 702, "auc": 0.6713609525203728, "seconds": 0.13321431399999994, "load_seconds": 0.05888903099999965, "peak_gpu_bytes": 572839936, "sha256": "6aabcadfcfde811cd4943dd0f2f0ae6fc8dcc3b4633f35766bb1b1efbee3177f", "filename": "rel-f1-RDBPFN_single-256-0.npz"}
{"database": "rel-f1", "arm": "RDBPFN_single", "context": 256, "seed": 1, "rows": 702, "auc": 0.6807007270775387, "seconds": 0.13318080800000232, "load_seconds": 0.05888903099999965, "peak_gpu_bytes": 572839936, "sha256": "f85e98592a570ea3ace3ca5b8e51226887625d703d089b1b3b8490d20081e311", "filename": "rel-f1-RDBPFN_single-256-1.npz"}
{"database": "rel-f1", "arm": "RDBPFN_single", "context": 256, "seed": 2, "rows": 702, "auc": 0.583672473527546, "seconds": 0.13464083099999868, "load_seconds": 0.05888903099999965, "peak_gpu_bytes": 572839936, "sha256": "c4b964ab47e3b98592a949a8bbaeeb08d02806ff15445ebec6edc4607e8e4ee0", "filename": "rel-f1-RDBPFN_single-256-2.npz"}
{"database": "rel-f1", "arm": "RDBPFN_single", "context": 256, "seed": 3, "rows": 702, "auc": 0.502278826916508, "seconds": 0.13172204399999998, "load_seconds": 0.05888903099999965, "peak_gpu_bytes": 572839936, "sha256": "d05579a0079c1bad16c986d1a26e25849832294a4abd0dfddaeed44f30ab7265", "filename": "rel-f1-RDBPFN_single-256-3.npz"}
{"database": "rel-f1", "arm": "RDBPFN_single", "context": 256, "seed": 4, "rows": 702, "auc": 0.6419460303518274, "seconds": 0.13291327499999994, "load_seconds": 0.05888903099999965, "peak_gpu_bytes": 572839936, "sha256": "2256d34dac649c38bd549809b8d271c256e88d6e32160ab3d77386a6aaa62408", "filename": "rel-f1-RDBPFN_single-256-4.npz"}
{"database": "rel-f1", "arm": "RDBPFN_single", "context": 256, "seed": 5, "rows": 702, "auc": 0.6243107402527692, "seconds": 0.13330264500000055, "load_seconds": 0.05888903099999965, "peak_gpu_bytes": 572839936, "sha256": "59f18c2b0645c85a8a1ab0229db8d9b3d83a1ad6e58ec43994a7a6d24b9ccbb0", "filename": "rel-f1-RDBPFN_single-256-5.npz"}
{"database": "rel-f1", "arm": "RDBPFN_single", "context": 256, "seed": 6, "rows": 702, "auc": 0.5011955301810375, "seconds": 0.13272615600000037, "load_seconds": 0.05888903099999965, "peak_gpu_bytes": 572839936, "sha256": "7ebc5687e82d5a05df4fc11910621ae031a91202a9583dee87ba5a00b86a729d", "filename": "rel-f1-RDBPFN_single-256-6.npz"}
{"database": "rel-f1", "arm": "RDBPFN_single", "context": 256, "seed": 7, "rows": 702, "auc": 0.5202264187771434, "seconds": 0.13220744699999898, "load_seconds": 0.05888903099999965, "peak_gpu_bytes": 572839936, "sha256": "ef8165e97ebeca11ec398c97200b97ba9a1cc1c1c2054897bc0a3a2885345224", "filename": "rel-f1-RDBPFN_single-256-7.npz"}
{"database": "rel-f1", "arm": "RDBPFN_single", "context": 256, "seed": 8, "rows": 702, "auc": 0.6876592007026789, "seconds": 0.13327309399999976, "load_seconds": 0.05888903099999965, "peak_gpu_bytes": 572839936, "sha256": "7d5870bf068812638ef1e0013f582c9e4878b2fb1c1c0258942b2e8756fae22d", "filename": "rel-f1-RDBPFN_single-256-8.npz"}
{"database": "rel-f1", "arm": "RDBPFN_single", "context": 256, "seed": 9, "rows": 702, "auc": 0.7127506953593911, "seconds": 0.13531615100000138, "load_seconds": 0.05888903099999965, "peak_gpu_bytes": 572839936, "sha256": "3de4e520b2654173c1de9bf7943e308a955e6f30928fb4526f3406adb9d7b801", "filename": "rel-f1-RDBPFN_single-256-9.npz"}
{"database": "rel-f1", "arm": "RDBPFN_single", "context": 1024, "seed": 1, "rows": 702, "auc": 0.7092080222515005, "seconds": 0.4472098140000007, "load_seconds": 0.05888903099999965, "peak_gpu_bytes": 2721249280, "sha256": "43bfa59c690650413bf8f7a82bdbf915dd5e90dbf3fc874130932d549c8ade78", "filename": "rel-f1-RDBPFN_single-1024-1.npz"}
{"database": "rel-f1", "arm": "RDBPFN_single", "context": 1024, "seed": 2, "rows": 702, "auc": 0.7000731957253697, "seconds": 0.4488027340000009, "load_seconds": 0.05888903099999965, "peak_gpu_bytes": 2721249280, "sha256": "ed6ea934a256ae82fe2eb71df0bcbd5559064d4c51192376a6e0c271034c9503", "filename": "rel-f1-RDBPFN_single-1024-2.npz"}
{"database": "rel-f1", "arm": "RDBPFN_single", "context": 1024, "seed": 3, "rows": 702, "auc": 0.7424974381496121, "seconds": 0.4477223300000013, "load_seconds": 0.05888903099999965, "peak_gpu_bytes": 2721249280, "sha256": "e5fb29b70b525e739f6120ec12b88cddfb7696160fb070c01fb9f621392c0779", "filename": "rel-f1-RDBPFN_single-1024-3.npz"}
{"database": "rel-f1", "arm": "RDBPFN_single", "context": 1024, "seed": 4, "rows": 702, "auc": 0.7102522812667741, "seconds": 0.4476167989999986, "load_seconds": 0.05888903099999965, "peak_gpu_bytes": 2721249280, "sha256": "955acf204b5598eb680f297e65ccca9d9a4a400b1ba2ba344e009bab63963d19", "filename": "rel-f1-RDBPFN_single-1024-4.npz"}
{"database": "rel-f1", "arm": "RDBPFN_single", "context": 1024, "seed": 5, "rows": 702, "auc": 0.6810715854194116, "seconds": 0.4494553030000006, "load_seconds": 0.05888903099999965, "peak_gpu_bytes": 2721249280, "sha256": "081acaedba484d0d75467611b945bfe39f194a6b5517769563b7d32958c457a6", "filename": "rel-f1-RDBPFN_single-1024-5.npz"}
{"database": "rel-f1", "arm": "RDBPFN_single", "context": 1024, "seed": 6, "rows": 702, "auc": 0.7162933684672818, "seconds": 0.44817957500000105, "load_seconds": 0.05888903099999965, "peak_gpu_bytes": 2721249280, "sha256": "a5a6f1036f54ac9d5a1ce844f7b5c590e6ab24fa8c5b6d3b86124dca048e6ba4", "filename": "rel-f1-RDBPFN_single-1024-6.npz"}
{"database": "rel-f1", "arm": "RDBPFN_single", "context": 1024, "seed": 7, "rows": 702, "auc": 0.7090616308007612, "seconds": 0.44874087299999843, "load_seconds": 0.05888903099999965, "peak_gpu_bytes": 2721249280, "sha256": "15f101e6804deafc2390d84aa00885a9cf79ce9df860b741e799a93418e7f598", "filename": "rel-f1-RDBPFN_single-1024-7.npz"}
{"database": "rel-f1", "arm": "RDBPFN_single", "context": 1024, "seed": 8, "rows": 702, "auc": 0.7059190943248914, "seconds": 0.4478177129999992, "load_seconds": 0.05888903099999965, "peak_gpu_bytes": 2721249280, "sha256": "666b7acee4d710cacc17cee56e74755b2b608545d1e510f05f0b3a18bde78a0e", "filename": "rel-f1-RDBPFN_single-1024-8.npz"}
{"database": "rel-f1", "arm": "RDBPFN_single", "context": 1024, "seed": 9, "rows": 702, "auc": 0.7140682184160445, "seconds": 0.4477607790000029, "load_seconds": 0.05888903099999965, "peak_gpu_bytes": 2721249280, "sha256": "734eda4b0ea0731cc9871b8d465b5dd828d07536754b9ebdcdd24004ff253caa", "filename": "rel-f1-RDBPFN_single-1024-9.npz"}
{"database": "rel-f1", "arm": "TabICLv1.1", "context": 64, "seed": 0, "rows": 702, "auc": 0.6730590933489484, "seconds": 6.682998626, "load_seconds": 1.3489999979299228e-06, "peak_gpu_bytes": 2179258368, "sha256": "f149f3bbdaec8f87d608184f7c04189af337fcbe83f8ec204111d0295d1223d0", "filename": "rel-f1-TabICLv1.1-64-0.npz"}
{"database": "rel-f1", "arm": "TabICLv1.1", "context": 64, "seed": 1, "rows": 702, "auc": 0.7014785536524667, "seconds": 2.2018193680000024, "load_seconds": 1.3489999979299228e-06, "peak_gpu_bytes": 2298599936, "sha256": "1dba67a4e86cf243c1d0e662f34eeeac573080f7d9344234c69b52f7cda65db8", "filename": "rel-f1-TabICLv1.1-64-1.npz"}
{"database": "rel-f1", "arm": "TabICLv1.1", "context": 64, "seed": 2, "rows": 702, "auc": 0.7192114380520177, "seconds": 2.0791416100000006, "load_seconds": 1.3489999979299228e-06, "peak_gpu_bytes": 2333063680, "sha256": "d1cbf5990d17b62b45ab826cb62e949a29a235ec6e1ed482d703799f102f3a25", "filename": "rel-f1-TabICLv1.1-64-2.npz"}
{"database": "rel-f1", "arm": "TabICLv1.1", "context": 64, "seed": 3, "rows": 702, "auc": 0.7327233689552531, "seconds": 1.985816247999999, "load_seconds": 1.3489999979299228e-06, "peak_gpu_bytes": 2153912320, "sha256": "f921ecd701307f98c11b0938416a3025fcac0f82eba2df66ce4200b328fd39fc", "filename": "rel-f1-TabICLv1.1-64-3.npz"}
/source/model_pretrain/src/eval_utils.py:250: RuntimeWarning: All-NaN slice encountered
  median_val = np.nanmedian(train_col)
{"database": "rel-f1", "arm": "TabICLv1.1", "context": 64, "seed": 4, "rows": 702, "auc": 0.7180012687259065, "seconds": 1.9890580829999962, "load_seconds": 1.3489999979299228e-06, "peak_gpu_bytes": 2179258368, "sha256": "47c4aa77ef98f9b50e972c91d2e8df7bc938a3c3f44328134f6f74c3ed1e49b8", "filename": "rel-f1-TabICLv1.1-64-4.npz"}
/source/model_pretrain/src/eval_utils.py:250: RuntimeWarning: All-NaN slice encountered
  median_val = np.nanmedian(train_col)
{"database": "rel-f1", "arm": "TabICLv1.1", "context": 64, "seed": 5, "rows": 702, "auc": 0.6896842824379057, "seconds": 1.9546437429999983, "load_seconds": 1.3489999979299228e-06, "peak_gpu_bytes": 2118789632, "sha256": "9849a02af36e9265b73c0c5ebd173851e970da6757ebb91b8157af62f362e544", "filename": "rel-f1-TabICLv1.1-64-5.npz"}
/source/model_pretrain/src/eval_utils.py:250: RuntimeWarning: All-NaN slice encountered
  median_val = np.nanmedian(train_col)
{"database": "rel-f1", "arm": "TabICLv1.1", "context": 64, "seed": 6, "rows": 702, "auc": 0.7203142536475869, "seconds": 1.936689414, "load_seconds": 1.3489999979299228e-06, "peak_gpu_bytes": 2153912320, "sha256": "6d72916dea967a086fd1c95354f1040b38cc4acbe023da4cc148cff84f849199", "filename": "rel-f1-TabICLv1.1-64-6.npz"}
/source/model_pretrain/src/eval_utils.py:250: RuntimeWarning: All-NaN slice encountered
  median_val = np.nanmedian(train_col)
{"database": "rel-f1", "arm": "TabICLv1.1", "context": 64, "seed": 7, "rows": 702, "auc": 0.7277899770653393, "seconds": 2.0591798240000045, "load_seconds": 1.3489999979299228e-06, "peak_gpu_bytes": 2153912320, "sha256": "b16c1f2474b19d0705e34d3fb6954a2c67437d619fd354ae7e63dbff0f9ad230", "filename": "rel-f1-TabICLv1.1-64-7.npz"}
{"database": "rel-f1", "arm": "TabICLv1.1", "context": 64, "seed": 8, "rows": 702, "auc": 0.7316107939296345, "seconds": 1.9774675829999993, "load_seconds": 1.3489999979299228e-06, "peak_gpu_bytes": 2153912320, "sha256": "92accf55e6a10f61a54c7f5108cb950be6bab4b14a068017ec09edd47fa501b4", "filename": "rel-f1-TabICLv1.1-64-8.npz"}
{"database": "rel-f1", "arm": "TabICLv1.1", "context": 64, "seed": 9, "rows": 702, "auc": 0.7277265407700191, "seconds": 1.9127822879999954, "load_seconds": 1.3489999979299228e-06, "peak_gpu_bytes": 2179258368, "sha256": "32504f709ba14447d712c9acd6bcb08be7726d5db7b2a0d22f790e508e2b652e", "filename": "rel-f1-TabICLv1.1-64-9.npz"}
{"database": "rel-f1", "arm": "TabICLv1.1", "context": 128, "seed": 0, "rows": 702, "auc": 0.7047284438588786, "seconds": 2.1538389240000058, "load_seconds": 1.3489999979299228e-06, "peak_gpu_bytes": 2512828928, "sha256": "beca6ba8706d2400570bb52f926119650805cfe9c0319e41a90976c61fd7a28e", "filename": "rel-f1-TabICLv1.1-128-0.npz"}
{"database": "rel-f1", "arm": "TabICLv1.1", "context": 128, "seed": 1, "rows": 702, "auc": 0.7281754745522864, "seconds": 2.0907196289999987, "load_seconds": 1.3489999979299228e-06, "peak_gpu_bytes": 2353311744, "sha256": "f3209f7ec52134371d769e425755f1f0ac59f9f9ed62b33dd37e418448420200", "filename": "rel-f1-TabICLv1.1-128-1.npz"}
{"database": "rel-f1", "arm": "TabICLv1.1", "context": 128, "seed": 2, "rows": 702, "auc": 0.705201776216269, "seconds": 2.2258599230000016, "load_seconds": 1.3489999979299228e-06, "peak_gpu_bytes": 2552701440, "sha256": "39ae96e20e20ab618043520954064d710fb153deaea0481eea7db0fe93516c73", "filename": "rel-f1-TabICLv1.1-128-2.npz"}
{"database": "rel-f1", "arm": "TabICLv1.1", "context": 128, "seed": 3, "rows": 702, "auc": 0.7178939149953643, "seconds": 2.183499732999998, "load_seconds": 1.3489999979299228e-06, "peak_gpu_bytes": 2552701440, "sha256": "0c5f0f59a2c2c8cae0f6ada6b2a95333e45d2b04cc4b11d231d7ecaee3d591f3", "filename": "rel-f1-TabICLv1.1-128-3.npz"}
/usr/local/lib/python3.11/site-packages/sklearn/preprocessing/_data.py:3479: RuntimeWarning: overflow encountered in power
  out[~pos] = -(np.power(-x[~pos] + 1, 2 - lmbda) - 1) / (2 - lmbda)
{"database": "rel-f1", "arm": "TabICLv1.1", "context": 128, "seed": 4, "rows": 702, "auc": 0.7067681647391792, "seconds": 2.1862631730000004, "load_seconds": 1.3489999979299228e-06, "peak_gpu_bytes": 2512828928, "sha256": "80c8cc816bd53d628328beb44d81dd049855be5c1ada9abcbc24b8ddc31f4d37", "filename": "rel-f1-TabICLv1.1-128-4.npz"}
{"database": "rel-f1", "arm": "TabICLv1.1", "context": 128, "seed": 5, "rows": 702, "auc": 0.7172107548919143, "seconds": 2.2344949980000024, "load_seconds": 1.3489999979299228e-06, "peak_gpu_bytes": 2552701440, "sha256": "7ab3d48f062bb2fba7e7f8447538e1a2216e504035f3f2fe133e1e1463fad942", "filename": "rel-f1-TabICLv1.1-128-5.npz"}
{"database": "rel-f1", "arm": "TabICLv1.1", "context": 128, "seed": 6, "rows": 702, "auc": 0.669296833064949, "seconds": 2.202164938000003, "load_seconds": 1.3489999979299228e-06, "peak_gpu_bytes": 2552701440, "sha256": "2303c1f539d42794e8c21b7cdd347bc1c49406f89cd0cb58759c00124f223a52", "filename": "rel-f1-TabICLv1.1-128-6.npz"}
/source/model_pretrain/src/eval_utils.py:250: RuntimeWarning: All-NaN slice encountered
  median_val = np.nanmedian(train_col)
{"database": "rel-f1", "arm": "TabICLv1.1", "context": 128, "seed": 7, "rows": 702, "auc": 0.7180647050212268, "seconds": 2.0906789189999984, "load_seconds": 1.3489999979299228e-06, "peak_gpu_bytes": 2318108672, "sha256": "4275c46b5cf6792fa1dce1685568d0d99a60e9f9e4fe8051b404de218a5704a8", "filename": "rel-f1-TabICLv1.1-128-7.npz"}
{"database": "rel-f1", "arm": "TabICLv1.1", "context": 128, "seed": 8, "rows": 702, "auc": 0.7181135021714731, "seconds": 2.2080108689999918, "load_seconds": 1.3489999979299228e-06, "peak_gpu_bytes": 2552701440, "sha256": "f29deff236f5fd78a09eba46fa93deb5303d1b8c4b73d781fa4a8e55f516ce6a", "filename": "rel-f1-TabICLv1.1-128-8.npz"}
{"database": "rel-f1", "arm": "TabICLv1.1", "context": 128, "seed": 9, "rows": 702, "auc": 0.7013077636266042, "seconds": 2.266748619999987, "load_seconds": 1.3489999979299228e-06, "peak_gpu_bytes": 2512828928, "sha256": "61a141c201dc0f4a11a26641e113d24ead4d84e74b4f7af29a05bb10ad970e4c", "filename": "rel-f1-TabICLv1.1-128-9.npz"}
{"database": "rel-f1", "arm": "TabICLv1.1", "context": 256, "seed": 0, "rows": 702, "auc": 0.7171668374566925, "seconds": 2.4302680349999974, "load_seconds": 1.3489999979299228e-06, "peak_gpu_bytes": 2919213568, "sha256": "004c407a9b27e7296df067bb39186d445a92763e3a9702561c95573b863dac40", "filename": "rel-f1-TabICLv1.1-256-0.npz"}
{"database": "rel-f1", "arm": "TabICLv1.1", "context": 256, "seed": 1, "rows": 702, "auc": 0.716888693700288, "seconds": 2.3800560399999995, "load_seconds": 1.3489999979299228e-06, "peak_gpu_bytes": 2919213568, "sha256": "fdcad9fad97191e02e00a28041cbab1afd1b5d7b2bcbfaeaa20f8a3bcccb8c5c", "filename": "rel-f1-TabICLv1.1-256-1.npz"}
{"database": "rel-f1", "arm": "TabICLv1.1", "context": 256, "seed": 2, "rows": 702, "auc": 0.7099497389352462, "seconds": 2.3918330469999916, "load_seconds": 1.3489999979299228e-06, "peak_gpu_bytes": 2919213568, "sha256": "f5c7ee204cb871f47ca7f08eb063f7695f540a98af2f3a411d6a2f5d749174f6", "filename": "rel-f1-TabICLv1.1-256-2.npz"}
{"database": "rel-f1", "arm": "TabICLv1.1", "context": 256, "seed": 3, "rows": 702, "auc": 0.7048113990142976, "seconds": 2.4314600790000043, "load_seconds": 1.3489999979299228e-06, "peak_gpu_bytes": 2919213568, "sha256": "e4c9fd3c0cbc607828060ea07edd79c917cba2075179d31c352a7a09c8baafe3", "filename": "rel-f1-TabICLv1.1-256-3.npz"}
{"database": "rel-f1", "arm": "TabICLv1.1", "context": 256, "seed": 4, "rows": 702, "auc": 0.6966378763480213, "seconds": 2.445164970999997, "load_seconds": 1.3489999979299228e-06, "peak_gpu_bytes": 2919213568, "sha256": "94e08a5ca34865e28e5ab1eefabdea1aec813774696e1ad591c906a1a54d454b", "filename": "rel-f1-TabICLv1.1-256-4.npz"}
{"database": "rel-f1", "arm": "TabICLv1.1", "context": 256, "seed": 5, "rows": 702, "auc": 0.70245937637242, "seconds": 2.43420064499999, "load_seconds": 1.3489999979299228e-06, "peak_gpu_bytes": 2919213568, "sha256": "22ad71fd88f38d8c7dd463a4a889fa43846073ee85ff9c8a408ab90e9ba31fd6", "filename": "rel-f1-TabICLv1.1-256-5.npz"}
{"database": "rel-f1", "arm": "TabICLv1.1", "context": 256, "seed": 6, "rows": 702, "auc": 0.714702581369248, "seconds": 2.294802965999992, "load_seconds": 1.3489999979299228e-06, "peak_gpu_bytes": 2695331840, "sha256": "237f3dc4eb18c059e3cc86ad37b0124761d0f195c3faa51eb0f0648a2ee29141", "filename": "rel-f1-TabICLv1.1-256-6.npz"}
/usr/local/lib/python3.11/site-packages/sklearn/preprocessing/_data.py:3475: RuntimeWarning: overflow encountered in power
  out[pos] = (np.power(x[pos] + 1, lmbda) - 1) / lmbda
{"database": "rel-f1", "arm": "TabICLv1.1", "context": 256, "seed": 7, "rows": 702, "auc": 0.7248621480505538, "seconds": 2.4136561639999883, "load_seconds": 1.3489999979299228e-06, "peak_gpu_bytes": 2919213568, "sha256": "3c5fd8a81519d7cd857180d6fa1fcfed9ad3e0a3cb20eed818ef1842d2b6295e", "filename": "rel-f1-TabICLv1.1-256-7.npz"}
{"database": "rel-f1", "arm": "TabICLv1.1", "context": 256, "seed": 8, "rows": 702, "auc": 0.7157322012394476, "seconds": 2.4142531450000035, "load_seconds": 1.3489999979299228e-06, "peak_gpu_bytes": 2881935872, "sha256": "3f5273c6b6ec23522dde221d33fff6565a284828dc9269ad36e4707d315784b0", "filename": "rel-f1-TabICLv1.1-256-8.npz"}
{"database": "rel-f1", "arm": "TabICLv1.1", "context": 256, "seed": 9, "rows": 702, "auc": 0.7336407553798857, "seconds": 2.3683491229999873, "load_seconds": 1.3489999979299228e-06, "peak_gpu_bytes": 2919213568, "sha256": "681ebc7c40e5180c9aaeb4a3a0b0216745aadf76209d706209d1ed51c5467987", "filename": "rel-f1-TabICLv1.1-256-9.npz"}
{"database": "rel-f1", "arm": "TabICLv1.1", "context": 1024, "seed": 1, "rows": 702, "auc": 0.7061045234958279, "seconds": 3.694526916000001, "load_seconds": 1.3489999979299228e-06, "peak_gpu_bytes": 5228685312, "sha256": "7ebce9ffe7ab77a74aff2b313277ae2de2b7ee329cce05a241c1680116e4d7ab", "filename": "rel-f1-TabICLv1.1-1024-1.npz"}
{"database": "rel-f1", "arm": "TabICLv1.1", "context": 1024, "seed": 2, "rows": 702, "auc": 0.7119748206704728, "seconds": 3.679070800000005, "load_seconds": 1.3489999979299228e-06, "peak_gpu_bytes": 5164638720, "sha256": "9f4d64a1876d15672e4f17169674b847d573dc401db144d5178127b3147a58cd", "filename": "rel-f1-TabICLv1.1-1024-2.npz"}
{"database": "rel-f1", "arm": "TabICLv1.1", "context": 1024, "seed": 3, "rows": 702, "auc": 0.7389498853266968, "seconds": 3.697701898999995, "load_seconds": 1.3489999979299228e-06, "peak_gpu_bytes": 5164638720, "sha256": "6641f9ae9be9317d4910e03faaaf2691fc6ac68effa33d1b3edd22bac3adf2e7", "filename": "rel-f1-TabICLv1.1-1024-3.npz"}
{"database": "rel-f1", "arm": "TabICLv1.1", "context": 1024, "seed": 4, "rows": 702, "auc": 0.7123603181574196, "seconds": 3.6569643910000025, "load_seconds": 1.3489999979299228e-06, "peak_gpu_bytes": 5164638720, "sha256": "0fe06a33e63850aec24ed4d07491f2f8df247671b6324e822a27de8789cc3008", "filename": "rel-f1-TabICLv1.1-1024-4.npz"}
{"database": "rel-f1", "arm": "TabICLv1.1", "context": 1024, "seed": 5, "rows": 702, "auc": 0.7200458693212316, "seconds": 3.9398135859999996, "load_seconds": 1.3489999979299228e-06, "peak_gpu_bytes": 5228685312, "sha256": "3e797a1c96a6d2f85beed84669a6e42a75c180b9ef4011a4e101efa60249bd96", "filename": "rel-f1-TabICLv1.1-1024-5.npz"}
{"database": "rel-f1", "arm": "TabICLv1.1", "context": 1024, "seed": 6, "rows": 702, "auc": 0.71201385839067, "seconds": 3.8900996519999893, "load_seconds": 1.3489999979299228e-06, "peak_gpu_bytes": 5164638720, "sha256": "db4bc040f446ed4d33af5f2d3425c9dd3f9a26dc616939c9a75e75a04a659039", "filename": "rel-f1-TabICLv1.1-1024-6.npz"}
{"database": "rel-f1", "arm": "TabICLv1.1", "context": 1024, "seed": 7, "rows": 702, "auc": 0.7234665495535061, "seconds": 3.7550127270000075, "load_seconds": 1.3489999979299228e-06, "peak_gpu_bytes": 5164638720, "sha256": "3e93426a49a0703beb5ac826fd0e195b9e8373fff79b895ded7373e633c387d0", "filename": "rel-f1-TabICLv1.1-1024-7.npz"}
{"database": "rel-f1", "arm": "TabICLv1.1", "context": 1024, "seed": 8, "rows": 702, "auc": 0.7115161274581564, "seconds": 3.65704728099999, "load_seconds": 1.3489999979299228e-06, "peak_gpu_bytes": 5164638720, "sha256": "62d24315b62a5ada511bd2747edeea1193f4ebdfcb53a70d78401b4d143e4d16", "filename": "rel-f1-TabICLv1.1-1024-8.npz"}
{"database": "rel-f1", "arm": "TabICLv1.1", "context": 1024, "seed": 9, "rows": 702, "auc": 0.7146781827941249, "seconds": 3.7927227200000146, "load_seconds": 1.3489999979299228e-06, "peak_gpu_bytes": 5164638720, "sha256": "aa40c65427d1e8bac57bc05a660ae0511d66f0cddf7a3f37bd5e454986aa5183", "filename": "rel-f1-TabICLv1.1-1024-9.npz"}
/source/model_pretrain/src/models.py:504: FutureWarning: You are using `torch.load` with `weights_only=False` (the current default value), which uses the default pickle module implicitly. It is possible to construct malicious pickle data which will execute arbitrary code during unpickling (See https://github.com/pytorch/pytorch/blob/main/SECURITY.md#untrusted-models for more details). In a future release, the default value for `weights_only` will be flipped to `True`. This limits the functions that could be executed during unpickling. Arbitrary objects will no longer be allowed to be loaded via this mode unless they are explicitly allowlisted by the user via `torch.serialization.add_safe_globals`. We recommend you start setting `weights_only=True` for any use case where you don't have full control of the loaded file. Please open an issue on GitHub for any issues related to this experimental feature.
  checkpoint = torch.load(path, map_location=device)
{"database": "rel-trial", "arm": "RDBPFN", "context": 64, "seed": 0, "rows": 825, "auc": 0.5882036007894133, "seconds": 0.25746450399998366, "load_seconds": 0.048214772000022776, "peak_gpu_bytes": 932632576, "sha256": "83f9d3be48067abca03f6e03e728d1c08c39411cecae8e8a9b3d4c0d9e1f7c81", "filename": "rel-trial-RDBPFN-64-0.npz"}
{"database": "rel-trial", "arm": "RDBPFN", "context": 64, "seed": 1, "rows": 825, "auc": 0.5442955214122263, "seconds": 0.24946466699998382, "load_seconds": 0.048214772000022776, "peak_gpu_bytes": 932632576, "sha256": "5f7442873f25e24c48587c1221fa65cf1387cf19c437bfa3a8a35bc18177e419", "filename": "rel-trial-RDBPFN-64-1.npz"}
/source/model_pretrain/src/eval_utils.py:250: RuntimeWarning: All-NaN slice encountered
  median_val = np.nanmedian(train_col)
{"database": "rel-trial", "arm": "RDBPFN", "context": 64, "seed": 2, "rows": 825, "auc": 0.5186214328090758, "seconds": 0.25141313200001036, "load_seconds": 0.048214772000022776, "peak_gpu_bytes": 932632576, "sha256": "0aea6d1b5bbce6a4a960038466015d72322362fbf3a74b93291bdd6220d44883", "filename": "rel-trial-RDBPFN-64-2.npz"}
/source/model_pretrain/src/eval_utils.py:250: RuntimeWarning: All-NaN slice encountered
  median_val = np.nanmedian(train_col)
{"database": "rel-trial", "arm": "RDBPFN", "context": 64, "seed": 3, "rows": 825, "auc": 0.5843412880026153, "seconds": 0.25126503499998876, "load_seconds": 0.048214772000022776, "peak_gpu_bytes": 932632576, "sha256": "4fc06417bde6cd189fe6c6d052779b5eb6aab96af3f066c949ea34378ce07bd9", "filename": "rel-trial-RDBPFN-64-3.npz"}
/source/model_pretrain/src/eval_utils.py:250: RuntimeWarning: All-NaN slice encountered
  median_val = np.nanmedian(train_col)
{"database": "rel-trial", "arm": "RDBPFN", "context": 64, "seed": 4, "rows": 825, "auc": 0.5771675565725909, "seconds": 0.24985161099999686, "load_seconds": 0.048214772000022776, "peak_gpu_bytes": 932632576, "sha256": "798d987e3457d4460f383f7d3902624f52a3393d2e6627222a23e5d49b7979dd", "filename": "rel-trial-RDBPFN-64-4.npz"}
{"database": "rel-trial", "arm": "RDBPFN", "context": 64, "seed": 5, "rows": 825, "auc": 0.48389088663688207, "seconds": 0.24990175900001077, "load_seconds": 0.048214772000022776, "peak_gpu_bytes": 932632576, "sha256": "f4176ea0d3db3a6da6f3baa55c9f2faee39293f9211cc73812ea8ef2a41b2fc2", "filename": "rel-trial-RDBPFN-64-5.npz"}
{"database": "rel-trial", "arm": "RDBPFN", "context": 64, "seed": 6, "rows": 825, "auc": 0.5319034300727665, "seconds": 0.24747270700001422, "load_seconds": 0.048214772000022776, "peak_gpu_bytes": 932632576, "sha256": "0b59f46dc2123d0430c6f7db1f3a4b6e0baa12a6c80d35c34bd84662e2a90e3f", "filename": "rel-trial-RDBPFN-64-6.npz"}
{"database": "rel-trial", "arm": "RDBPFN", "context": 64, "seed": 7, "rows": 825, "auc": 0.5647149274151562, "seconds": 0.24921821700002056, "load_seconds": 0.048214772000022776, "peak_gpu_bytes": 932632576, "sha256": "f73b68fb49157e1d94b9e4b87e48823677fde1b82bbbac31a60a93cbfad0d8bd", "filename": "rel-trial-RDBPFN-64-7.npz"}
{"database": "rel-trial", "arm": "RDBPFN", "context": 64, "seed": 8, "rows": 825, "auc": 0.5171322024868935, "seconds": 0.2503934649999735, "load_seconds": 0.048214772000022776, "peak_gpu_bytes": 932632576, "sha256": "3f832bbd434876ec242391a609c29c3afceb377845d6f30756d5b518fd0728b7", "filename": "rel-trial-RDBPFN-64-8.npz"}
{"database": "rel-trial", "arm": "RDBPFN", "context": 64, "seed": 9, "rows": 825, "auc": 0.5633346651653288, "seconds": 0.2507198840000058, "load_seconds": 0.048214772000022776, "peak_gpu_bytes": 932632576, "sha256": "d0ae32d3a0bd230d63d0e166aba9dfc9e3a0bdca6d423cf970efba70de662bdb", "filename": "rel-trial-RDBPFN-64-9.npz"}
{"database": "rel-trial", "arm": "RDBPFN", "context": 128, "seed": 0, "rows": 825, "auc": 0.4566761105662708, "seconds": 0.29226965400002314, "load_seconds": 0.048214772000022776, "peak_gpu_bytes": 998195712, "sha256": "315617ef4191d57acf18c5c60e1e27c4365884589eed9e4c6d3aaac1c31ed393", "filename": "rel-trial-RDBPFN-128-0.npz"}
/source/model_pretrain/src/eval_utils.py:250: RuntimeWarning: All-NaN slice encountered
  median_val = np.nanmedian(train_col)
{"database": "rel-trial", "arm": "RDBPFN", "context": 128, "seed": 1, "rows": 825, "auc": 0.5174772680493505, "seconds": 0.29295473900000957, "load_seconds": 0.048214772000022776, "peak_gpu_bytes": 998195712, "sha256": "37b19e12652a6bfd55b34e958a92637567a3e71caed0ed0a216906d7fe0c9edb", "filename": "rel-trial-RDBPFN-128-1.npz"}
/source/model_pretrain/src/eval_utils.py:250: RuntimeWarning: All-NaN slice encountered
  median_val = np.nanmedian(train_col)
{"database": "rel-trial", "arm": "RDBPFN", "context": 128, "seed": 2, "rows": 825, "auc": 0.6069158403254513, "seconds": 0.2900126749999856, "load_seconds": 0.048214772000022776, "peak_gpu_bytes": 998195712, "sha256": "e52c24493e5f3294e947a0764b0e58c5b5d15a02d42021a68f007d1fcea10e0f", "filename": "rel-trial-RDBPFN-128-2.npz"}
{"database": "rel-trial", "arm": "RDBPFN", "context": 128, "seed": 3, "rows": 825, "auc": 0.6032109258653882, "seconds": 0.2869414329999813, "load_seconds": 0.048214772000022776, "peak_gpu_bytes": 998195712, "sha256": "21f29502b71f834a6be6a59d79829200ad1f1c3a1165ff870706fc334ec87b49", "filename": "rel-trial-RDBPFN-128-3.npz"}
{"database": "rel-trial", "arm": "RDBPFN", "context": 128, "seed": 4, "rows": 825, "auc": 0.5002058285811146, "seconds": 0.2888672050000025, "load_seconds": 0.048214772000022776, "peak_gpu_bytes": 998195712, "sha256": "301b875698a93f9c43484f383e52f7b3ea7cb55ae93040289df9fb440dfbedde", "filename": "rel-trial-RDBPFN-128-4.npz"}
/source/model_pretrain/src/eval_utils.py:250: RuntimeWarning: All-NaN slice encountered
  median_val = np.nanmedian(train_col)
{"database": "rel-trial", "arm": "RDBPFN", "context": 128, "seed": 5, "rows": 825, "auc": 0.48700253048079134, "seconds": 0.2908841080000002, "load_seconds": 0.048214772000022776, "peak_gpu_bytes": 998195712, "sha256": "f504a4289113dbcabda2778154e3c4a7c13ea98b72c9faa7bca4231e5dfbf510", "filename": "rel-trial-RDBPFN-128-5.npz"}
/source/model_pretrain/src/eval_utils.py:250: RuntimeWarning: All-NaN slice encountered
  median_val = np.nanmedian(train_col)
{"database": "rel-trial", "arm": "RDBPFN", "context": 128, "seed": 6, "rows": 825, "auc": 0.5272904483430799, "seconds": 0.28977027699997393, "load_seconds": 0.048214772000022776, "peak_gpu_bytes": 998195712, "sha256": "aa9d8246165613d3b7123d3359f015d6e0beac88f6c9f0a34a847f73ae27cf22", "filename": "rel-trial-RDBPFN-128-6.npz"}
{"database": "rel-trial", "arm": "RDBPFN", "context": 128, "seed": 7, "rows": 825, "auc": 0.588821086532757, "seconds": 0.28951963700001215, "load_seconds": 0.048214772000022776, "peak_gpu_bytes": 998195712, "sha256": "71ccb2aab158ccce35bf6784ed54ba2e7c934a386b0e7ca4e66d5f1fd6733ba8", "filename": "rel-trial-RDBPFN-128-7.npz"}
{"database": "rel-trial", "arm": "RDBPFN", "context": 128, "seed": 8, "rows": 825, "auc": 0.5801641785623479, "seconds": 0.29056088699999805, "load_seconds": 0.048214772000022776, "peak_gpu_bytes": 998195712, "sha256": "56e772c45a8261f74301cd108817a95bfc94833a0510ac73d0088f398fcd9710", "filename": "rel-trial-RDBPFN-128-8.npz"}
{"database": "rel-trial", "arm": "RDBPFN", "context": 128, "seed": 9, "rows": 825, "auc": 0.5179797319385421, "seconds": 0.2894794279999928, "load_seconds": 0.048214772000022776, "peak_gpu_bytes": 998195712, "sha256": "46b258b3656e1e248f45753ae95720273e5d30427fe84b54f666929a398503ad", "filename": "rel-trial-RDBPFN-128-9.npz"}
{"database": "rel-trial", "arm": "RDBPFN", "context": 256, "seed": 0, "rows": 825, "auc": 0.5818471299020498, "seconds": 0.3820043739999903, "load_seconds": 0.048214772000022776, "peak_gpu_bytes": 1593071616, "sha256": "6f20c8bacd4cb3b616ebe5ab59c521b378bd8908813923a0f80fb4844b4466c2", "filename": "rel-trial-RDBPFN-256-0.npz"}
{"database": "rel-trial", "arm": "RDBPFN", "context": 256, "seed": 1, "rows": 825, "auc": 0.546275108060005, "seconds": 0.38262953899999275, "load_seconds": 0.048214772000022776, "peak_gpu_bytes": 1593071616, "sha256": "f31d125c94ff7faf6ed104258da581f3657131855928ecb2fe851fddac4e3888", "filename": "rel-trial-RDBPFN-256-1.npz"}
{"database": "rel-trial", "arm": "RDBPFN", "context": 256, "seed": 2, "rows": 825, "auc": 0.6185996391946047, "seconds": 0.38348273700000846, "load_seconds": 0.048214772000022776, "peak_gpu_bytes": 1593071616, "sha256": "0f85efdc893041a470f627ede48e8fb7e9d9bfd6afbcc2bd2763645ecad3a72b", "filename": "rel-trial-RDBPFN-256-2.npz"}
{"database": "rel-trial", "arm": "RDBPFN", "context": 256, "seed": 3, "rows": 825, "auc": 0.5412686305134817, "seconds": 0.3832390940000039, "load_seconds": 0.048214772000022776, "peak_gpu_bytes": 1593071616, "sha256": "5001bc6b04ba8f62e43ce07e61e56ed3dd0dd0defe90b89536fb3887140f0916", "filename": "rel-trial-RDBPFN-256-3.npz"}
{"database": "rel-trial", "arm": "RDBPFN", "context": 256, "seed": 4, "rows": 825, "auc": 0.5992214836608429, "seconds": 0.3840400119999856, "load_seconds": 0.048214772000022776, "peak_gpu_bytes": 1593071616, "sha256": "fe9c5bc4bd4a695b75ba643743b726ed7b9532f674b121f9f13dfa6b7586bf1a", "filename": "rel-trial-RDBPFN-256-4.npz"}
{"database": "rel-trial", "arm": "RDBPFN", "context": 256, "seed": 5, "rows": 825, "auc": 0.60354388386425, "seconds": 0.3843791230000022, "load_seconds": 0.048214772000022776, "peak_gpu_bytes": 1593071616, "sha256": "f8d33f14c0c95ec81f070aace4e7dc9ee6252f33b7e66abc2102c18434299c26", "filename": "rel-trial-RDBPFN-256-5.npz"}
{"database": "rel-trial", "arm": "RDBPFN", "context": 256, "seed": 6, "rows": 825, "auc": 0.6068310873802865, "seconds": 0.3807542569999782, "load_seconds": 0.048214772000022776, "peak_gpu_bytes": 1593071616, "sha256": "3ef3da3c77748496558106552a1632131c99fa488772a282e7b43f645d612a62", "filename": "rel-trial-RDBPFN-256-6.npz"}
{"database": "rel-trial", "arm": "RDBPFN", "context": 256, "seed": 7, "rows": 825, "auc": 0.5963822599978206, "seconds": 0.3822523819999901, "load_seconds": 0.048214772000022776, "peak_gpu_bytes": 1593071616, "sha256": "4ab7d071988383f50f44c5b78eb71e9c533e962737caa2e4200e9b5554405763", "filename": "rel-trial-RDBPFN-256-7.npz"}
{"database": "rel-trial", "arm": "RDBPFN", "context": 256, "seed": 8, "rows": 825, "auc": 0.5979138667925853, "seconds": 0.38571427399998015, "load_seconds": 0.048214772000022776, "peak_gpu_bytes": 1593071616, "sha256": "2567501d400b115f9fd631c03c8379b1d5f95b193eea9f3d1035648f823f01ce", "filename": "rel-trial-RDBPFN-256-8.npz"}
{"database": "rel-trial", "arm": "RDBPFN", "context": 256, "seed": 9, "rows": 825, "auc": 0.5522380831305316, "seconds": 0.38322862699999405, "load_seconds": 0.048214772000022776, "peak_gpu_bytes": 1593071616, "sha256": "6170fc00051091e1de440f789ca30f47e1c6a683c9b6cf6fe659507c3c4d4d3d", "filename": "rel-trial-RDBPFN-256-9.npz"}
{"database": "rel-trial", "arm": "RDBPFN", "context": 1024, "seed": 1, "rows": 825, "auc": 0.6274502681825336, "seconds": 1.2465605659999994, "load_seconds": 0.048214772000022776, "peak_gpu_bytes": 6607161344, "sha256": "9de0c5c89f256171598e0e847be0cebf355bdefbc82c8d7bfad141c1d3e8b1e6", "filename": "rel-trial-RDBPFN-1024-1.npz"}
{"database": "rel-trial", "arm": "RDBPFN", "context": 1024, "seed": 2, "rows": 825, "auc": 0.6481481481481481, "seconds": 1.2611113610000189, "load_seconds": 0.048214772000022776, "peak_gpu_bytes": 6607161344, "sha256": "a9d339b36f92223f560dc1e33d77d9dc9bc6d37028cb18733028ffc98820f51c", "filename": "rel-trial-RDBPFN-1024-2.npz"}
{"database": "rel-trial", "arm": "RDBPFN", "context": 1024, "seed": 3, "rows": 825, "auc": 0.5613732398629423, "seconds": 1.253112451000021, "load_seconds": 0.048214772000022776, "peak_gpu_bytes": 6607161344, "sha256": "1ee6c2a88825ab0fb4d60d8b3220a993a5b237dc0331f859a5e35d7804c8f251", "filename": "rel-trial-RDBPFN-1024-3.npz"}
{"database": "rel-trial", "arm": "RDBPFN", "context": 1024, "seed": 4, "rows": 825, "auc": 0.601340307289964, "seconds": 1.2554578859999879, "load_seconds": 0.048214772000022776, "peak_gpu_bytes": 6607161344, "sha256": "5c8f76bacb787f05157fc10e9b8a40c6ca991866159a6db54474b555d997f5f8", "filename": "rel-trial-RDBPFN-1024-4.npz"}
{"database": "rel-trial", "arm": "RDBPFN", "context": 1024, "seed": 5, "rows": 825, "auc": 0.6295811993752497, "seconds": 1.262393768999999, "load_seconds": 0.048214772000022776, "peak_gpu_bytes": 6607161344, "sha256": "6f686f4eaf738ad6786ff56a3d2fbaaa6323fb38f84994208f81bd125867a62e", "filename": "rel-trial-RDBPFN-1024-5.npz"}
{"database": "rel-trial", "arm": "RDBPFN", "context": 1024, "seed": 6, "rows": 825, "auc": 0.6385044737447485, "seconds": 1.2584082739999758, "load_seconds": 0.048214772000022776, "peak_gpu_bytes": 6607161344, "sha256": "2433c2fe98cfc6427e597cfff5c1fb2a8feeb852dbbacdde2d9281e7e4d6536d", "filename": "rel-trial-RDBPFN-1024-6.npz"}
{"database": "rel-trial", "arm": "RDBPFN", "context": 1024, "seed": 7, "rows": 825, "auc": 0.6081326504667466, "seconds": 1.2548650539999926, "load_seconds": 0.048214772000022776, "peak_gpu_bytes": 6607161344, "sha256": "98d9f8b7752c56bf91e57f1f6b2ff7f66caaa37ae2f67b12172a9d818712f31d", "filename": "rel-trial-RDBPFN-1024-7.npz"}
{"database": "rel-trial", "arm": "RDBPFN", "context": 1024, "seed": 8, "rows": 825, "auc": 0.6033743779739204, "seconds": 1.2602164170000094, "load_seconds": 0.048214772000022776, "peak_gpu_bytes": 6607161344, "sha256": "8946878c4a55965d7389eadcad4af6542a0951ea05b65aa6b837bab6484dba8f", "filename": "rel-trial-RDBPFN-1024-8.npz"}
{"database": "rel-trial", "arm": "RDBPFN", "context": 1024, "seed": 9, "rows": 825, "auc": 0.6088227815916603, "seconds": 1.2481878060000042, "load_seconds": 0.048214772000022776, "peak_gpu_bytes": 6607161344, "sha256": "174696c4e11b3ab9bae4d14fe704d94f82e0e485b6ae5c4337ce8fc0074f3d17", "filename": "rel-trial-RDBPFN-1024-9.npz"}
/source/model_pretrain/src/models.py:504: FutureWarning: You are using `torch.load` with `weights_only=False` (the current default value), which uses the default pickle module implicitly. It is possible to construct malicious pickle data which will execute arbitrary code during unpickling (See https://github.com/pytorch/pytorch/blob/main/SECURITY.md#untrusted-models for more details). In a future release, the default value for `weights_only` will be flipped to `True`. This limits the functions that could be executed during unpickling. Arbitrary objects will no longer be allowed to be loaded via this mode unless they are explicitly allowlisted by the user via `torch.serialization.add_safe_globals`. We recommend you start setting `weights_only=True` for any use case where you don't have full control of the loaded file. Please open an issue on GitHub for any issues related to this experimental feature.
  checkpoint = torch.load(path, map_location=device)
{"database": "rel-trial", "arm": "RDBPFN_single", "context": 64, "seed": 0, "rows": 825, "auc": 0.5038017749688231, "seconds": 0.2675221570000019, "load_seconds": 0.08204885999998623, "peak_gpu_bytes": 932632576, "sha256": "35e564a6f329c53034c2d34fe54e7378bcf16350b275bea8ada31968ea8ff53d", "filename": "rel-trial-RDBPFN_single-64-0.npz"}
{"database": "rel-trial", "arm": "RDBPFN_single", "context": 64, "seed": 1, "rows": 825, "auc": 0.5538907655612462, "seconds": 0.24742054099999677, "load_seconds": 0.08204885999998623, "peak_gpu_bytes": 932632576, "sha256": "b9f5b5e30e278a77a817a2e878fe7d5603da70512655e7cbe0adf8771016012c", "filename": "rel-trial-RDBPFN_single-64-1.npz"}
/source/model_pretrain/src/eval_utils.py:250: RuntimeWarning: All-NaN slice encountered
  median_val = np.nanmedian(train_col)
{"database": "rel-trial", "arm": "RDBPFN_single", "context": 64, "seed": 2, "rows": 825, "auc": 0.5267335004177109, "seconds": 0.2468453110000155, "load_seconds": 0.08204885999998623, "peak_gpu_bytes": 932632576, "sha256": "6749c47acccc6c41b139e76b011ff7ba78499fcf36d562a8600f8d674de27b8f", "filename": "rel-trial-RDBPFN_single-64-2.npz"}
/source/model_pretrain/src/eval_utils.py:250: RuntimeWarning: All-NaN slice encountered
  median_val = np.nanmedian(train_col)
{"database": "rel-trial", "arm": "RDBPFN_single", "context": 64, "seed": 3, "rows": 825, "auc": 0.5022459530468684, "seconds": 0.2470821130000047, "load_seconds": 0.08204885999998623, "peak_gpu_bytes": 932632576, "sha256": "f62f8a2ee87ca07ebf00a608781531b73a6717fecdbcbac276bd044b0ba211e7", "filename": "rel-trial-RDBPFN_single-64-3.npz"}
/source/model_pretrain/src/eval_utils.py:250: RuntimeWarning: All-NaN slice encountered
  median_val = np.nanmedian(train_col)
{"database": "rel-trial", "arm": "RDBPFN_single", "context": 64, "seed": 4, "rows": 825, "auc": 0.49246304166212634, "seconds": 0.24652797299998497, "load_seconds": 0.08204885999998623, "peak_gpu_bytes": 932632576, "sha256": "bc7bc45df476b72f60123adc3d292fc69d36e56419face0f4c0293fa548876be", "filename": "rel-trial-RDBPFN_single-64-4.npz"}
{"database": "rel-trial", "arm": "RDBPFN_single", "context": 64, "seed": 5, "rows": 825, "auc": 0.4563219643311177, "seconds": 0.24641878500000303, "load_seconds": 0.08204885999998623, "peak_gpu_bytes": 932632576, "sha256": "3d20dbdd0725acc94b15d53a9ec4e376534305ca2183935cb1e7cd3c69fd5286", "filename": "rel-trial-RDBPFN_single-64-5.npz"}
{"database": "rel-trial", "arm": "RDBPFN_single", "context": 64, "seed": 6, "rows": 825, "auc": 0.5271269962345477, "seconds": 0.24784102700002109, "load_seconds": 0.08204885999998623, "peak_gpu_bytes": 932632576, "sha256": "fc3e7d9668f0bf53cc40cac7a0fa62de9ac80881a533ee1184f949c494a01288", "filename": "rel-trial-RDBPFN_single-64-6.npz"}
{"database": "rel-trial", "arm": "RDBPFN_single", "context": 64, "seed": 7, "rows": 825, "auc": 0.5805152979066023, "seconds": 0.2467850429999885, "load_seconds": 0.08204885999998623, "peak_gpu_bytes": 932632576, "sha256": "46a1498ae64c68d5f0b1c9628785514c1aa2092d88a65ee8f9b75ee584c1fead", "filename": "rel-trial-RDBPFN_single-64-7.npz"}
{"database": "rel-trial", "arm": "RDBPFN_single", "context": 64, "seed": 8, "rows": 825, "auc": 0.5043829380213819, "seconds": 0.2467010270000003, "load_seconds": 0.08204885999998623, "peak_gpu_bytes": 932632576, "sha256": "b5ca33cf8b6d560b3596e2c51e6d8ada86b941d25b2428dda93ff8b064dc0c27", "filename": "rel-trial-RDBPFN_single-64-8.npz"}
{"database": "rel-trial", "arm": "RDBPFN_single", "context": 64, "seed": 9, "rows": 825, "auc": 0.5649328635598659, "seconds": 0.24744377700000086, "load_seconds": 0.08204885999998623, "peak_gpu_bytes": 932632576, "sha256": "b14cdcdcf9dc7694d66fb796b986cc9f05044234e711883e09294a2c475de3cd", "filename": "rel-trial-RDBPFN_single-64-9.npz"}
{"database": "rel-trial", "arm": "RDBPFN_single", "context": 128, "seed": 0, "rows": 825, "auc": 0.5639037206542927, "seconds": 0.2899080130000016, "load_seconds": 0.08204885999998623, "peak_gpu_bytes": 998195712, "sha256": "0907fe489ff5489a7a255fd794e506625c120f546419341ba4500c6b74e0df02", "filename": "rel-trial-RDBPFN_single-128-0.npz"}
/source/model_pretrain/src/eval_utils.py:250: RuntimeWarning: All-NaN slice encountered
  median_val = np.nanmedian(train_col)
{"database": "rel-trial", "arm": "RDBPFN_single", "context": 128, "seed": 1, "rows": 825, "auc": 0.5559793202813798, "seconds": 0.28817297200001235, "load_seconds": 0.08204885999998623, "peak_gpu_bytes": 998195712, "sha256": "e5a9bde9dd623d2f86a223441045a02b888de67221a0bc84f2acfc9361f72437", "filename": "rel-trial-RDBPFN_single-128-1.npz"}
/source/model_pretrain/src/eval_utils.py:250: RuntimeWarning: All-NaN slice encountered
  median_val = np.nanmedian(train_col)
{"database": "rel-trial", "arm": "RDBPFN_single", "context": 128, "seed": 2, "rows": 825, "auc": 0.6175523349436393, "seconds": 0.28815210499999466, "load_seconds": 0.08204885999998623, "peak_gpu_bytes": 998195712, "sha256": "9ff5897225f68ecfd0447930cee2e49b801a870028a956fa2eeecdf943a4b3a1", "filename": "rel-trial-RDBPFN_single-128-2.npz"}
{"database": "rel-trial", "arm": "RDBPFN_single", "context": 128, "seed": 3, "rows": 825, "auc": 0.5448403617740003, "seconds": 0.2886606849999964, "load_seconds": 0.08204885999998623, "peak_gpu_bytes": 998195712, "sha256": "dd0b9e51c25bc16774c5becbdeae0258a5bd68ed9f070daf2f05b5b9229438e4", "filename": "rel-trial-RDBPFN_single-128-3.npz"}
{"database": "rel-trial", "arm": "RDBPFN_single", "context": 128, "seed": 4, "rows": 825, "auc": 0.4912220163936411, "seconds": 0.2877386950000016, "load_seconds": 0.08204885999998623, "peak_gpu_bytes": 998195712, "sha256": "e5412c9e72de4c421e80e6102aebdb8ec91bd9aeca2b37c76c49e2004d985289", "filename": "rel-trial-RDBPFN_single-128-4.npz"}
/source/model_pretrain/src/eval_utils.py:250: RuntimeWarning: All-NaN slice encountered
  median_val = np.nanmedian(train_col)
{"database": "rel-trial", "arm": "RDBPFN_single", "context": 128, "seed": 5, "rows": 825, "auc": 0.5206494497112346, "seconds": 0.2901429050000104, "load_seconds": 0.08204885999998623, "peak_gpu_bytes": 998195712, "sha256": "9456b0b9ba7f5da41f40d6f484c79da7c5b35981862f01d5491f1b42d4eefb27", "filename": "rel-trial-RDBPFN_single-128-5.npz"}
/source/model_pretrain/src/eval_utils.py:250: RuntimeWarning: All-NaN slice encountered
  median_val = np.nanmedian(train_col)
{"database": "rel-trial", "arm": "RDBPFN_single", "context": 128, "seed": 6, "rows": 825, "auc": 0.48159044955383623, "seconds": 0.289402296999981, "load_seconds": 0.08204885999998623, "peak_gpu_bytes": 998195712, "sha256": "a7b6e4cdd3de3b2b7f1b9568ed1cdfcad51f9df4d023677650c0fb2f1a6c2d14", "filename": "rel-trial-RDBPFN_single-128-6.npz"}
{"database": "rel-trial", "arm": "RDBPFN_single", "context": 128, "seed": 7, "rows": 825, "auc": 0.5647573038877387, "seconds": 0.2884355359999802, "load_seconds": 0.08204885999998623, "peak_gpu_bytes": 998195712, "sha256": "e3949bb83aa8e90c025894f3293ffdf5f8a6ccb6a124eb03dc63b64193b8b91c", "filename": "rel-trial-RDBPFN_single-128-7.npz"}
{"database": "rel-trial", "arm": "RDBPFN_single", "context": 128, "seed": 8, "rows": 825, "auc": 0.575696487595801, "seconds": 0.28726090699998963, "load_seconds": 0.08204885999998623, "peak_gpu_bytes": 998195712, "sha256": "146738546b9a7702c53daeea4ff3c68b29204533b77c904d14dcc0012fa7e719", "filename": "rel-trial-RDBPFN_single-128-8.npz"}
{"database": "rel-trial", "arm": "RDBPFN_single", "context": 128, "seed": 9, "rows": 825, "auc": 0.4772922644776191, "seconds": 0.2910207299999854, "load_seconds": 0.08204885999998623, "peak_gpu_bytes": 998195712, "sha256": "9f85d5fd7dca7b71c938c9c72ef23aec22aebc0218a354ca2572e8983d0218ce", "filename": "rel-trial-RDBPFN_single-128-9.npz"}
{"database": "rel-trial", "arm": "RDBPFN_single", "context": 256, "seed": 0, "rows": 825, "auc": 0.5969210465777972, "seconds": 0.38790244399999096, "load_seconds": 0.08204885999998623, "peak_gpu_bytes": 1593071616, "sha256": "a85452726b3d2a1380fdd5f591c83760e6e15897eb9ad0f6da1f0879693b3432", "filename": "rel-trial-RDBPFN_single-256-0.npz"}
{"database": "rel-trial", "arm": "RDBPFN_single", "context": 256, "seed": 1, "rows": 825, "auc": 0.5243119876987153, "seconds": 0.39957320899998194, "load_seconds": 0.08204885999998623, "peak_gpu_bytes": 1593071616, "sha256": "0da564e0892acbd963bb258e1f37da12d1d9fd01c3289d6d6cc9b5138ad251f2", "filename": "rel-trial-RDBPFN_single-256-1.npz"}
{"database": "rel-trial", "arm": "RDBPFN_single", "context": 256, "seed": 2, "rows": 825, "auc": 0.6325596600196143, "seconds": 0.3930906699999923, "load_seconds": 0.08204885999998623, "peak_gpu_bytes": 1593071616, "sha256": "9f1b67136a752306442ea744bdfde4bcdd88738435b8cfd9ef3eb55401ccf8dd", "filename": "rel-trial-RDBPFN_single-256-2.npz"}
{"database": "rel-trial", "arm": "RDBPFN_single", "context": 256, "seed": 3, "rows": 825, "auc": 0.5688133376920562, "seconds": 0.39304782700000374, "load_seconds": 0.08204885999998623, "peak_gpu_bytes": 1593071616, "sha256": "32983ed0533773bb8887dc4e4c91f4adfe9288ef9260cd25303a6b16941a387d", "filename": "rel-trial-RDBPFN_single-256-3.npz"}
{"database": "rel-trial", "arm": "RDBPFN_single", "context": 256, "seed": 4, "rows": 825, "auc": 0.5801641785623479, "seconds": 0.3980227000000127, "load_seconds": 0.08204885999998623, "peak_gpu_bytes": 1593071616, "sha256": "0db179d14b51d726959933424c5e58a2e7a703508a72689c2139d80ff847320b", "filename": "rel-trial-RDBPFN_single-256-4.npz"}
{"database": "rel-trial", "arm": "RDBPFN_single", "context": 256, "seed": 5, "rows": 825, "auc": 0.6147736490985919, "seconds": 0.4179777860000229, "load_seconds": 0.08204885999998623, "peak_gpu_bytes": 1593071616, "sha256": "0475db51e1e860533f399d72168604a71aa4942962b051435d35dd31f349d59c", "filename": "rel-trial-RDBPFN_single-256-5.npz"}
{"database": "rel-trial", "arm": "RDBPFN_single", "context": 256, "seed": 6, "rows": 825, "auc": 0.5943300279684719, "seconds": 0.4138922010000101, "load_seconds": 0.08204885999998623, "peak_gpu_bytes": 1593071616, "sha256": "9284d80e04cb585e38237e37171199f5c434692138b3d5424063258d5f44ad72", "filename": "rel-trial-RDBPFN_single-256-6.npz"}
{"database": "rel-trial", "arm": "RDBPFN_single", "context": 256, "seed": 7, "rows": 825, "auc": 0.5892690663857711, "seconds": 0.4028317759999993, "load_seconds": 0.08204885999998623, "peak_gpu_bytes": 1593071616, "sha256": "d19098c045c8f6488fd502317d4357555bdb791e477ff20e56fb8b7d88e4c9b9", "filename": "rel-trial-RDBPFN_single-256-7.npz"}
{"database": "rel-trial", "arm": "RDBPFN_single", "context": 256, "seed": 8, "rows": 825, "auc": 0.5921930429939584, "seconds": 0.4060428029999912, "load_seconds": 0.08204885999998623, "peak_gpu_bytes": 1593071616, "sha256": "cb4de58a1fec3fecae40819b6ac083762cee4f38a1d67891d61c98065d9a8cc0", "filename": "rel-trial-RDBPFN_single-256-8.npz"}
{"database": "rel-trial", "arm": "RDBPFN_single", "context": 256, "seed": 9, "rows": 825, "auc": 0.5648238954875111, "seconds": 0.4180199820000041, "load_seconds": 0.08204885999998623, "peak_gpu_bytes": 1593071616, "sha256": "086c5ed575b83f317b3e66e5963d8416671b4d5a1e74571d7a24661c7f49eb38", "filename": "rel-trial-RDBPFN_single-256-9.npz"}
{"database": "rel-trial", "arm": "RDBPFN_single", "context": 1024, "seed": 1, "rows": 825, "auc": 0.592553243010909, "seconds": 1.2807644030000063, "load_seconds": 0.08204885999998623, "peak_gpu_bytes": 6607161344, "sha256": "3b920ff0f64f5c6be1a507833bf298a0f41371df4efcad4c9de8c974f2c83301", "filename": "rel-trial-RDBPFN_single-1024-1.npz"}
{"database": "rel-trial", "arm": "RDBPFN_single", "context": 1024, "seed": 2, "rows": 825, "auc": 0.6005412080926955, "seconds": 1.2502298200000155, "load_seconds": 0.08204885999998623, "peak_gpu_bytes": 6607161344, "sha256": "cb862491d6f07e9f29e6ae4e54f950497c0b0a5e83e75d4aa8e7ea2988d504cf", "filename": "rel-trial-RDBPFN_single-1024-2.npz"}
{"database": "rel-trial", "arm": "RDBPFN_single", "context": 1024, "seed": 3, "rows": 825, "auc": 0.5770949111910211, "seconds": 1.2574231680000025, "load_seconds": 0.08204885999998623, "peak_gpu_bytes": 6607161344, "sha256": "a4f50a4b751de49a9a5daa6439852d7c80ac70ef4d0b69d25d8351b960a9f43d", "filename": "rel-trial-RDBPFN_single-1024-3.npz"}
{"database": "rel-trial", "arm": "RDBPFN_single", "context": 1024, "seed": 4, "rows": 825, "auc": 0.574146719455644, "seconds": 1.2600008120000155, "load_seconds": 0.08204885999998623, "peak_gpu_bytes": 6607161344, "sha256": "e339a9c32a87251690a1647ad818b70dee3e784ecff3a3bd31370b2e92b26f1b", "filename": "rel-trial-RDBPFN_single-1024-4.npz"}
{"database": "rel-trial", "arm": "RDBPFN_single", "context": 1024, "seed": 5, "rows": 825, "auc": 0.6129696221229401, "seconds": 1.2616736160000244, "load_seconds": 0.08204885999998623, "peak_gpu_bytes": 6607161344, "sha256": "2fb30a09fe08abe5cf0d204daf049521543e37aeb18244e0d531c3822cf88f70", "filename": "rel-trial-RDBPFN_single-1024-5.npz"}
{"database": "rel-trial", "arm": "RDBPFN_single", "context": 1024, "seed": 6, "rows": 825, "auc": 0.6205126342426114, "seconds": 1.2533932640000103, "load_seconds": 0.08204885999998623, "peak_gpu_bytes": 6607161344, "sha256": "ed1f7582b7808985a6595a48ac7a55668a58c50a8e9134c1c138afa6996bcb31", "filename": "rel-trial-RDBPFN_single-1024-6.npz"}
{"database": "rel-trial", "arm": "RDBPFN_single", "context": 1024, "seed": 7, "rows": 825, "auc": 0.6032169796471856, "seconds": 1.2591150570000025, "load_seconds": 0.08204885999998623, "peak_gpu_bytes": 6607161344, "sha256": "e0836c24e95dff6cb07bff5d9320c90d1a487c8b7858af404e3e2def1df64315", "filename": "rel-trial-RDBPFN_single-1024-7.npz"}
{"database": "rel-trial", "arm": "RDBPFN_single", "context": 1024, "seed": 8, "rows": 825, "auc": 0.6032775174651605, "seconds": 1.2564196040000013, "load_seconds": 0.08204885999998623, "peak_gpu_bytes": 6607161344, "sha256": "8474e3de492701cd2e4bc94a8aaf10991d51edbe9f7b95eafdde52be0bfd8215", "filename": "rel-trial-RDBPFN_single-1024-8.npz"}
{"database": "rel-trial", "arm": "RDBPFN_single", "context": 1024, "seed": 9, "rows": 825, "auc": 0.5713014420108241, "seconds": 1.2472769810000273, "load_seconds": 0.08204885999998623, "peak_gpu_bytes": 6607161344, "sha256": "f1abd13390eee8657e6b854f031fd9b76f5af0e97870d2367900d5670dc5c50a", "filename": "rel-trial-RDBPFN_single-1024-9.npz"}
/usr/local/lib/python3.11/site-packages/sklearn/preprocessing/_data.py:3475: RuntimeWarning: overflow encountered in power
  out[pos] = (np.power(x[pos] + 1, lmbda) - 1) / lmbda
{"database": "rel-trial", "arm": "TabICLv1.1", "context": 64, "seed": 0, "rows": 825, "auc": 0.5369795261099609, "seconds": 3.985220024, "load_seconds": 7.560000199191563e-07, "peak_gpu_bytes": 5624888320, "sha256": "feddf87370e3fe1de9dfdf21a0298c3c7fce3d0a7d5fd132714ce529b88fa662", "filename": "rel-trial-TabICLv1.1-64-0.npz"}
{"database": "rel-trial", "arm": "TabICLv1.1", "context": 64, "seed": 1, "rows": 825, "auc": 0.5439867785405543, "seconds": 4.131627299000002, "load_seconds": 7.560000199191563e-07, "peak_gpu_bytes": 5764399616, "sha256": "229b4d069ab2d474a6d17b8bfd4becc275d7d438b607fee5d6a09a4791b13ff3", "filename": "rel-trial-TabICLv1.1-64-1.npz"}
/source/model_pretrain/src/eval_utils.py:250: RuntimeWarning: All-NaN slice encountered
  median_val = np.nanmedian(train_col)
{"database": "rel-trial", "arm": "TabICLv1.1", "context": 64, "seed": 2, "rows": 825, "auc": 0.5082724928262686, "seconds": 3.799547039999993, "load_seconds": 7.560000199191563e-07, "peak_gpu_bytes": 5184695296, "sha256": "2ed05c94e2d895f0c1a943d265b96dfddae8f24b0da15f9777fffef636a91738", "filename": "rel-trial-TabICLv1.1-64-2.npz"}
/source/model_pretrain/src/eval_utils.py:250: RuntimeWarning: All-NaN slice encountered
  median_val = np.nanmedian(train_col)
{"database": "rel-trial", "arm": "TabICLv1.1", "context": 64, "seed": 3, "rows": 825, "auc": 0.5574655237126633, "seconds": 3.9577175099999806, "load_seconds": 7.560000199191563e-07, "peak_gpu_bytes": 5590266880, "sha256": "f0c776d273feec97db96a4b033f81806462b7acab0f05b429cc5dfea3b9e04b2", "filename": "rel-trial-TabICLv1.1-64-3.npz"}
/source/model_pretrain/src/eval_utils.py:250: RuntimeWarning: All-NaN slice encountered
  median_val = np.nanmedian(train_col)
{"database": "rel-trial", "arm": "TabICLv1.1", "context": 64, "seed": 4, "rows": 825, "auc": 0.5308682333853958, "seconds": 3.657854623999981, "load_seconds": 7.560000199191563e-07, "peak_gpu_bytes": 5005060096, "sha256": "9c375958eb036c033bfdfb8be277148c84b3cc95853d8c005bed64e18dc86d8e", "filename": "rel-trial-TabICLv1.1-64-4.npz"}
{"database": "rel-trial", "arm": "TabICLv1.1", "context": 64, "seed": 5, "rows": 825, "auc": 0.46813591950891725, "seconds": 4.083738398999998, "load_seconds": 7.560000199191563e-07, "peak_gpu_bytes": 5729501696, "sha256": "90a9c62a8fe5b23a60d6012c4a8c15636dc816b50a3efd79308c6f7abd1369a3", "filename": "rel-trial-TabICLv1.1-64-5.npz"}
{"database": "rel-trial", "arm": "TabICLv1.1", "context": 64, "seed": 6, "rows": 825, "auc": 0.5275265458331819, "seconds": 3.8967197100000135, "load_seconds": 7.560000199191563e-07, "peak_gpu_bytes": 5487314432, "sha256": "9e3e6bde635d348bd1c79f66631325cfc6c9aa927960ca486c1b8be612f66505", "filename": "rel-trial-TabICLv1.1-64-6.npz"}
{"database": "rel-trial", "arm": "TabICLv1.1", "context": 64, "seed": 7, "rows": 825, "auc": 0.561046335645878, "seconds": 4.199151766999989, "load_seconds": 7.560000199191563e-07, "peak_gpu_bytes": 5729501696, "sha256": "4cf08f73c6f488aa4ab7b8ab1570768658c60582102dd999797eb8c66119bdc7", "filename": "rel-trial-TabICLv1.1-64-7.npz"}
{"database": "rel-trial", "arm": "TabICLv1.1", "context": 64, "seed": 8, "rows": 825, "auc": 0.5368796387103023, "seconds": 4.181492606000006, "load_seconds": 7.560000199191563e-07, "peak_gpu_bytes": 5703119872, "sha256": "d0ac597c6ca0027b53995185d67fa4eb78bbf3a78c2ca53a53bcbb24d122fcd0", "filename": "rel-trial-TabICLv1.1-64-8.npz"}
{"database": "rel-trial", "arm": "TabICLv1.1", "context": 64, "seed": 9, "rows": 825, "auc": 0.5317157628370444, "seconds": 4.113209564000016, "load_seconds": 7.560000199191563e-07, "peak_gpu_bytes": 5663244800, "sha256": "380a6e56e17a02d7783b044ea2e878a2e20c6246c2fc52a2cb92e3b8bb341186", "filename": "rel-trial-TabICLv1.1-64-9.npz"}
{"database": "rel-trial", "arm": "TabICLv1.1", "context": 128, "seed": 0, "rows": 825, "auc": 0.4757576307919557, "seconds": 4.439083451999977, "load_seconds": 7.560000199191563e-07, "peak_gpu_bytes": 6281351168, "sha256": "f19ba17d8d203ef558a8beea53f2c4a22cecfc963d0084ecb5c54ba24090137a", "filename": "rel-trial-TabICLv1.1-128-0.npz"}
/source/model_pretrain/src/eval_utils.py:250: RuntimeWarning: All-NaN slice encountered
  median_val = np.nanmedian(train_col)
Stopping app - uncaught exception raised locally: ConnectionError('Deadline exceeded').
{"database": "rel-trial", "arm": "TabICLv1.1", "context": 128, "seed": 1, "rows": 825, "auc": 0.4994369982928336, "seconds": 4.282461858000005, "load_seconds": 7.560000199191563e-07, "peak_gpu_bytes": 6141788672, "sha256": "6c2cf7cf3dd9ad0c9f022b7bcce6c9e4ac789538f103a10049b5b28a3e35fab4", "filename": "rel-trial-TabICLv1.1-128-1.npz"}
/source/model_pretrain/src/eval_utils.py:250: RuntimeWarning: All-NaN slice encountered
  median_val = np.nanmedian(train_col)
Runner terminated.
╭───────────────────── Traceback (most recent call last) ──────────────────────╮
│ /home/avist/Projects/relational/.venv/lib/python3.12/site-packages/grpclib/c │
│ lient.py:369 in recv_initial_metadata                                        │
│                                                                              │
│ /home/avist/Projects/relational/.venv/lib/python3.12/site-packages/grpclib/p │
│ rotocol.py:342 in recv_headers                                               │
│                                                                              │
│ /usr/lib/python3.12/asyncio/locks.py:212 in wait                             │
│                                                                              │
│   211 │   │   try:                                                           │
│ ❱ 212 │   │   │   await fut                                                  │
│   213 │   │   │   return True                                                │
╰──────────────────────────────────────────────────────────────────────────────╯
CancelledError

During handling of the above exception, another exception occurred:

╭───────────────────── Traceback (most recent call last) ──────────────────────╮
│ /home/avist/Projects/relational/.venv/lib/python3.12/site-packages/modal/_gr │
│ pc_client.py:159 in direct                                                   │
│                                                                              │
│   158 │   │   self.wrapped_method.channel = await self.client._get_channel(s │
│ ❱ 159 │   │   return await self.client._call_unary(self.wrapped_method, req, │
│   160                                                                        │
│                                                                              │
│ /home/avist/Projects/relational/.venv/lib/python3.12/site-packages/modal/cli │
│ ent.py:505 in _call_unary                                                    │
│                                                                              │
│   504 │   │   coro = grpclib_method(request, timeout=timeout, metadata=metad │
│ ❱ 505 │   │   return await self._call_safely(coro, grpclib_method.name)      │
│   506                                                                        │
│                                                                              │
│ /home/avist/Projects/relational/.venv/lib/python3.12/site-packages/modal/cli │
│ ent.py:462 in _call_safely                                                   │
│                                                                              │
│   461 │   │   │   │   request_task.set_name(readable_method)                 │
│ ❱ 462 │   │   │   │   return await request_task                              │
│   463 │   │   │   except asyncio.CancelledError:                             │
│                                                                              │
│ /home/avist/Projects/relational/.venv/lib/python3.12/site-packages/grpclib/c │
│ lient.py:913 in __call__                                                     │
│                                                                              │
│ /home/avist/Projects/relational/.venv/lib/python3.12/site-packages/grpclib/c │
│ lient.py:426 in recv_message                                                 │
│                                                                              │
│ /home/avist/Projects/relational/.venv/lib/python3.12/site-packages/grpclib/c │
│ lient.py:368 in recv_initial_metadata                                        │
│                                                                              │
│ /home/avist/Projects/relational/.venv/lib/python3.12/site-packages/grpclib/u │
│ tils.py:70 in __exit__                                                       │
╰──────────────────────────────────────────────────────────────────────────────╯
TimeoutError: Deadline exceeded

During handling of the above exception, another exception occurred:

╭───────────────────── Traceback (most recent call last) ──────────────────────╮
│ /home/avist/Projects/relational/modal/l169_repro.py:38 in main               │
│                                                                              │
│   37 │   reserve(path,ROOT,phase+'-1',seconds)                               │
│ ❱ 38 │   receipt=probe.remote() if phase=='pilot' else remaining.remote()    │
│   39 │   print(json.dumps(dict(phase=phase,runs=len(receipt['records']))))   │
│                                                                              │
│ /home/avist/Projects/relational/.venv/lib/python3.12/site-packages/modal/_ob │
│ ject.py:46 in wrapped                                                        │
│                                                                              │
│    45 │   │   await self.hydrate()                                           │
│ ❱  46 │   │   return await method(self, *args, **kwargs)                     │
│    47                                                                        │
│                                                                              │
│ /home/avist/Projects/relational/.venv/lib/python3.12/site-packages/modal/_fu │
│ nctions.py:1893 in remote                                                    │
│                                                                              │
│   1892 │   │                                                                 │
│ ❱ 1893 │   │   return await self._call_function(args, kwargs)                │
│   1894                                                                       │
│                                                                              │
│ /home/avist/Projects/relational/.venv/lib/python3.12/site-packages/modal/_fu │
│ nctions.py:1830 in _call_function                                            │
│                                                                              │
│   1829 │   │                                                                 │
│ ❱ 1830 │   │   return await invocation.run_function()                        │
│   1831                                                                       │
│                                                                              │
│ /home/avist/Projects/relational/.venv/lib/python3.12/site-packages/modal/_fu │
│ nctions.py:472 in run_function                                               │
│                                                                              │
│    471 │   │   │   metadata = await self.client.get_input_plane_metadata(sel │
│ ❱  472 │   │   │   await_response: api_pb2.AttemptAwaitResponse = await self │
│    473 │   │   │   │   await_request,                                        │
╰──────────────────────────────────────────────────────────────────────────────╯
ConnectionError: Deadline exceeded
