/usr/local/lib/python3.12/site-packages/woodwork/__init__.py:2: UserWarning: pkg_resources is deprecated as an API. See https://setuptools.pypa.io/en/latest/pkg_resources.html. The pkg_resources package is slated for removal as early as 2025-11-30. Refrain from using this package or pin to Setuptools<81.
  import pkg_resources
Loading Database object from /root/.cache/relbench/rel-f1/db...
Done in 0.06 seconds.
{
  "phase": "full",
  "status": "COMPLETE",
  "trials": [
    {
      "config": {
        "tfm": "tabpfn-v3",
        "context_strategy": "hard_pool",
        "subsample_samples": 100000,
        "pool_inflation": 4.0,
        "with_text": false,
        "max_depth": 2
      },
      "config_id": "7c92cf16",
      "config_tag": "default",
      "val_score": 0.6064217687074831,
      "test_score": 0.7128482896598839,
      "val_metrics": {
        "average_precision": 0.8343392288343922,
        "accuracy": 0.7420494699646644,
        "f1": 0.8479166666666667,
        "roc_auc": 0.6064217687074831
      },
      "test_metrics": {
        "average_precision": 0.8276809310676158,
        "accuracy": 0.707977207977208,
        "f1": 0.820017559262511,
        "roc_auc": 0.7128482896598839
      },
      "fit_time_tuning": 23.680157770999998,
      "predict_time_tuning": 6.133996508999999,
      "fit_time_refit": 1.284930959999997,
      "predict_time_refit": 3.311684329000002,
      "error": null
    },
    {
      "config": {
        "tfm": "tabpfn-v3",
        "context_strategy": "hard_pool",
        "subsample_samples": 100000,
        "pool_inflation": 4.0,
        "with_text": false,
        "max_depth": 3
      },
      "config_id": "289d0b43",
      "config_tag": "r1",
      "val_score": 0.624671201814059,
      "test_score": 0.7128385302298346,
      "val_metrics": {
        "average_precision": 0.8609273692254173,
        "accuracy": 0.734982332155477,
        "f1": 0.8430962343096234,
        "roc_auc": 0.624671201814059
      },
      "test_metrics": {
        "average_precision": 0.8276330388174191,
        "accuracy": 0.7065527065527065,
        "f1": 0.8192982456140351,
        "roc_auc": 0.7128385302298346
      },
      "fit_time_tuning": 2.1207127979999996,
      "predict_time_tuning": 4.052965616000002,
      "fit_time_refit": 1.6237028890000005,
      "predict_time_refit": 4.218370176000008,
      "error": null
    },
    {
      "config": {
        "tfm": "tabpfn-v3",
        "context_strategy": "hard_pool",
        "subsample_samples": 100000,
        "pool_inflation": 4.0,
        "with_text": false,
        "max_depth": 4
      },
      "config_id": "3f6e138b",
      "config_tag": "r2",
      "val_score": 0.6141768707482993,
      "test_score": null,
      "val_metrics": {
        "average_precision": 0.8425451794173494,
        "accuracy": 0.7031802120141343,
        "f1": 0.8133333333333334,
        "roc_auc": 0.6141768707482993
      },
      "test_metrics": {},
      "fit_time_tuning": 6.337936079000002,
      "predict_time_tuning": 6.814155716000002,
      "fit_time_refit": null,
      "predict_time_refit": null,
      "error": null
    }
  ],
  "data_checksums": {
    "inner_db": 1889379516846161697,
    "outer_db": 3741696525531290169,
    "inner_train": 18158673252932257650,
    "inner_eval": 7295992818315457883,
    "outer_train": 18158673252932257650,
    "outer_val": 7295992818315457883,
    "outer_eval": 5246907967240758441,
    "test_labels": 11776106480072144250
  },
  "selected": "289d0b43",
  "gpu": "NVIDIA A100 80GB PCIe",
  "seed": 0,
  "seconds": 72.351729269,
  "packages": {
    "numpy": "2.5.3",
    "pandas": "2.3.3",
    "scikit-learn": "1.6.1",
    "torch": "2.13.0",
    "tabpfn": "8.0.8",
    "relbench": "2.1.2",
    "fastdfs": "1.1"
  }
}
