========================================
DAG TO RDB GENERATOR
========================================
Loading DAG data from datasets/rdb_v1.pth...
Loaded DAG data with 320 DAGs
DAG data structure verified successfully

DAG DATA STATISTICS
==================================================
Total DAGs: 320
Nodes per DAG: min=0, max=34, avg=5.9
Edges per DAG: min=0, max=159, avg=6.3
Tables per RDB: min=0, max=34, avg=5.9
Timestamp tables per RDB: min=0, max=4, avg=0.3
Valid children per DAG (old method): min=0, max=18, avg=3.3
Total possible tables across all DAGs: 1897
Total possible timestamp tables: 106

Parent count distribution:
  0 parents: 842 tables
  1 parents: 700 tables
  2 parents: 212 tables
  3 parents: 78 tables
  4 parents: 18 tables
  5 parents: 11 tables
  6 parents: 7 tables
  7 parents: 6 tables
  8 parents: 2 tables
  9 parents: 1 tables
  10 parents: 3 tables
  15 parents: 2 tables
  17 parents: 2 tables
  19 parents: 1 tables
  22 parents: 2 tables
  23 parents: 5 tables
  26 parents: 1 tables
  28 parents: 2 tables
  29 parents: 1 tables
  30 parents: 1 tables

Tables eligible for timestamp (2 parents): 212
Expected timestamp tables (50% random): ~106
Generating 1 RDBs from DAG data...
Parsing DAG structures...
Successfully parsed 320 DAGs
Using 1 processes for parallel generation
Running in sequential mode...
Added fk_to_pk relationship: Relationship(table_2[1] -> table_0[0])
Added fk_to_pk relationship: Relationship(table_3[1] -> table_1[0])
Added fk_to_pk relationship: Relationship(table_4[1] -> table_0[0])
Added fk_to_pk relationship: Relationship(table_5[1] -> table_0[0])
Added fk_to_pk relationship: Relationship(table_6[1] -> table_0[0])
Added fk_to_pk relationship: Relationship(table_6[2] -> table_1[0])
Added fk_to_pk relationship: Relationship(table_7[1] -> table_6[0])
Added fk_to_pk relationship: Relationship(table_8[1] -> table_6[0])
Added fk_to_pk relationship: Relationship(table_9[1] -> table_6[0])
Added fk_to_pk relationship: Relationship(table_10[1] -> table_6[0])
Added fk_to_pk relationship: Relationship(table_11[1] -> table_6[0])
Added fk_to_pk relationship: Relationship(table_12[1] -> table_4[0])
Added fk_to_pk relationship: Relationship(table_13[1] -> table_6[0])
Generating tasks...
Generated 1 tasks for table table_0
Generated 1 tasks for table table_1
Generated 1 tasks for table table_2
Generated 1 tasks for table table_3
Generated 1 tasks for table table_4
Generated 1 tasks for table table_5
Generated 1 tasks for table table_6
Generated 1 tasks for table table_7
Generated 1 tasks for table table_8
Generated 1 tasks for table table_9
Generated 1 tasks for table table_10
Generated 1 tasks for table table_11
Generated 1 tasks for table table_12
Generated 1 tasks for table table_13
Generated 14 tasks
Generated data for task: table_0_feature_10_task
Generated data for task: table_1_feature_1_task
Generated data for task: table_2_feature_0_task
Generated data for task: table_3_feature_4_task
Generated data for task: table_4_feature_3_task
Generated data for task: table_5_feature_3_task
Generated data for task: table_6_feature_2_task
Generated data for task: table_7_feature_1_task
Generated data for task: table_8_feature_8_task
Generated data for task: table_9_feature_1_task
Generated data for task: table_10_feature_9_task
Generated data for task: table_11_feature_6_task
Generated data for task: table_12_feature_0_task
Generated data for task: table_13_feature_0_task
Initialized 14 tasks with data
Saved 4DBInfer dataset to /tmp/l166-generated/dag_rdb_0
  - 14 tables
  - 13 relationships
  - Dataset metadata: /tmp/l166-generated/dag_rdb_0/metadata.yaml
Saving task data...
Saved 14 tasks to /tmp/l166-generated/dag_rdb_0
Saved generation schemas to /tmp/l166-generated/dag_rdb_0/generation_schemas.yaml
  - 14 table schemas
  - 14 task schemas
Successfully saved RDB with 14 tasks to /tmp/l166-generated/dag_rdb_0
Generating RDB 1/1: dag_rdb_0 (DAG 197, 14 tables, 0 timestamp tables, 13 relationships)
  ✓ Saved to /tmp/l166-generated/dag_rdb_0

Generation complete: 1/1 RDBs generated successfully
Results saved in: /tmp/l166-generated

Total execution time: 16.99 seconds (0.28 minutes)
