✓ Initialized. View run at 
https://modal.com/apps/pszar92/main/ap-G6u15apLwPxgTK9frstK11
Building image im-tSXVEwlzEk461wCk4MKV6e

Using legacy Image Builder version. We suggest upgrading at https://modal.com/settings/image-config.

=> Step 0: FROM base

=> Step 1: RUN python -m pip install numpy==1.26.4 pandas==2.2.3 pydantic==1.10.26 pyyaml==6.0.2 scikit-learn==1.6.1 tabicl==0.1.3
Looking in indexes: http://pypi-mirror.modal.local:5555/simple
Collecting numpy==1.26.4
  Downloading http://pypi-mirror.modal.local:5555/simple/numpy/numpy-1.26.4-cp311-cp311-manylinux_2_17_x86_64.manylinux2014_x86_64.whl.metadata (61 kB)
Collecting pandas==2.2.3
  Downloading http://pypi-mirror.modal.local:5555/simple/pandas/pandas-2.2.3-cp311-cp311-manylinux_2_17_x86_64.manylinux2014_x86_64.whl.metadata (89 kB)
Collecting pydantic==1.10.26
  Downloading http://pypi-mirror.modal.local:5555/simple/pydantic/pydantic-1.10.26-cp311-cp311-manylinux2014_x86_64.manylinux_2_17_x86_64.whl.metadata (155 kB)
Collecting pyyaml==6.0.2
  Downloading http://pypi-mirror.modal.local:5555/simple/pyyaml/PyYAML-6.0.2-cp311-cp311-manylinux_2_17_x86_64.manylinux2014_x86_64.whl.metadata (2.1 kB)
Collecting scikit-learn==1.6.1
  Downloading http://pypi-mirror.modal.local:5555/simple/scikit-learn/scikit_learn-1.6.1-cp311-cp311-manylinux_2_17_x86_64.manylinux2014_x86_64.whl.metadata (18 kB)
Collecting tabicl==0.1.3
  Downloading http://pypi-mirror.modal.local:5555/simple/tabicl/tabicl-0.1.3-py3-none-any.whl.metadata (13 kB)
Collecting python-dateutil>=2.8.2 (from pandas==2.2.3)
  Downloading http://pypi-mirror.modal.local:5555/simple/python-dateutil/python_dateutil-2.9.0.post0-py2.py3-none-any.whl.metadata (8.4 kB)
Collecting pytz>=2020.1 (from pandas==2.2.3)
  Downloading http://pypi-mirror.modal.local:5555/simple/pytz/pytz-2026.4-py2.py3-none-any.whl.metadata (22 kB)
Collecting tzdata>=2022.7 (from pandas==2.2.3)
  Downloading http://pypi-mirror.modal.local:5555/simple/tzdata/tzdata-2026.4-py2.py3-none-any.whl.metadata (1.4 kB)
Requirement already satisfied: typing-extensions>=4.2.0 in /usr/local/lib/python3.11/site-packages (from pydantic==1.10.26) (4.12.2)
Collecting scipy>=1.6.0 (from scikit-learn==1.6.1)
  Downloading http://pypi-mirror.modal.local:5555/simple/scipy/scipy-1.17.1-cp311-cp311-manylinux_2_27_x86_64.manylinux_2_28_x86_64.whl.metadata (62 kB)
Collecting joblib>=1.2.0 (from scikit-learn==1.6.1)
  Downloading http://pypi-mirror.modal.local:5555/simple/joblib/joblib-1.6.0-py3-none-any.whl.metadata (6.5 kB)
Collecting threadpoolctl>=3.1.0 (from scikit-learn==1.6.1)
  Downloading http://pypi-mirror.modal.local:5555/simple/threadpoolctl/threadpoolctl-3.7.0-py3-none-any.whl.metadata (24 kB)
Collecting einops>=0.7 (from tabicl==0.1.3)
  Downloading http://pypi-mirror.modal.local:5555/simple/einops/einops-0.8.2-py3-none-any.whl.metadata (13 kB)
Collecting huggingface-hub (from tabicl==0.1.3)
  Downloading http://pypi-mirror.modal.local:5555/simple/huggingface-hub/huggingface_hub-2.1.1-py3-none-any.whl.metadata (16 kB)
Collecting psutil (from tabicl==0.1.3)
  Downloading http://pypi-mirror.modal.local:5555/simple/psutil/psutil-7.2.2-cp36-abi3-manylinux2010_x86_64.manylinux_2_12_x86_64.manylinux_2_28_x86_64.whl.metadata (22 kB)
Requirement already satisfied: torch<3,>=2.2 in /usr/local/lib/python3.11/site-packages (from tabicl==0.1.3) (2.5.1+cu124)
Collecting tqdm>=4.64.0 (from tabicl==0.1.3)
  Downloading http://pypi-mirror.modal.local:5555/simple/tqdm/tqdm-4.70.1-py3-none-any.whl.metadata (57 kB)
Collecting transformers (from tabicl==0.1.3)
  Downloading http://pypi-mirror.modal.local:5555/simple/transformers/transformers-5.18.0-py3-none-any.whl.metadata (32 kB)
Collecting wandb (from tabicl==0.1.3)
  Downloading http://pypi-mirror.modal.local:5555/simple/wandb/wandb-0.30.0-py3-none-manylinux_2_28_x86_64.whl.metadata (11 kB)
Collecting xgboost (from tabicl==0.1.3)
  Downloading http://pypi-mirror.modal.local:5555/simple/xgboost/xgboost-3.2.0-py3-none-manylinux_2_28_x86_64.whl.metadata (2.1 kB)
Collecting cloudpickle>=3.0 (from joblib>=1.2.0->scikit-learn==1.6.1)
  Downloading http://pypi-mirror.modal.local:5555/simple/cloudpickle/cloudpickle-3.1.2-py3-none-any.whl.metadata (7.1 kB)
Collecting six>=1.5 (from python-dateutil>=2.8.2->pandas==2.2.3)
  Downloading http://pypi-mirror.modal.local:5555/simple/six/six-1.17.0-py2.py3-none-any.whl.metadata (1.7 kB)
Requirement already satisfied: filelock in /usr/local/lib/python3.11/site-packages (from torch<3,>=2.2->tabicl==0.1.3) (3.32.3)
Requirement already satisfied: networkx in /usr/local/lib/python3.11/site-packages (from torch<3,>=2.2->tabicl==0.1.3) (3.6.1)
Requirement already satisfied: jinja2 in /usr/local/lib/python3.11/site-packages (from torch<3,>=2.2->tabicl==0.1.3) (3.1.6)
Requirement already satisfied: fsspec in /usr/local/lib/python3.11/site-packages (from torch<3,>=2.2->tabicl==0.1.3) (2026.7.0)
Requirement already satisfied: nvidia-cuda-nvrtc-cu12==12.4.127 in /usr/local/lib/python3.11/site-packages (from torch<3,>=2.2->tabicl==0.1.3) (12.4.127)
Requirement already satisfied: nvidia-cuda-runtime-cu12==12.4.127 in /usr/local/lib/python3.11/site-packages (from torch<3,>=2.2->tabicl==0.1.3) (12.4.127)
Requirement already satisfied: nvidia-cuda-cupti-cu12==12.4.127 in /usr/local/lib/python3.11/site-packages (from torch<3,>=2.2->tabicl==0.1.3) (12.4.127)
Requirement already satisfied: nvidia-cudnn-cu12==9.1.0.70 in /usr/local/lib/python3.11/site-packages (from torch<3,>=2.2->tabicl==0.1.3) (9.1.0.70)
Requirement already satisfied: nvidia-cublas-cu12==12.4.5.8 in /usr/local/lib/python3.11/site-packages (from torch<3,>=2.2->tabicl==0.1.3) (12.4.5.8)
Requirement already satisfied: nvidia-cufft-cu12==11.2.1.3 in /usr/local/lib/python3.11/site-packages (from torch<3,>=2.2->tabicl==0.1.3) (11.2.1.3)
Requirement already satisfied: nvidia-curand-cu12==10.3.5.147 in /usr/local/lib/python3.11/site-packages (from torch<3,>=2.2->tabicl==0.1.3) (10.3.5.147)
Requirement already satisfied: nvidia-cusolver-cu12==11.6.1.9 in /usr/local/lib/python3.11/site-packages (from torch<3,>=2.2->tabicl==0.1.3) (11.6.1.9)
Requirement already satisfied: nvidia-cusparse-cu12==12.3.1.170 in /usr/local/lib/python3.11/site-packages (from torch<3,>=2.2->tabicl==0.1.3) (12.3.1.170)
Requirement already satisfied: nvidia-nccl-cu12==2.21.5 in /usr/local/lib/python3.11/site-packages (from torch<3,>=2.2->tabicl==0.1.3) (2.21.5)
Requirement already satisfied: nvidia-nvtx-cu12==12.4.127 in /usr/local/lib/python3.11/site-packages (from torch<3,>=2.2->tabicl==0.1.3) (12.4.127)
Requirement already satisfied: nvidia-nvjitlink-cu12==12.4.127 in /usr/local/lib/python3.11/site-packages (from torch<3,>=2.2->tabicl==0.1.3) (12.4.127)
Requirement already satisfied: triton==3.1.0 in /usr/local/lib/python3.11/site-packages (from torch<3,>=2.2->tabicl==0.1.3) (3.1.0)
Requirement already satisfied: sympy==1.13.1 in /usr/local/lib/python3.11/site-packages (from torch<3,>=2.2->tabicl==0.1.3) (1.13.1)
Requirement already satisfied: mpmath<1.4,>=1.1.0 in /usr/local/lib/python3.11/site-packages (from sympy==1.13.1->torch<3,>=2.2->tabicl==0.1.3) (1.3.0)
Collecting click<9.0.0,>=8.4.2 (from huggingface-hub->tabicl==0.1.3)
  Downloading http://pypi-mirror.modal.local:5555/simple/click/click-8.5.0-py3-none-any.whl.metadata (2.6 kB)
Collecting hf-xet<2.0.0,>=1.6.0 (from huggingface-hub->tabicl==0.1.3)
  Downloading http://pypi-mirror.modal.local:5555/simple/hf-xet/hf_xet-1.6.0-cp38-abi3-manylinux2014_x86_64.manylinux_2_17_x86_64.whl.metadata (4.9 kB)
Collecting httpx2<3,>=2.0.0 (from huggingface-hub->tabicl==0.1.3)
  Downloading http://pypi-mirror.modal.local:5555/simple/httpx2/httpx2-2.13.1-py3-none-any.whl.metadata (9.8 kB)
Collecting packaging>=20.9 (from huggingface-hub->tabicl==0.1.3)
  Downloading http://pypi-mirror.modal.local:5555/simple/packaging/packaging-26.3-py3-none-any.whl.metadata (3.5 kB)
Collecting regex>=2025.10.22 (from transformers->tabicl==0.1.3)
  Downloading http://pypi-mirror.modal.local:5555/simple/regex/regex-2026.9.29-cp311-cp311-manylinux2014_x86_64.manylinux_2_17_x86_64.manylinux_2_28_x86_64.whl.metadata (40 kB)
Collecting tokenizers<0.24.0,>=0.23.1 (from transformers->tabicl==0.1.3)
  Downloading http://pypi-mirror.modal.local:5555/simple/tokenizers/tokenizers-0.23.2-cp310-abi3-manylinux_2_17_x86_64.manylinux2014_x86_64.whl.metadata (9.8 kB)
Collecting typer (from transformers->tabicl==0.1.3)
  Downloading http://pypi-mirror.modal.local:5555/simple/typer/typer-0.27.2-py3-none-any.whl.metadata (16 kB)
Collecting safetensors>=0.8.0 (from transformers->tabicl==0.1.3)
  Downloading http://pypi-mirror.modal.local:5555/simple/safetensors/safetensors-0.8.0-cp310-abi3-manylinux_2_17_x86_64.manylinux2014_x86_64.whl.metadata (4.2 kB)
Collecting opentelemetry-api>=1.43.0 (from wandb->tabicl==0.1.3)
  Downloading http://pypi-mirror.modal.local:5555/simple/opentelemetry-api/opentelemetry_api-1.45.0-py3-none-any.whl.metadata (1.4 kB)
Collecting opentelemetry-exporter-otlp-proto-http>=1.43.0 (from wandb->tabicl==0.1.3)
  Downloading http://pypi-mirror.modal.local:5555/simple/opentelemetry-exporter-otlp-proto-http/opentelemetry_exporter_otlp_proto_http-1.45.0-py3-none-any.whl.metadata (3.1 kB)
Collecting opentelemetry-sdk>=1.43.0 (from wandb->tabicl==0.1.3)
  Downloading http://pypi-mirror.modal.local:5555/simple/opentelemetry-sdk/opentelemetry_sdk-1.45.0-py3-none-any.whl.metadata (1.6 kB)
Collecting platformdirs (from wandb->tabicl==0.1.3)
  Downloading http://pypi-mirror.modal.local:5555/simple/platformdirs/platformdirs-4.12.2-py3-none-any.whl.metadata (5.5 kB)
Requirement already satisfied: protobuf!=5.28.0,!=5.29.0,<8,>=5 in /usr/local/lib/python3.11/site-packages (from wandb->tabicl==0.1.3) (5.29.2)
INFO: pip is looking at multiple versions of wandb to determine which version is compatible with other requirements. This could take a while.
Collecting wandb (from tabicl==0.1.3)
  Downloading http://pypi-mirror.modal.local:5555/simple/wandb/wandb-0.29.0-py3-none-manylinux_2_28_x86_64.whl.metadata (11 kB)
  Downloading http://pypi-mirror.modal.local:5555/simple/wandb/wandb-0.28.2-py3-none-manylinux_2_28_x86_64.whl.metadata (11 kB)
  Downloading http://pypi-mirror.modal.local:5555/simple/wandb/wandb-0.28.1-py3-none-manylinux_2_28_x86_64.whl.metadata (11 kB)
  Downloading http://pypi-mirror.modal.local:5555/simple/wandb/wandb-0.28.0-py3-none-manylinux_2_28_x86_64.whl.metadata (11 kB)
Collecting gitpython!=3.1.29,>=1.0.0 (from wandb->tabicl==0.1.3)
  Downloading http://pypi-mirror.modal.local:5555/simple/gitpython/gitpython-3.2.0-py3-none-any.whl.metadata (13 kB)
Collecting wandb (from tabicl==0.1.3)
  Downloading http://pypi-mirror.modal.local:5555/simple/wandb/wandb-0.27.2-py3-none-manylinux_2_28_x86_64.whl.metadata (11 kB)
  Downloading http://pypi-mirror.modal.local:5555/simple/wandb/wandb-0.27.1-py3-none-manylinux_2_28_x86_64.whl.metadata (11 kB)
  Downloading http://pypi-mirror.modal.local:5555/simple/wandb/wandb-0.27.0-py3-none-manylinux_2_28_x86_64.whl.metadata (11 kB)
INFO: pip is still looking at multiple versions of wandb to determine which version is compatible with other requirements. This could take a while.
  Downloading http://pypi-mirror.modal.local:5555/simple/wandb/wandb-0.26.1-py3-none-manylinux_2_28_x86_64.whl.metadata (11 kB)
Collecting requests<3,>=2.0.0 (from wandb->tabicl==0.1.3)
  Downloading http://pypi-mirror.modal.local:5555/simple/requests/requests-2.34.2-py3-none-any.whl.metadata (4.8 kB)
Collecting sentry-sdk>=2.0.0 (from wandb->tabicl==0.1.3)
  Downloading http://pypi-mirror.modal.local:5555/simple/sentry-sdk/sentry_sdk-2.71.0-py3-none-any.whl.metadata (11 kB)
Collecting gitdb<5,>=4.0.1 (from gitpython!=3.1.29,>=1.0.0->wandb->tabicl==0.1.3)
  Downloading http://pypi-mirror.modal.local:5555/simple/gitdb/gitdb-4.0.12-py3-none-any.whl.metadata (1.2 kB)
Collecting anyio>=4.10 (from httpx2<3,>=2.0.0->huggingface-hub->tabicl==0.1.3)
  Downloading http://pypi-mirror.modal.local:5555/simple/anyio/anyio-4.15.1-py3-none-any.whl.metadata (4.7 kB)
Collecting httpcore2==2.13.1 (from httpx2<3,>=2.0.0->huggingface-hub->tabicl==0.1.3)
  Downloading http://pypi-mirror.modal.local:5555/simple/httpcore2/httpcore2-2.13.1-py3-none-any.whl.metadata (26 kB)
Collecting idna>=3.18 (from httpx2<3,>=2.0.0->huggingface-hub->tabicl==0.1.3)
  Downloading http://pypi-mirror.modal.local:5555/simple/idna/idna-3.20-py3-none-any.whl.metadata (7.2 kB)
Collecting truststore>=0.10 (from httpx2<3,>=2.0.0->huggingface-hub->tabicl==0.1.3)
  Downloading http://pypi-mirror.modal.local:5555/simple/truststore/truststore-0.10.4-py3-none-any.whl.metadata (4.4 kB)
Collecting h11>=0.16 (from httpcore2==2.13.1->httpx2<3,>=2.0.0->huggingface-hub->tabicl==0.1.3)
  Downloading http://pypi-mirror.modal.local:5555/simple/h11/h11-0.16.0-py3-none-any.whl.metadata (8.3 kB)
Collecting charset_normalizer<4,>=2 (from requests<3,>=2.0.0->wandb->tabicl==0.1.3)
  Downloading http://pypi-mirror.modal.local:5555/simple/charset-normalizer/charset_normalizer-3.5.2-cp311-cp311-manylinux2014_x86_64.manylinux_2_17_x86_64.manylinux_2_28_x86_64.whl.metadata (46 kB)
Collecting urllib3<3,>=1.26 (from requests<3,>=2.0.0->wandb->tabicl==0.1.3)
  Downloading http://pypi-mirror.modal.local:5555/simple/urllib3/urllib3-2.8.0-py3-none-any.whl.metadata (7.4 kB)
Requirement already satisfied: certifi>=2023.5.7 in /usr/local/lib/python3.11/site-packages (from requests<3,>=2.0.0->wandb->tabicl==0.1.3) (2024.8.30)
Collecting huggingface-hub (from tabicl==0.1.3)
  Downloading http://pypi-mirror.modal.local:5555/simple/huggingface-hub/huggingface_hub-1.33.0-py3-none-any.whl.metadata (16 kB)
Collecting httpx<1,>=0.23.0 (from huggingface-hub->tabicl==0.1.3)
  Downloading http://pypi-mirror.modal.local:5555/simple/httpx/httpx-0.28.1-py3-none-any.whl.metadata (7.1 kB)
Collecting httpcore==1.* (from httpx<1,>=0.23.0->huggingface-hub->tabicl==0.1.3)
  Downloading http://pypi-mirror.modal.local:5555/simple/httpcore/httpcore-1.0.9-py3-none-any.whl.metadata (21 kB)
Requirement already satisfied: MarkupSafe>=2.0 in /usr/local/lib/python3.11/site-packages (from jinja2->torch<3,>=2.2->tabicl==0.1.3) (3.0.3)
Collecting shellingham>=1.3.0 (from typer->transformers->tabicl==0.1.3)
  Downloading http://pypi-mirror.modal.local:5555/simple/shellingham/shellingham-1.5.4-py2.py3-none-any.whl.metadata (3.5 kB)
Collecting rich>=13.8.0 (from typer->transformers->tabicl==0.1.3)
  Downloading http://pypi-mirror.modal.local:5555/simple/rich/rich-15.0.0-py3-none-any.whl.metadata (18 kB)
Collecting annotated-doc>=0.0.2 (from typer->transformers->tabicl==0.1.3)
  Downloading http://pypi-mirror.modal.local:5555/simple/annotated-doc/annotated_doc-0.0.5-py3-none-any.whl.metadata (6.5 kB)
Collecting typing-extensions>=4.2.0 (from pydantic==1.10.26)
  Downloading http://pypi-mirror.modal.local:5555/simple/typing-extensions/typing_extensions-4.16.0-py3-none-any.whl.metadata (3.3 kB)
Collecting smmap<6,>=3.0.1 (from gitdb<5,>=4.0.1->gitpython!=3.1.29,>=1.0.0->wandb->tabicl==0.1.3)
  Downloading http://pypi-mirror.modal.local:5555/simple/smmap/smmap-5.0.3-py3-none-any.whl.metadata (4.6 kB)
Collecting markdown-it-py>=2.2.0 (from rich>=13.8.0->typer->transformers->tabicl==0.1.3)
  Downloading http://pypi-mirror.modal.local:5555/simple/markdown-it-py/markdown_it_py-4.2.0-py3-none-any.whl.metadata (7.4 kB)
Collecting pygments<3.0.0,>=2.13.0 (from rich>=13.8.0->typer->transformers->tabicl==0.1.3)
  Downloading http://pypi-mirror.modal.local:5555/simple/pygments/pygments-2.21.0-py3-none-any.whl.metadata (2.5 kB)
Collecting mdurl~=0.1 (from markdown-it-py>=2.2.0->rich>=13.8.0->typer->transformers->tabicl==0.1.3)
  Downloading http://pypi-mirror.modal.local:5555/simple/mdurl/mdurl-0.1.2-py3-none-any.whl.metadata (1.6 kB)
Downloading http://pypi-mirror.modal.local:5555/simple/numpy/numpy-1.26.4-cp311-cp311-manylinux_2_17_x86_64.manylinux2014_x86_64.whl (18.3 MB)
   ━━━━━━━━━━━━━━━━━━━━━━━━━━━━━━━━━━━━━━━━ 18.3/18.3 MB 844.1 MB/s eta 0:00:00
Downloading http://pypi-mirror.modal.local:5555/simple/pandas/pandas-2.2.3-cp311-cp311-manylinux_2_17_x86_64.manylinux2014_x86_64.whl (13.1 MB)
   ━━━━━━━━━━━━━━━━━━━━━━━━━━━━━━━━━━━━━━━━ 13.1/13.1 MB 758.2 MB/s eta 0:00:00
Downloading http://pypi-mirror.modal.local:5555/simple/pydantic/pydantic-1.10.26-cp311-cp311-manylinux2014_x86_64.manylinux_2_17_x86_64.whl (2.8 MB)
   ━━━━━━━━━━━━━━━━━━━━━━━━━━━━━━━━━━━━━━━━ 2.8/2.8 MB 814.8 MB/s eta 0:00:00
Downloading http://pypi-mirror.modal.local:5555/simple/pyyaml/PyYAML-6.0.2-cp311-cp311-manylinux_2_17_x86_64.manylinux2014_x86_64.whl (762 kB)
   ━━━━━━━━━━━━━━━━━━━━━━━━━━━━━━━━━━━━━━━ 763.0/763.0 kB 926.6 MB/s eta 0:00:00
Downloading http://pypi-mirror.modal.local:5555/simple/scikit-learn/scikit_learn-1.6.1-cp311-cp311-manylinux_2_17_x86_64.manylinux2014_x86_64.whl (13.5 MB)
   ━━━━━━━━━━━━━━━━━━━━━━━━━━━━━━━━━━━━━━━━ 13.5/13.5 MB 245.4 MB/s eta 0:00:00
Downloading http://pypi-mirror.modal.local:5555/simple/tabicl/tabicl-0.1.3-py3-none-any.whl (103 kB)
Downloading http://pypi-mirror.modal.local:5555/simple/einops/einops-0.8.2-py3-none-any.whl (65 kB)
Downloading http://pypi-mirror.modal.local:5555/simple/joblib/joblib-1.6.0-py3-none-any.whl (306 kB)
Downloading http://pypi-mirror.modal.local:5555/simple/python-dateutil/python_dateutil-2.9.0.post0-py2.py3-none-any.whl (229 kB)
Downloading http://pypi-mirror.modal.local:5555/simple/pytz/pytz-2026.4-py2.py3-none-any.whl (506 kB)
Downloading http://pypi-mirror.modal.local:5555/simple/scipy/scipy-1.17.1-cp311-cp311-manylinux_2_27_x86_64.manylinux_2_28_x86_64.whl (35.3 MB)
   ━━━━━━━━━━━━━━━━━━━━━━━━━━━━━━━━━━━━━━━━ 35.3/35.3 MB 761.2 MB/s eta 0:00:00
Downloading http://pypi-mirror.modal.local:5555/simple/threadpoolctl/threadpoolctl-3.7.0-py3-none-any.whl (26 kB)
Downloading http://pypi-mirror.modal.local:5555/simple/tqdm/tqdm-4.70.1-py3-none-any.whl (80 kB)
Downloading http://pypi-mirror.modal.local:5555/simple/tzdata/tzdata-2026.4-py2.py3-none-any.whl (347 kB)
Downloading http://pypi-mirror.modal.local:5555/simple/psutil/psutil-7.2.2-cp36-abi3-manylinux2010_x86_64.manylinux_2_12_x86_64.manylinux_2_28_x86_64.whl (155 kB)
Downloading http://pypi-mirror.modal.local:5555/simple/transformers/transformers-5.18.0-py3-none-any.whl (12.6 MB)
   ━━━━━━━━━━━━━━━━━━━━━━━━━━━━━━━━━━━━━━━━ 12.6/12.6 MB 840.0 MB/s eta 0:00:00
Downloading http://pypi-mirror.modal.local:5555/simple/wandb/wandb-0.26.1-py3-none-manylinux_2_28_x86_64.whl (27.2 MB)
   ━━━━━━━━━━━━━━━━━━━━━━━━━━━━━━━━━━━━━━━━ 27.2/27.2 MB 221.0 MB/s eta 0:00:00
Downloading http://pypi-mirror.modal.local:5555/simple/xgboost/xgboost-3.2.0-py3-none-manylinux_2_28_x86_64.whl (131.7 MB)
   ━━━━━━━━━━━━━━━━━━━━━━━━━━━━━━━━━━━━━━━ 131.7/131.7 MB 759.2 MB/s eta 0:00:00
Downloading http://pypi-mirror.modal.local:5555/simple/click/click-8.5.0-py3-none-any.whl (125 kB)
Downloading http://pypi-mirror.modal.local:5555/simple/cloudpickle/cloudpickle-3.1.2-py3-none-any.whl (22 kB)
Downloading http://pypi-mirror.modal.local:5555/simple/gitpython/gitpython-3.2.0-py3-none-any.whl (228 kB)
Downloading http://pypi-mirror.modal.local:5555/simple/hf-xet/hf_xet-1.6.0-cp38-abi3-manylinux2014_x86_64.manylinux_2_17_x86_64.whl (4.5 MB)
   ━━━━━━━━━━━━━━━━━━━━━━━━━━━━━━━━━━━━━━━━ 4.5/4.5 MB 907.8 MB/s eta 0:00:00
Downloading http://pypi-mirror.modal.local:5555/simple/packaging/packaging-26.3-py3-none-any.whl (129 kB)
Downloading http://pypi-mirror.modal.local:5555/simple/regex/regex-2026.9.29-cp311-cp311-manylinux2014_x86_64.manylinux_2_17_x86_64.manylinux_2_28_x86_64.whl (804 kB)
   ━━━━━━━━━━━━━━━━━━━━━━━━━━━━━━━━━━━━━━━━ 805.0/805.0 kB 1.1 GB/s eta 0:00:00
Downloading http://pypi-mirror.modal.local:5555/simple/requests/requests-2.34.2-py3-none-any.whl (73 kB)
Downloading http://pypi-mirror.modal.local:5555/simple/safetensors/safetensors-0.8.0-cp310-abi3-manylinux_2_17_x86_64.manylinux2014_x86_64.whl (516 kB)
Downloading http://pypi-mirror.modal.local:5555/simple/sentry-sdk/sentry_sdk-2.71.0-py3-none-any.whl (534 kB)
   ━━━━━━━━━━━━━━━━━━━━━━━━━━━━━━━━━━━━━━━ 534.3/534.3 kB 893.3 MB/s eta 0:00:00
Downloading http://pypi-mirror.modal.local:5555/simple/six/six-1.17.0-py2.py3-none-any.whl (11 kB)
Downloading http://pypi-mirror.modal.local:5555/simple/tokenizers/tokenizers-0.23.2-cp310-abi3-manylinux_2_17_x86_64.manylinux2014_x86_64.whl (3.4 MB)
   ━━━━━━━━━━━━━━━━━━━━━━━━━━━━━━━━━━━━━━━━ 3.4/3.4 MB 1.1 GB/s eta 0:00:00
Downloading http://pypi-mirror.modal.local:5555/simple/huggingface-hub/huggingface_hub-1.33.0-py3-none-any.whl (846 kB)
   ━━━━━━━━━━━━━━━━━━━━━━━━━━━━━━━━━━━━━━━ 846.4/846.4 kB 902.1 MB/s eta 0:00:00
Downloading http://pypi-mirror.modal.local:5555/simple/httpx/httpx-0.28.1-py3-none-any.whl (73 kB)
Downloading http://pypi-mirror.modal.local:5555/simple/httpcore/httpcore-1.0.9-py3-none-any.whl (78 kB)
Downloading http://pypi-mirror.modal.local:5555/simple/platformdirs/platformdirs-4.12.2-py3-none-any.whl (32 kB)
Downloading http://pypi-mirror.modal.local:5555/simple/typer/typer-0.27.2-py3-none-any.whl (123 kB)
Downloading http://pypi-mirror.modal.local:5555/simple/annotated-doc/annotated_doc-0.0.5-py3-none-any.whl (5.3 kB)
Downloading http://pypi-mirror.modal.local:5555/simple/anyio/anyio-4.15.1-py3-none-any.whl (132 kB)
Downloading http://pypi-mirror.modal.local:5555/simple/typing-extensions/typing_extensions-4.16.0-py3-none-any.whl (45 kB)
Downloading http://pypi-mirror.modal.local:5555/simple/charset-normalizer/charset_normalizer-3.5.2-cp311-cp311-manylinux2014_x86_64.manylinux_2_17_x86_64.manylinux_2_28_x86_64.whl (269 kB)
Downloading http://pypi-mirror.modal.local:5555/simple/gitdb/gitdb-4.0.12-py3-none-any.whl (62 kB)
Downloading http://pypi-mirror.modal.local:5555/simple/idna/idna-3.20-py3-none-any.whl (69 kB)
Downloading http://pypi-mirror.modal.local:5555/simple/rich/rich-15.0.0-py3-none-any.whl (310 kB)
Downloading http://pypi-mirror.modal.local:5555/simple/shellingham/shellingham-1.5.4-py2.py3-none-any.whl (9.8 kB)
Downloading http://pypi-mirror.modal.local:5555/simple/urllib3/urllib3-2.8.0-py3-none-any.whl (135 kB)
Downloading http://pypi-mirror.modal.local:5555/simple/h11/h11-0.16.0-py3-none-any.whl (37 kB)
Downloading http://pypi-mirror.modal.local:5555/simple/markdown-it-py/markdown_it_py-4.2.0-py3-none-any.whl (91 kB)
Downloading http://pypi-mirror.modal.local:5555/simple/pygments/pygments-2.21.0-py3-none-any.whl (1.3 MB)
   ━━━━━━━━━━━━━━━━━━━━━━━━━━━━━━━━━━━━━━━━ 1.3/1.3 MB 1.1 GB/s eta 0:00:00
Downloading http://pypi-mirror.modal.local:5555/simple/smmap/smmap-5.0.3-py3-none-any.whl (24 kB)
Downloading http://pypi-mirror.modal.local:5555/simple/mdurl/mdurl-0.1.2-py3-none-any.whl (10.0 kB)
Installing collected packages: pytz, urllib3, tzdata, typing-extensions, tqdm, threadpoolctl, smmap, six, shellingham, safetensors, regex, pyyaml, pygments, psutil, platformdirs, packaging, numpy, mdurl, idna, hf-xet, h11, einops, cloudpickle, click, charset_normalizer, annotated-doc, sentry-sdk, scipy, requests, python-dateutil, pydantic, markdown-it-py, joblib, httpcore, gitdb, anyio, xgboost, scikit-learn, rich, pandas, httpx, gitpython, wandb, typer, huggingface-hub, tokenizers, transformers, tabicl
  Attempting uninstall: typing-extensions
    Found existing installation: typing_extensions 4.12.2
    Uninstalling typing_extensions-4.12.2:
      Successfully uninstalled typing_extensions-4.12.2
  Attempting uninstall: idna
    Found existing installation: idna 3.10
    Uninstalling idna-3.10:
      Successfully uninstalled idna-3.10
Successfully installed annotated-doc-0.0.5 anyio-4.15.1 charset_normalizer-3.5.2 click-8.5.0 cloudpickle-3.1.2 einops-0.8.2 gitdb-4.0.12 gitpython-3.2.0 h11-0.16.0 hf-xet-1.6.0 httpcore-1.0.9 httpx-0.28.1 huggingface-hub-1.33.0 idna-3.20 joblib-1.6.0 markdown-it-py-4.2.0 mdurl-0.1.2 numpy-1.26.4 packaging-26.3 pandas-2.2.3 platformdirs-4.12.2 psutil-7.2.2 pydantic-1.10.26 pygments-2.21.0 python-dateutil-2.9.0.post0 pytz-2026.4 pyyaml-6.0.2 regex-2026.9.29 requests-2.34.2 rich-15.0.0 safetensors-0.8.0 scikit-learn-1.6.1 scipy-1.17.1 sentry-sdk-2.71.0 shellingham-1.5.4 six-1.17.0 smmap-5.0.3 tabicl-0.1.3 threadpoolctl-3.7.0 tokenizers-0.23.2 tqdm-4.70.1 transformers-5.18.0 typer-0.27.2 typing-extensions-4.16.0 tzdata-2026.4 urllib3-2.8.0 wandb-0.26.1 xgboost-3.2.0

[notice] A new release of pip is available: 24.3.1 -> 26.2.1
[notice] To update, run: pip install --upgrade pip
Saving image...
Image saved, took 2.72s

Built image im-tSXVEwlzEk461wCk4MKV6e in 26.43s


✓ Created objects.
├── 🔨 Created mount /home/avist/Projects/relational/modal/l166_repro.py
├── 🔨 Created mount /home/avist/Projects/relational/labs/_run_l166.py
├── 🔨 Created mount /tmp/l166-input
├── 🔨 Created mount 
│   /home/avist/Projects/relational/labs/sources/l166/upstream/model_pretrain
├── 🔨 Created function probe.
└── 🔨 Created function remaining.
Traceback (most recent call last):
  File "/pkg/modal/_runtime/task_lifecycle_manager.py", line 84, in handle_task_lifecycle_exception
    yield
  File "/pkg/modal/_container_entrypoint.py", line 362, in hydrate_function
    service = get_function_service(function_def, _client)
              ^^^^^^^^^^^^^^^^^^^^^^^^^^^^^^^^^^^^^^^^^^^
  File "/pkg/modal/_container_entrypoint.py", line 340, in get_function_service
    service = import_single_function_service(
              ^^^^^^^^^^^^^^^^^^^^^^^^^^^^^^^
  File "/pkg/modal/_runtime/user_code_imports.py", line 509, in import_single_function_service
    module = importlib.import_module(function_def.module_name)
             ^^^^^^^^^^^^^^^^^^^^^^^^^^^^^^^^^^^^^^^^^^^^^^^^^
  File "/usr/local/lib/python3.11/importlib/__init__.py", line 126, in import_module
    return _bootstrap._gcd_import(name[level:], package, level)
           ^^^^^^^^^^^^^^^^^^^^^^^^^^^^^^^^^^^^^^^^^^^^^^^^^^^^
  File "<frozen importlib._bootstrap>", line 1204, in _gcd_import
  File "<frozen importlib._bootstrap>", line 1176, in _find_and_load
  File "<frozen importlib._bootstrap>", line 1147, in _find_and_load_unlocked
  File "<frozen importlib._bootstrap>", line 690, in _load_unlocked
  File "<frozen importlib._bootstrap_external>", line 940, in exec_module
  File "<frozen importlib._bootstrap>", line 241, in _call_with_frames_removed
  File "/root/l166_repro.py", line 6, in <module>
    from _guard_l166 import reserve,RATE
ModuleNotFoundError: No module named '_guard_l166'
Runner failed with exception: ModuleNotFoundError("No module named '_guard_l166'")
Traceback (most recent call last):
  File "/pkg/modal/_runtime/task_lifecycle_manager.py", line 84, in handle_task_lifecycle_exception
    yield
  File "/pkg/modal/_container_entrypoint.py", line 362, in hydrate_function
    service = get_function_service(function_def, _client)
              ^^^^^^^^^^^^^^^^^^^^^^^^^^^^^^^^^^^^^^^^^^^
  File "/pkg/modal/_container_entrypoint.py", line 340, in get_function_service
    service = import_single_function_service(
              ^^^^^^^^^^^^^^^^^^^^^^^^^^^^^^^
  File "/pkg/modal/_runtime/user_code_imports.py", line 509, in import_single_function_service
    module = importlib.import_module(function_def.module_name)
             ^^^^^^^^^^^^^^^^^^^^^^^^^^^^^^^^^^^^^^^^^^^^^^^^^
  File "/usr/local/lib/python3.11/importlib/__init__.py", line 126, in import_module
    return _bootstrap._gcd_import(name[level:], package, level)
           ^^^^^^^^^^^^^^^^^^^^^^^^^^^^^^^^^^^^^^^^^^^^^^^^^^^^
  File "<frozen importlib._bootstrap>", line 1204, in _gcd_import
  File "<frozen importlib._bootstrap>", line 1176, in _find_and_load
  File "<frozen importlib._bootstrap>", line 1147, in _find_and_load_unlocked
  File "<frozen importlib._bootstrap>", line 690, in _load_unlocked
  File "<frozen importlib._bootstrap_external>", line 940, in exec_module
  File "<frozen importlib._bootstrap>", line 241, in _call_with_frames_removed
  File "/root/l166_repro.py", line 6, in <module>
    from _guard_l166 import reserve,RATE
ModuleNotFoundError: No module named '_guard_l166'
Runner failed with exception: ModuleNotFoundError("No module named '_guard_l166'")
Traceback (most recent call last):
  File "/pkg/modal/_runtime/task_lifecycle_manager.py", line 84, in handle_task_lifecycle_exception
    yield
  File "/pkg/modal/_container_entrypoint.py", line 362, in hydrate_function
    service = get_function_service(function_def, _client)
              ^^^^^^^^^^^^^^^^^^^^^^^^^^^^^^^^^^^^^^^^^^^
  File "/pkg/modal/_container_entrypoint.py", line 340, in get_function_service
    service = import_single_function_service(
              ^^^^^^^^^^^^^^^^^^^^^^^^^^^^^^^
  File "/pkg/modal/_runtime/user_code_imports.py", line 509, in import_single_function_service
    module = importlib.import_module(function_def.module_name)
             ^^^^^^^^^^^^^^^^^^^^^^^^^^^^^^^^^^^^^^^^^^^^^^^^^
  File "/usr/local/lib/python3.11/importlib/__init__.py", line 126, in import_module
    return _bootstrap._gcd_import(name[level:], package, level)
           ^^^^^^^^^^^^^^^^^^^^^^^^^^^^^^^^^^^^^^^^^^^^^^^^^^^^
  File "<frozen importlib._bootstrap>", line 1204, in _gcd_import
  File "<frozen importlib._bootstrap>", line 1176, in _find_and_load
  File "<frozen importlib._bootstrap>", line 1147, in _find_and_load_unlocked
  File "<frozen importlib._bootstrap>", line 690, in _load_unlocked
  File "<frozen importlib._bootstrap_external>", line 940, in exec_module
  File "<frozen importlib._bootstrap>", line 241, in _call_with_frames_removed
  File "/root/l166_repro.py", line 6, in <module>
    from _guard_l166 import reserve,RATE
ModuleNotFoundError: No module named '_guard_l166'
Runner failed with exception: ModuleNotFoundError("No module named '_guard_l166'")
Traceback (most recent call last):
  File "/pkg/modal/_runtime/task_lifecycle_manager.py", line 84, in handle_task_lifecycle_exception
    yield
  File "/pkg/modal/_container_entrypoint.py", line 362, in hydrate_function
    service = get_function_service(function_def, _client)
              ^^^^^^^^^^^^^^^^^^^^^^^^^^^^^^^^^^^^^^^^^^^
  File "/pkg/modal/_container_entrypoint.py", line 340, in get_function_service
    service = import_single_function_service(
              ^^^^^^^^^^^^^^^^^^^^^^^^^^^^^^^
  File "/pkg/modal/_runtime/user_code_imports.py", line 509, in import_single_function_service
    module = importlib.import_module(function_def.module_name)
             ^^^^^^^^^^^^^^^^^^^^^^^^^^^^^^^^^^^^^^^^^^^^^^^^^
  File "/usr/local/lib/python3.11/importlib/__init__.py", line 126, in import_module
    return _bootstrap._gcd_import(name[level:], package, level)
           ^^^^^^^^^^^^^^^^^^^^^^^^^^^^^^^^^^^^^^^^^^^^^^^^^^^^
  File "<frozen importlib._bootstrap>", line 1204, in _gcd_import
  File "<frozen importlib._bootstrap>", line 1176, in _find_and_load
  File "<frozen importlib._bootstrap>", line 1147, in _find_and_load_unlocked
  File "<frozen importlib._bootstrap>", line 690, in _load_unlocked
  File "<frozen importlib._bootstrap_external>", line 940, in exec_module
  File "<frozen importlib._bootstrap>", line 241, in _call_with_frames_removed
  File "/root/l166_repro.py", line 6, in <module>
    from _guard_l166 import reserve,RATE
ModuleNotFoundError: No module named '_guard_l166'
Runner failed with exception: ModuleNotFoundError("No module named '_guard_l166'")
Traceback (most recent call last):
Runner failed with exception: ModuleNotFoundError("No module named '_guard_l166'")
  File "/pkg/modal/_runtime/task_lifecycle_manager.py", line 84, in handle_task_lifecycle_exception
    yield
  File "/pkg/modal/_container_entrypoint.py", line 362, in hydrate_function
    service = get_function_service(function_def, _client)
              ^^^^^^^^^^^^^^^^^^^^^^^^^^^^^^^^^^^^^^^^^^^
  File "/pkg/modal/_container_entrypoint.py", line 340, in get_function_service
    service = import_single_function_service(
              ^^^^^^^^^^^^^^^^^^^^^^^^^^^^^^^
  File "/pkg/modal/_runtime/user_code_imports.py", line 509, in import_single_function_service
    module = importlib.import_module(function_def.module_name)
             ^^^^^^^^^^^^^^^^^^^^^^^^^^^^^^^^^^^^^^^^^^^^^^^^^
  File "/usr/local/lib/python3.11/importlib/__init__.py", line 126, in import_module
    return _bootstrap._gcd_import(name[level:], package, level)
           ^^^^^^^^^^^^^^^^^^^^^^^^^^^^^^^^^^^^^^^^^^^^^^^^^^^^
  File "<frozen importlib._bootstrap>", line 1204, in _gcd_import
  File "<frozen importlib._bootstrap>", line 1176, in _find_and_load
  File "<frozen importlib._bootstrap>", line 1147, in _find_and_load_unlocked
  File "<frozen importlib._bootstrap>", line 690, in _load_unlocked
  File "<frozen importlib._bootstrap_external>", line 940, in exec_module
  File "<frozen importlib._bootstrap>", line 241, in _call_with_frames_removed
  File "/root/l166_repro.py", line 6, in <module>
    from _guard_l166 import reserve,RATE
ModuleNotFoundError: No module named '_guard_l166'
Traceback (most recent call last):
  File "/pkg/modal/_runtime/task_lifecycle_manager.py", line 84, in handle_task_lifecycle_exception
    yield
  File "/pkg/modal/_container_entrypoint.py", line 362, in hydrate_function
    service = get_function_service(function_def, _client)
              ^^^^^^^^^^^^^^^^^^^^^^^^^^^^^^^^^^^^^^^^^^^
  File "/pkg/modal/_container_entrypoint.py", line 340, in get_function_service
    service = import_single_function_service(
              ^^^^^^^^^^^^^^^^^^^^^^^^^^^^^^^
  File "/pkg/modal/_runtime/user_code_imports.py", line 509, in import_single_function_service
    module = importlib.import_module(function_def.module_name)
             ^^^^^^^^^^^^^^^^^^^^^^^^^^^^^^^^^^^^^^^^^^^^^^^^^
  File "/usr/local/lib/python3.11/importlib/__init__.py", line 126, in import_module
    return _bootstrap._gcd_import(name[level:], package, level)
           ^^^^^^^^^^^^^^^^^^^^^^^^^^^^^^^^^^^^^^^^^^^^^^^^^^^^
  File "<frozen importlib._bootstrap>", line 1204, in _gcd_import
  File "<frozen importlib._bootstrap>", line 1176, in _find_and_load
  File "<frozen importlib._bootstrap>", line 1147, in _find_and_load_unlocked
  File "<frozen importlib._bootstrap>", line 690, in _load_unlocked
  File "<frozen importlib._bootstrap_external>", line 940, in exec_module
  File "<frozen importlib._bootstrap>", line 241, in _call_with_frames_removed
  File "/root/l166_repro.py", line 6, in <module>
    from _guard_l166 import reserve,RATE
ModuleNotFoundError: No module named '_guard_l166'
Runner failed with exception: ModuleNotFoundError("No module named '_guard_l166'")
Traceback (most recent call last):
  File "/pkg/modal/_runtime/task_lifecycle_manager.py", line 84, in handle_task_lifecycle_exception
    yield
  File "/pkg/modal/_container_entrypoint.py", line 362, in hydrate_function
    service = get_function_service(function_def, _client)
              ^^^^^^^^^^^^^^^^^^^^^^^^^^^^^^^^^^^^^^^^^^^
  File "/pkg/modal/_container_entrypoint.py", line 340, in get_function_service
    service = import_single_function_service(
              ^^^^^^^^^^^^^^^^^^^^^^^^^^^^^^^
  File "/pkg/modal/_runtime/user_code_imports.py", line 509, in import_single_function_service
    module = importlib.import_module(function_def.module_name)
             ^^^^^^^^^^^^^^^^^^^^^^^^^^^^^^^^^^^^^^^^^^^^^^^^^
  File "/usr/local/lib/python3.11/importlib/__init__.py", line 126, in import_module
    return _bootstrap._gcd_import(name[level:], package, level)
           ^^^^^^^^^^^^^^^^^^^^^^^^^^^^^^^^^^^^^^^^^^^^^^^^^^^^
  File "<frozen importlib._bootstrap>", line 1204, in _gcd_import
  File "<frozen importlib._bootstrap>", line 1176, in _find_and_load
  File "<frozen importlib._bootstrap>", line 1147, in _find_and_load_unlocked
  File "<frozen importlib._bootstrap>", line 690, in _load_unlocked
  File "<frozen importlib._bootstrap_external>", line 940, in exec_module
  File "<frozen importlib._bootstrap>", line 241, in _call_with_frames_removed
  File "/root/l166_repro.py", line 6, in <module>
    from _guard_l166 import reserve,RATE
ModuleNotFoundError: No module named '_guard_l166'
Runner failed with exception: ModuleNotFoundError("No module named '_guard_l166'")
Traceback (most recent call last):
  File "/pkg/modal/_runtime/task_lifecycle_manager.py", line 84, in handle_task_lifecycle_exception
    yield
  File "/pkg/modal/_container_entrypoint.py", line 362, in hydrate_function
    service = get_function_service(function_def, _client)
              ^^^^^^^^^^^^^^^^^^^^^^^^^^^^^^^^^^^^^^^^^^^
  File "/pkg/modal/_container_entrypoint.py", line 340, in get_function_service
    service = import_single_function_service(
              ^^^^^^^^^^^^^^^^^^^^^^^^^^^^^^^
  File "/pkg/modal/_runtime/user_code_imports.py", line 509, in import_single_function_service
    module = importlib.import_module(function_def.module_name)
             ^^^^^^^^^^^^^^^^^^^^^^^^^^^^^^^^^^^^^^^^^^^^^^^^^
  File "/usr/local/lib/python3.11/importlib/__init__.py", line 126, in import_module
    return _bootstrap._gcd_import(name[level:], package, level)
           ^^^^^^^^^^^^^^^^^^^^^^^^^^^^^^^^^^^^^^^^^^^^^^^^^^^^
  File "<frozen importlib._bootstrap>", line 1204, in _gcd_import
  File "<frozen importlib._bootstrap>", line 1176, in _find_and_load
  File "<frozen importlib._bootstrap>", line 1147, in _find_and_load_unlocked
  File "<frozen importlib._bootstrap>", line 690, in _load_unlocked
  File "<frozen importlib._bootstrap_external>", line 940, in exec_module
  File "<frozen importlib._bootstrap>", line 241, in _call_with_frames_removed
  File "/root/l166_repro.py", line 6, in <module>
    from _guard_l166 import reserve,RATE
ModuleNotFoundError: No module named '_guard_l166'
Runner failed with exception: ModuleNotFoundError("No module named '_guard_l166'")
