Collecting pydantic==2.11.7
  Downloading pydantic-2.11.7-py3-none-any.whl.metadata (67 kB)
     ━━━━━━━━━━━━━━━━━━━━━━━━━━━━━━━━━━━━━━━ 68.0/68.0 kB 947.7 kB/s eta 0:00:00
Collecting annotated-types>=0.6.0 (from pydantic==2.11.7)
  Using cached annotated_types-0.8.0-py3-none-any.whl.metadata (15 kB)
Collecting pydantic-core==2.33.2 (from pydantic==2.11.7)
  Downloading pydantic_core-2.33.2-cp312-cp312-manylinux_2_17_aarch64.manylinux2014_aarch64.whl.metadata (6.8 kB)
Requirement already satisfied: typing-extensions>=4.12.2 in ./.venv/lib/python3.12/site-packages (from pydantic==2.11.7) (4.15.0)
Collecting typing-inspection>=0.4.0 (from pydantic==2.11.7)
  Using cached typing_inspection-0.4.4-py3-none-any.whl.metadata (2.6 kB)
Downloading pydantic-2.11.7-py3-none-any.whl (444 kB)
   ━━━━━━━━━━━━━━━━━━━━━━━━━━━━━━━━━━━━━━━━ 444.8/444.8 kB 4.2 MB/s eta 0:00:00
Downloading pydantic_core-2.33.2-cp312-cp312-manylinux_2_17_aarch64.manylinux2014_aarch64.whl (1.9 MB)
   ━━━━━━━━━━━━━━━━━━━━━━━━━━━━━━━━━━━━━━━━ 1.9/1.9 MB 8.3 MB/s eta 0:00:00
Using cached annotated_types-0.8.0-py3-none-any.whl (13 kB)
Using cached typing_inspection-0.4.4-py3-none-any.whl (14 kB)
Installing collected packages: typing-inspection, pydantic-core, annotated-types, pydantic
  Attempting uninstall: pydantic
    Found existing installation: pydantic 1.10.26
    Not uninstalling pydantic at /home/avist/Projects/relational/.venv/lib/python3.12/site-packages, outside environment /tmp/l178-env
    Can't uninstall 'pydantic'. No files were found to uninstall.
Successfully installed annotated-types-0.8.0 pydantic-2.11.7 pydantic-core-2.33.2 typing-inspection-0.4.4
