Collecting fastdfs==0.2.1
  Downloading fastdfs-0.2.1-py3-none-any.whl.metadata (9.1 kB)
Collecting pandas<3.0,>=2.3.3 (from fastdfs==0.2.1)
  Downloading pandas-2.3.3-cp312-cp312-manylinux_2_24_aarch64.manylinux_2_28_aarch64.whl.metadata (91 kB)
     ━━━━━━━━━━━━━━━━━━━━━━━━━━━━━━━━━━━━━━━━ 91.2/91.2 kB 1.1 MB/s eta 0:00:00
Requirement already satisfied: numpy in ./.venv/lib/python3.12/site-packages (from fastdfs==0.2.1) (2.5.0)
Requirement already satisfied: scipy in ./.venv/lib/python3.12/site-packages (from fastdfs==0.2.1) (1.18.0)
Requirement already satisfied: scikit-learn in ./.venv/lib/python3.12/site-packages (from fastdfs==0.2.1) (1.9.0)
Collecting pyarrow<21.0.0 (from fastdfs==0.2.1)
  Downloading pyarrow-20.0.0-cp312-cp312-manylinux_2_28_aarch64.whl.metadata (3.3 kB)
Collecting featuretools (from fastdfs==0.2.1)
  Downloading featuretools-1.31.0-py3-none-any.whl.metadata (15 kB)
Collecting sqlalchemy (from fastdfs==0.2.1)
  Downloading sqlalchemy-2.1.2-cp312-cp312-manylinux2014_aarch64.manylinux_2_17_aarch64.manylinux_2_28_aarch64.whl.metadata (9.7 kB)
Requirement already satisfied: duckdb in ./.venv/lib/python3.12/site-packages (from fastdfs==0.2.1) (1.5.5)
Collecting sqlglot<28.0.0,>=27.8.0 (from fastdfs==0.2.1)
  Downloading sqlglot-27.29.0-py3-none-any.whl.metadata (20 kB)
Collecting sql_formatter (from fastdfs==0.2.1)
  Downloading sql_formatter-0.6.2-py3-none-any.whl.metadata (10 kB)
Requirement already satisfied: pydantic in ./.venv/lib/python3.12/site-packages (from fastdfs==0.2.1) (1.10.26)
Requirement already satisfied: pyyaml in ./.venv/lib/python3.12/site-packages (from fastdfs==0.2.1) (6.0.3)
Requirement already satisfied: tqdm in ./.venv/lib/python3.12/site-packages (from fastdfs==0.2.1) (4.70.0)
Requirement already satisfied: psutil in ./.venv/lib/python3.12/site-packages (from fastdfs==0.2.1) (7.2.2)
Collecting loguru (from fastdfs==0.2.1)
  Downloading loguru-0.7.3-py3-none-any.whl.metadata (22 kB)
Collecting boto3 (from fastdfs==0.2.1)
  Downloading boto3-1.43.107-py3-none-any.whl.metadata (6.6 kB)
Requirement already satisfied: requests in ./.venv/lib/python3.12/site-packages (from fastdfs==0.2.1) (2.34.2)
Requirement already satisfied: python-dateutil>=2.8.2 in ./.venv/lib/python3.12/site-packages (from pandas<3.0,>=2.3.3->fastdfs==0.2.1) (2.9.0.post0)
Requirement already satisfied: pytz>=2020.1 in /usr/lib/python3/dist-packages (from pandas<3.0,>=2.3.3->fastdfs==0.2.1) (2024.1)
Requirement already satisfied: tzdata>=2022.7 in ./.venv/lib/python3.12/site-packages (from pandas<3.0,>=2.3.3->fastdfs==0.2.1) (2026.2)
Collecting botocore<1.44.0,>=1.43.107 (from boto3->fastdfs==0.2.1)
  Downloading botocore-1.43.107-py3-none-any.whl.metadata (5.6 kB)
Collecting jmespath<2.0.0,>=0.7.1 (from boto3->fastdfs==0.2.1)
  Downloading jmespath-1.1.0-py3-none-any.whl.metadata (7.6 kB)
Collecting s3transfer<0.20.0,>=0.19.0 (from boto3->fastdfs==0.2.1)
  Downloading s3transfer-0.19.2-py3-none-any.whl.metadata (1.7 kB)
Requirement already satisfied: cloudpickle>=1.5.0 in ./.venv/lib/python3.12/site-packages (from featuretools->fastdfs==0.2.1) (3.1.2)
Collecting holidays>=0.17 (from featuretools->fastdfs==0.2.1)
  Downloading holidays-0.105-py3-none-any.whl.metadata (55 kB)
     ━━━━━━━━━━━━━━━━━━━━━━━━━━━━━━━━━━━━━━━━ 55.9/55.9 kB 1.6 MB/s eta 0:00:00
Requirement already satisfied: packaging>=20.0 in ./.venv/lib/python3.12/site-packages (from featuretools->fastdfs==0.2.1) (26.2)
Collecting woodwork>=0.28.0 (from featuretools->fastdfs==0.2.1)
  Downloading woodwork-0.31.0-py3-none-any.whl.metadata (10 kB)
Requirement already satisfied: typing-extensions>=4.2.0 in ./.venv/lib/python3.12/site-packages (from pydantic->fastdfs==0.2.1) (4.15.0)
Requirement already satisfied: charset_normalizer<4,>=2 in ./.venv/lib/python3.12/site-packages (from requests->fastdfs==0.2.1) (3.4.7)
Requirement already satisfied: idna<4,>=2.5 in ./.venv/lib/python3.12/site-packages (from requests->fastdfs==0.2.1) (3.18)
Requirement already satisfied: urllib3<3,>=1.26 in ./.venv/lib/python3.12/site-packages (from requests->fastdfs==0.2.1) (2.7.0)
Requirement already satisfied: certifi>=2023.5.7 in ./.venv/lib/python3.12/site-packages (from requests->fastdfs==0.2.1) (2026.6.17)
Requirement already satisfied: joblib>=1.4.0 in ./.venv/lib/python3.12/site-packages (from scikit-learn->fastdfs==0.2.1) (1.5.3)
Requirement already satisfied: narwhals>=2.0.1 in ./.venv/lib/python3.12/site-packages (from scikit-learn->fastdfs==0.2.1) (2.22.1)
Requirement already satisfied: threadpoolctl>=3.5.0 in ./.venv/lib/python3.12/site-packages (from scikit-learn->fastdfs==0.2.1) (3.6.0)
Requirement already satisfied: six>=1.5 in ./.venv/lib/python3.12/site-packages (from python-dateutil>=2.8.2->pandas<3.0,>=2.3.3->fastdfs==0.2.1) (1.17.0)
Collecting importlib-resources>=5.10.0 (from woodwork>=0.28.0->featuretools->fastdfs==0.2.1)
  Downloading importlib_resources-7.1.0-py3-none-any.whl.metadata (4.0 kB)
Downloading fastdfs-0.2.1-py3-none-any.whl (77 kB)
   ━━━━━━━━━━━━━━━━━━━━━━━━━━━━━━━━━━━━━━━━ 77.7/77.7 kB 2.9 MB/s eta 0:00:00
Downloading pandas-2.3.3-cp312-cp312-manylinux_2_24_aarch64.manylinux_2_28_aarch64.whl (11.7 MB)
   ━━━━━━━━━━━━━━━━━━━━━━━━━━━━━━━━━━━━━━━━ 11.7/11.7 MB 9.6 MB/s eta 0:00:00
Downloading pyarrow-20.0.0-cp312-cp312-manylinux_2_28_aarch64.whl (40.7 MB)
   ━━━━━━━━━━━━━━━━━━━━━━━━━━━━━━━━━━━━━━━━ 40.7/40.7 MB 7.8 MB/s eta 0:00:00
Downloading sqlglot-27.29.0-py3-none-any.whl (526 kB)
   ━━━━━━━━━━━━━━━━━━━━━━━━━━━━━━━━━━━━━━━━ 526.1/526.1 kB 7.3 MB/s eta 0:00:00
Downloading boto3-1.43.107-py3-none-any.whl (140 kB)
   ━━━━━━━━━━━━━━━━━━━━━━━━━━━━━━━━━━━━━━━━ 140.0/140.0 kB 4.9 MB/s eta 0:00:00
Downloading featuretools-1.31.0-py3-none-any.whl (587 kB)
   ━━━━━━━━━━━━━━━━━━━━━━━━━━━━━━━━━━━━━━━━ 587.9/587.9 kB 6.5 MB/s eta 0:00:00
Downloading loguru-0.7.3-py3-none-any.whl (61 kB)
   ━━━━━━━━━━━━━━━━━━━━━━━━━━━━━━━━━━━━━━━━ 61.6/61.6 kB 2.7 MB/s eta 0:00:00
Downloading sql_formatter-0.6.2-py3-none-any.whl (26 kB)
Downloading sqlalchemy-2.1.2-cp312-cp312-manylinux2014_aarch64.manylinux_2_17_aarch64.manylinux_2_28_aarch64.whl (4.7 MB)
   ━━━━━━━━━━━━━━━━━━━━━━━━━━━━━━━━━━━━━━━━ 4.7/4.7 MB 9.2 MB/s eta 0:00:00
Downloading botocore-1.43.107-py3-none-any.whl (16.0 MB)
   ━━━━━━━━━━━━━━━━━━━━━━━━━━━━━━━━━━━━━━━━ 16.0/16.0 MB 9.3 MB/s eta 0:00:00
Downloading holidays-0.105-py3-none-any.whl (1.6 MB)
   ━━━━━━━━━━━━━━━━━━━━━━━━━━━━━━━━━━━━━━━━ 1.6/1.6 MB 8.0 MB/s eta 0:00:00
Downloading jmespath-1.1.0-py3-none-any.whl (20 kB)
Downloading s3transfer-0.19.2-py3-none-any.whl (90 kB)
   ━━━━━━━━━━━━━━━━━━━━━━━━━━━━━━━━━━━━━━━━ 90.2/90.2 kB 5.8 MB/s eta 0:00:00
Downloading woodwork-0.31.0-py3-none-any.whl (215 kB)
   ━━━━━━━━━━━━━━━━━━━━━━━━━━━━━━━━━━━━━━━━ 215.2/215.2 kB 7.6 MB/s eta 0:00:00
Downloading importlib_resources-7.1.0-py3-none-any.whl (37 kB)
Installing collected packages: sqlglot, sqlalchemy, sql_formatter, pyarrow, loguru, jmespath, importlib-resources, pandas, holidays, botocore, woodwork, s3transfer, featuretools, boto3, fastdfs
  Attempting uninstall: pyarrow
    Found existing installation: pyarrow 24.0.0
    Not uninstalling pyarrow at /home/avist/Projects/relational/.venv/lib/python3.12/site-packages, outside environment /tmp/l178-env
    Can't uninstall 'pyarrow'. No files were found to uninstall.
  Attempting uninstall: pandas
    Found existing installation: pandas 3.0.3
    Not uninstalling pandas at /home/avist/Projects/relational/.venv/lib/python3.12/site-packages, outside environment /tmp/l178-env
    Can't uninstall 'pandas'. No files were found to uninstall.
Successfully installed boto3-1.43.107 botocore-1.43.107 fastdfs-0.2.1 featuretools-1.31.0 holidays-0.105 importlib-resources-7.1.0 jmespath-1.1.0 loguru-0.7.3 pandas-2.3.3 pyarrow-20.0.0 s3transfer-0.19.2 sql_formatter-0.6.2 sqlalchemy-2.1.2 sqlglot-27.29.0 woodwork-0.31.0
