{
  "status": "FAIL_NONFINITE_GRADIENT",
  "query": {
    "driverId": 34,
    "cutoff": "1999-08-01 00:00:00",
    "train_index": 7238
  },
  "history_rows": 58,
  "numerical_columns": [
    "grid",
    "laps",
    "milliseconds",
    "number",
    "points",
    "position",
    "positionOrder",
    "statusId"
  ],
  "missing_cells": {
    "grid": 0,
    "laps": 0,
    "milliseconds": 30,
    "number": 0,
    "points": 0,
    "position": 21,
    "positionOrder": 0,
    "statusId": 0
  },
  "finite_forward": true,
  "loss": 0.21450650691986084,
  "nonfinite_gradient_elements": 256,
  "source_sha256": "2cb20ccacbf18b0ca466cd0f816618097d6b21018438e05e54a649e5762d75e0",
  "torch_version": "2.13.0+cpu",
  "torch_frame_version": "0.2.3",
  "device": "cpu",
  "scope": "Released HeteroEncoder numerical branch on one actual support query history; no GNN training or model ranking"
}
