Note that running a local entrypoint in detached mode only keeps the last triggered Modal function alive after the parent process has been killed or disconnected.
✓ Initialized. View run at 
https://modal.com/apps/pszar92/main/ap-rlhyXY13XU3onpCwJm1aEw
✓ Created objects.
├── 🔨 Created mount /home/avist/Projects/relational/modal/l168_repro.py
├── 🔨 Created mount /tmp/l168-input
├── 🔨 Created mount /home/avist/Projects/relational/labs/_run_l168.py
├── 🔨 Created mount 
│   /home/avist/Projects/relational/labs/sources/l166/upstream/model_pretrain
├── 🔨 Created function probe.
└── 🔨 Created function remaining.
╭───────────────────── Traceback (most recent call last) ──────────────────────╮
│ /home/avist/Projects/relational/modal/l168_repro.py:37 in main               │
│                                                                              │
│   36 │   from _guard_l166 import reserve                                     │
│ ❱ 37 │   path=ROOT/'labs/evidence/l168/budget.json';b=json.loads(path.read_t │
│   38 │   seconds=600 if phase=='pilot' else 7200                             │
│                                                                              │
│ /usr/lib/python3.12/pathlib.py:1029 in read_text                             │
│                                                                              │
│   1028 │   │   encoding = io.text_encoding(encoding)                         │
│ ❱ 1029 │   │   with self.open(mode='r', encoding=encoding, errors=errors) as │
│   1030 │   │   │   return f.read()                                           │
│                                                                              │
│ /usr/lib/python3.12/pathlib.py:1015 in open                                  │
│                                                                              │
│   1014 │   │   │   encoding = io.text_encoding(encoding)                     │
│ ❱ 1015 │   │   return io.open(self, mode, buffering, encoding, errors, newli │
│   1016                                                                       │
╰──────────────────────────────────────────────────────────────────────────────╯
FileNotFoundError: [Errno 2] No such file or directory: 
'/home/avist/Projects/relational/labs/evidence/l168/budget.json'
