✓ Initialized. View run at 
https://modal.com/apps/pszar92/main/ap-NsCkC7VBWp8l0SdTuK37wP
✓ Created objects.
├── 🔨 Created mount /home/avist/Projects/relational/modal/b14_tabpfn_rel.py
├── 🔨 Created mount 
│   /home/avist/Projects/relational/labs/evidence/b14/cloud-input-lock.json
├── 🔨 Created mount /home/avist/Projects/relational/labs/_worker_b14.py
├── 🔨 Created mount /tmp/b14-weights
├── 🔨 Created mount /home/avist/.cache/relbench/rel-f1
├── 🔨 Created mount /tmp/b14-dfs-cache
├── 🔨 Created mount /home/avist/Projects/relational/labs/sources/b14/relarena
├── 🔨 Created function pilot.
└── 🔨 Created function full.
{"phase": "full", "exit_code": 0, "seconds": 75.28851056100001, "limit_seconds": 1200}
Stopping app - local entrypoint completed.
✓ App completed. View run at 
https://modal.com/apps/pszar92/main/ap-NsCkC7VBWp8l0SdTuK37wP
{
  "name": "B14-TABPFNREL-OSS-F1-DNF",
  "paper": "2608.16319v2 Table4",
  "target_auroc": 0.7145,
  "source_commit": "e89002200e18be6d8d7a55f8a5ab50c993ce4d5d",
  "checkpoint_revision": "24a16a89d245878b846555110985634aa2e656d7",
  "relbench": "2.1.2",
  "seed": 0,
  "depths": [
    2,
    3,
    4
  ],
  "support_cap": 100000,
  "pool_inflation": 4,
  "estimators": 8,
  "text": false,
  "inner_snapshot": "2005-01-01",
  "outer_snapshot": "2010-01-01",
  "refit": "train+validation; selected and default",
  "selection": "validation AUROC; first candidate on tie",
  "test_queries": 702,
  "cloud_cap_usd": 10,
  "cloud_stop_usd": 8,
  "local_seconds_cap": 3600,
  "historical_checkpoint_identity": "NOT_ESTABLISHED",
  "unrun_scope": [
    "whole21task benchmark",
    "hosted API",
    "foundation model pretraining"
  ]
}
