✓ Initialized. View run at 
https://modal.com/apps/pszar92/main/ap-wHlLDLGnLXAsm95xmveSBX
Building image im-cAhh6PRNKKhKdINYdzQIiO

Using legacy Image Builder version. We suggest upgrading at https://modal.com/settings/image-config.

=> Step 0: FROM base

=> Step 1: RUN python -m pip install configspace fastdfs==1.1 jsonschema numpy==2.5.3 pandas==2.3.3 pyyaml relbench==2.1.2 scikit-learn==1.6.1 setuptools==80.9.0 tabpfn==8.0.8 torch==2.13.0
Looking in indexes: http://pypi-mirror.modal.local:5555/simple
Collecting configspace
  Downloading http://pypi-mirror.modal.local:5555/simple/configspace/configspace-1.2.2-py3-none-any.whl.metadata (8.0 kB)
Collecting fastdfs==1.1
  Downloading http://pypi-mirror.modal.local:5555/simple/fastdfs/fastdfs-1.1-py3-none-any.whl.metadata (9.2 kB)
Collecting jsonschema
  Downloading http://pypi-mirror.modal.local:5555/simple/jsonschema/jsonschema-4.26.0-py3-none-any.whl.metadata (7.6 kB)
Collecting numpy==2.5.3
  Downloading http://pypi-mirror.modal.local:5555/simple/numpy/numpy-2.5.3-cp312-cp312-manylinux_2_27_x86_64.manylinux_2_28_x86_64.whl.metadata (6.6 kB)
Collecting pandas==2.3.3
  Downloading http://pypi-mirror.modal.local:5555/simple/pandas/pandas-2.3.3-cp312-cp312-manylinux_2_24_x86_64.manylinux_2_28_x86_64.whl.metadata (91 kB)
Collecting pyyaml
  Downloading http://pypi-mirror.modal.local:5555/simple/pyyaml/pyyaml-6.0.3-cp312-cp312-manylinux2014_x86_64.manylinux_2_17_x86_64.manylinux_2_28_x86_64.whl.metadata (2.4 kB)
Collecting relbench==2.1.2
  Downloading http://pypi-mirror.modal.local:5555/simple/relbench/relbench-2.1.2-py3-none-any.whl.metadata (18 kB)
Collecting scikit-learn==1.6.1
  Downloading http://pypi-mirror.modal.local:5555/simple/scikit-learn/scikit_learn-1.6.1-cp312-cp312-manylinux_2_17_x86_64.manylinux2014_x86_64.whl.metadata (18 kB)
Collecting setuptools==80.9.0
  Downloading http://pypi-mirror.modal.local:5555/simple/setuptools/setuptools-80.9.0-py3-none-any.whl.metadata (6.6 kB)
Collecting tabpfn==8.0.8
  Downloading http://pypi-mirror.modal.local:5555/simple/tabpfn/tabpfn-8.0.8-py3-none-any.whl.metadata (31 kB)
Collecting torch==2.13.0
  Downloading http://pypi-mirror.modal.local:5555/simple/torch/torch-2.13.0-cp312-cp312-manylinux_2_28_x86_64.whl.metadata (38 kB)
Collecting scipy (from fastdfs==1.1)
  Downloading http://pypi-mirror.modal.local:5555/simple/scipy/scipy-1.18.1-cp312-cp312-manylinux_2_27_x86_64.manylinux_2_28_x86_64.whl.metadata (62 kB)
Collecting pyarrow<21.0.0 (from fastdfs==1.1)
  Downloading http://pypi-mirror.modal.local:5555/simple/pyarrow/pyarrow-20.0.0-cp312-cp312-manylinux_2_28_x86_64.whl.metadata (3.3 kB)
Collecting featuretools (from fastdfs==1.1)
  Downloading http://pypi-mirror.modal.local:5555/simple/featuretools/featuretools-1.31.0-py3-none-any.whl.metadata (15 kB)
Collecting sqlalchemy (from fastdfs==1.1)
  Downloading http://pypi-mirror.modal.local:5555/simple/sqlalchemy/sqlalchemy-2.1.3-cp312-cp312-manylinux2014_x86_64.manylinux_2_17_x86_64.manylinux_2_28_x86_64.whl.metadata (9.7 kB)
Collecting duckdb (from fastdfs==1.1)
  Downloading http://pypi-mirror.modal.local:5555/simple/duckdb/duckdb-1.5.6-cp312-cp312-manylinux_2_26_x86_64.manylinux_2_28_x86_64.whl.metadata (4.2 kB)
Collecting sqlglot<28.0.0,>=27.8.0 (from fastdfs==1.1)
  Downloading http://pypi-mirror.modal.local:5555/simple/sqlglot/sqlglot-27.29.0-py3-none-any.whl.metadata (20 kB)
Collecting sql_formatter (from fastdfs==1.1)
  Downloading http://pypi-mirror.modal.local:5555/simple/sql-formatter/sql_formatter-0.6.2-py3-none-any.whl.metadata (10 kB)
Collecting pydantic (from fastdfs==1.1)
  Downloading http://pypi-mirror.modal.local:5555/simple/pydantic/pydantic-2.13.5-py3-none-any.whl.metadata (110 kB)
Collecting tqdm (from fastdfs==1.1)
  Downloading http://pypi-mirror.modal.local:5555/simple/tqdm/tqdm-4.70.1-py3-none-any.whl.metadata (57 kB)
Collecting psutil (from fastdfs==1.1)
  Downloading http://pypi-mirror.modal.local:5555/simple/psutil/psutil-7.2.2-cp36-abi3-manylinux2010_x86_64.manylinux_2_12_x86_64.manylinux_2_28_x86_64.whl.metadata (22 kB)
Collecting loguru (from fastdfs==1.1)
  Downloading http://pypi-mirror.modal.local:5555/simple/loguru/loguru-0.7.3-py3-none-any.whl.metadata (22 kB)
Collecting boto3 (from fastdfs==1.1)
  Downloading http://pypi-mirror.modal.local:5555/simple/boto3/boto3-1.43.108-py3-none-any.whl.metadata (6.6 kB)
Collecting requests (from fastdfs==1.1)
  Downloading http://pypi-mirror.modal.local:5555/simple/requests/requests-2.34.2-py3-none-any.whl.metadata (4.8 kB)
Collecting python-dateutil>=2.8.2 (from pandas==2.3.3)
  Downloading http://pypi-mirror.modal.local:5555/simple/python-dateutil/python_dateutil-2.9.0.post0-py2.py3-none-any.whl.metadata (8.4 kB)
Collecting pytz>=2020.1 (from pandas==2.3.3)
  Downloading http://pypi-mirror.modal.local:5555/simple/pytz/pytz-2026.4-py2.py3-none-any.whl.metadata (22 kB)
Collecting tzdata>=2022.7 (from pandas==2.3.3)
  Downloading http://pypi-mirror.modal.local:5555/simple/tzdata/tzdata-2026.5-py2.py3-none-any.whl.metadata (1.4 kB)
Collecting pooch (from relbench==2.1.2)
  Downloading http://pypi-mirror.modal.local:5555/simple/pooch/pooch-1.9.0-py3-none-any.whl.metadata (10 kB)
Requirement already satisfied: typing-extensions in /usr/local/lib/python3.12/site-packages (from relbench==2.1.2) (4.12.2)
Collecting datasets (from relbench==2.1.2)
  Downloading http://pypi-mirror.modal.local:5555/simple/datasets/datasets-5.0.1-py3-none-any.whl.metadata (23 kB)
Collecting joblib>=1.2.0 (from scikit-learn==1.6.1)
  Downloading http://pypi-mirror.modal.local:5555/simple/joblib/joblib-1.6.0-py3-none-any.whl.metadata (6.5 kB)
Collecting threadpoolctl>=3.1.0 (from scikit-learn==1.6.1)
  Downloading http://pypi-mirror.modal.local:5555/simple/threadpoolctl/threadpoolctl-3.7.0-py3-none-any.whl.metadata (24 kB)
Collecting safetensors>=0.4.0 (from tabpfn==8.0.8)
  Downloading http://pypi-mirror.modal.local:5555/simple/safetensors/safetensors-0.8.0-cp310-abi3-manylinux_2_17_x86_64.manylinux2014_x86_64.whl.metadata (4.2 kB)
Collecting einops>=0.4.0 (from tabpfn==8.0.8)
  Downloading http://pypi-mirror.modal.local:5555/simple/einops/einops-0.8.2-py3-none-any.whl.metadata (13 kB)
Collecting huggingface-hub>=0.23.0 (from tabpfn==8.0.8)
  Downloading http://pypi-mirror.modal.local:5555/simple/huggingface-hub/huggingface_hub-2.1.1-py3-none-any.whl.metadata (16 kB)
Collecting pydantic-settings>=2.10.1 (from tabpfn==8.0.8)
  Downloading http://pypi-mirror.modal.local:5555/simple/pydantic-settings/pydantic_settings-2.15.0-py3-none-any.whl.metadata (3.9 kB)
Collecting tabpfn-common-utils>=0.2.13 (from tabpfn-common-utils[telemetry-interactive]>=0.2.13->tabpfn==8.0.8)
  Downloading http://pypi-mirror.modal.local:5555/simple/tabpfn-common-utils/tabpfn_common_utils-0.2.23-py3-none-any.whl.metadata (17 kB)
Collecting filelock>=3.11.0 (from tabpfn==8.0.8)
  Downloading http://pypi-mirror.modal.local:5555/simple/filelock/filelock-4.0.9-py3-none-any.whl.metadata (2.0 kB)
Collecting lightgbm>=3.0 (from tabpfn==8.0.8)
  Downloading http://pypi-mirror.modal.local:5555/simple/lightgbm/lightgbm-4.7.0-py3-none-manylinux_2_27_x86_64.manylinux_2_28_x86_64.whl.metadata (18 kB)
Collecting sympy>=1.13.3 (from torch==2.13.0)
  Downloading http://pypi-mirror.modal.local:5555/simple/sympy/sympy-1.14.0-py3-none-any.whl.metadata (12 kB)
Collecting networkx>=2.5.1 (from torch==2.13.0)
  Downloading http://pypi-mirror.modal.local:5555/simple/networkx/networkx-3.7-py3-none-any.whl.metadata (6.7 kB)
Collecting jinja2 (from torch==2.13.0)
  Downloading http://pypi-mirror.modal.local:5555/simple/jinja2/jinja2-3.1.6-py3-none-any.whl.metadata (2.9 kB)
Collecting fsspec>=0.8.5 (from torch==2.13.0)
  Downloading http://pypi-mirror.modal.local:5555/simple/fsspec/fsspec-2026.9.0-py3-none-any.whl.metadata (10 kB)
Collecting cuda-toolkit==13.0.3 (from cuda-toolkit[cublas,cudart,cufft,cufile,cupti,curand,cusolver,cusparse,nvjitlink,nvrtc,nvtx]==13.0.3; platform_system == "Linux"->torch==2.13.0)
  Downloading http://pypi-mirror.modal.local:5555/simple/cuda-toolkit/cuda_toolkit-13.0.3.0-py2.py3-none-any.whl.metadata (17 kB)
Collecting cuda-bindings<14,>=13.0.3 (from torch==2.13.0)
  Downloading http://pypi-mirror.modal.local:5555/simple/cuda-bindings/cuda_bindings-13.4.3-cp312-cp312-manylinux_2_24_x86_64.manylinux_2_28_x86_64.whl.metadata (2.4 kB)
Collecting nvidia-cudnn-cu13==9.20.0.48 (from torch==2.13.0)
  Downloading http://pypi-mirror.modal.local:5555/simple/nvidia-cudnn-cu13/nvidia_cudnn_cu13-9.20.0.48-py3-none-manylinux_2_27_x86_64.whl.metadata (1.9 kB)
Collecting nvidia-cusparselt-cu13==0.8.1 (from torch==2.13.0)
  Downloading http://pypi-mirror.modal.local:5555/simple/nvidia-cusparselt-cu13/nvidia_cusparselt_cu13-0.8.1-py3-none-manylinux2014_x86_64.whl.metadata (12 kB)
Collecting nvidia-nccl-cu13==2.29.7 (from torch==2.13.0)
  Downloading http://pypi-mirror.modal.local:5555/simple/nvidia-nccl-cu13/nvidia_nccl_cu13-2.29.7-py3-none-manylinux_2_18_x86_64.whl.metadata (2.1 kB)
Collecting nvidia-nvshmem-cu13==3.4.5 (from torch==2.13.0)
  Downloading http://pypi-mirror.modal.local:5555/simple/nvidia-nvshmem-cu13/nvidia_nvshmem_cu13-3.4.5-py3-none-manylinux2014_x86_64.manylinux_2_17_x86_64.whl.metadata (2.1 kB)
Collecting triton==3.7.1 (from torch==2.13.0)
  Downloading http://pypi-mirror.modal.local:5555/simple/triton/triton-3.7.1-cp312-cp312-manylinux_2_27_x86_64.manylinux_2_28_x86_64.whl.metadata (1.7 kB)
Collecting nvidia-cublas==13.1.1.3.* (from cuda-toolkit[cublas,cudart,cufft,cufile,cupti,curand,cusolver,cusparse,nvjitlink,nvrtc,nvtx]==13.0.3; platform_system == "Linux"->torch==2.13.0)
  Downloading http://pypi-mirror.modal.local:5555/simple/nvidia-cublas/nvidia_cublas-13.1.1.3-py3-none-manylinux_2_27_x86_64.whl.metadata (1.8 kB)
Collecting nvidia-cuda-nvrtc==13.0.88.* (from cuda-toolkit[cublas,cudart,cufft,cufile,cupti,curand,cusolver,cusparse,nvjitlink,nvrtc,nvtx]==13.0.3; platform_system == "Linux"->torch==2.13.0)
  Downloading http://pypi-mirror.modal.local:5555/simple/nvidia-cuda-nvrtc/nvidia_cuda_nvrtc-13.0.88-py3-none-manylinux2010_x86_64.manylinux_2_12_x86_64.whl.metadata (1.7 kB)
Collecting nvidia-cuda-runtime==13.0.96.* (from cuda-toolkit[cublas,cudart,cufft,cufile,cupti,curand,cusolver,cusparse,nvjitlink,nvrtc,nvtx]==13.0.3; platform_system == "Linux"->torch==2.13.0)
  Downloading http://pypi-mirror.modal.local:5555/simple/nvidia-cuda-runtime/nvidia_cuda_runtime-13.0.96-py3-none-manylinux2014_x86_64.manylinux_2_17_x86_64.whl.metadata (1.7 kB)
Collecting nvidia-cufft==12.0.0.61.* (from cuda-toolkit[cublas,cudart,cufft,cufile,cupti,curand,cusolver,cusparse,nvjitlink,nvrtc,nvtx]==13.0.3; platform_system == "Linux"->torch==2.13.0)
  Downloading http://pypi-mirror.modal.local:5555/simple/nvidia-cufft/nvidia_cufft-12.0.0.61-py3-none-manylinux2014_x86_64.manylinux_2_17_x86_64.whl.metadata (1.8 kB)
Collecting nvidia-nvjitlink<14,>=13.0.88 (from cuda-toolkit[cublas,cudart,cufft,cufile,cupti,curand,cusolver,cusparse,nvjitlink,nvrtc,nvtx]==13.0.3; platform_system == "Linux"->torch==2.13.0)
  Downloading http://pypi-mirror.modal.local:5555/simple/nvidia-nvjitlink/nvidia_nvjitlink-13.4.92-py3-none-manylinux2010_x86_64.manylinux_2_12_x86_64.whl.metadata (1.8 kB)
Collecting nvidia-cufile==1.15.1.6.* (from cuda-toolkit[cublas,cudart,cufft,cufile,cupti,curand,cusolver,cusparse,nvjitlink,nvrtc,nvtx]==13.0.3; platform_system == "Linux"->torch==2.13.0)
  Downloading http://pypi-mirror.modal.local:5555/simple/nvidia-cufile/nvidia_cufile-1.15.1.6-py3-none-manylinux2014_x86_64.manylinux_2_17_x86_64.whl.metadata (1.7 kB)
Collecting nvidia-cuda-cupti==13.0.85.* (from cuda-toolkit[cublas,cudart,cufft,cufile,cupti,curand,cusolver,cusparse,nvjitlink,nvrtc,nvtx]==13.0.3; platform_system == "Linux"->torch==2.13.0)
  Downloading http://pypi-mirror.modal.local:5555/simple/nvidia-cuda-cupti/nvidia_cuda_cupti-13.0.85-py3-none-manylinux_2_25_x86_64.whl.metadata (1.7 kB)
Collecting nvidia-curand==10.4.0.35.* (from cuda-toolkit[cublas,cudart,cufft,cufile,cupti,curand,cusolver,cusparse,nvjitlink,nvrtc,nvtx]==13.0.3; platform_system == "Linux"->torch==2.13.0)
  Downloading http://pypi-mirror.modal.local:5555/simple/nvidia-curand/nvidia_curand-10.4.0.35-py3-none-manylinux_2_27_x86_64.whl.metadata (1.7 kB)
Collecting nvidia-cusolver==12.0.4.66.* (from cuda-toolkit[cublas,cudart,cufft,cufile,cupti,curand,cusolver,cusparse,nvjitlink,nvrtc,nvtx]==13.0.3; platform_system == "Linux"->torch==2.13.0)
  Downloading http://pypi-mirror.modal.local:5555/simple/nvidia-cusolver/nvidia_cusolver-12.0.4.66-py3-none-manylinux_2_27_x86_64.whl.metadata (1.8 kB)
Collecting nvidia-cusparse==12.6.3.3.* (from cuda-toolkit[cublas,cudart,cufft,cufile,cupti,curand,cusolver,cusparse,nvjitlink,nvrtc,nvtx]==13.0.3; platform_system == "Linux"->torch==2.13.0)
  Downloading http://pypi-mirror.modal.local:5555/simple/nvidia-cusparse/nvidia_cusparse-12.6.3.3-py3-none-manylinux2014_x86_64.manylinux_2_17_x86_64.whl.metadata (1.8 kB)
Collecting nvidia-nvtx==13.0.85.* (from cuda-toolkit[cublas,cudart,cufft,cufile,cupti,curand,cusolver,cusparse,nvjitlink,nvrtc,nvtx]==13.0.3; platform_system == "Linux"->torch==2.13.0)
  Downloading http://pypi-mirror.modal.local:5555/simple/nvidia-nvtx/nvidia_nvtx-13.0.85-py3-none-manylinux1_x86_64.manylinux_2_5_x86_64.whl.metadata (1.8 kB)
Collecting pyparsing (from configspace)
  Downloading http://pypi-mirror.modal.local:5555/simple/pyparsing/pyparsing-3.3.3-py3-none-any.whl.metadata (5.9 kB)
Collecting more_itertools (from configspace)
  Downloading http://pypi-mirror.modal.local:5555/simple/more-itertools/more_itertools-11.1.0-py3-none-any.whl.metadata (41 kB)
Requirement already satisfied: attrs>=22.2.0 in /usr/local/lib/python3.12/site-packages (from jsonschema) (24.2.0)
Collecting jsonschema-specifications>=2023.03.6 (from jsonschema)
  Downloading http://pypi-mirror.modal.local:5555/simple/jsonschema-specifications/jsonschema_specifications-2025.9.1-py3-none-any.whl.metadata (2.9 kB)
Collecting referencing>=0.28.4 (from jsonschema)
  Downloading http://pypi-mirror.modal.local:5555/simple/referencing/referencing-0.37.0-py3-none-any.whl.metadata (2.8 kB)
Collecting rpds-py>=0.25.0 (from jsonschema)
  Downloading http://pypi-mirror.modal.local:5555/simple/rpds-py/rpds_py-2026.6.3-cp312-cp312-manylinux_2_17_x86_64.manylinux2014_x86_64.whl.metadata (4.1 kB)
Collecting cuda-pathfinder>=1.4.2 (from cuda-bindings<14,>=13.0.3->torch==2.13.0)
  Downloading http://pypi-mirror.modal.local:5555/simple/cuda-pathfinder/cuda_pathfinder-1.8.3-py3-none-any.whl.metadata (1.9 kB)
Collecting click<9.0.0,>=8.4.2 (from huggingface-hub>=0.23.0->tabpfn==8.0.8)
  Downloading http://pypi-mirror.modal.local:5555/simple/click/click-8.5.0-py3-none-any.whl.metadata (2.6 kB)
Collecting hf-xet<2.0.0,>=1.6.0 (from huggingface-hub>=0.23.0->tabpfn==8.0.8)
  Downloading http://pypi-mirror.modal.local:5555/simple/hf-xet/hf_xet-1.6.0-cp38-abi3-manylinux2014_x86_64.manylinux_2_17_x86_64.whl.metadata (4.9 kB)
Collecting httpx2<3,>=2.0.0 (from huggingface-hub>=0.23.0->tabpfn==8.0.8)
  Downloading http://pypi-mirror.modal.local:5555/simple/httpx2/httpx2-2.13.1-py3-none-any.whl.metadata (9.8 kB)
Collecting packaging>=20.9 (from huggingface-hub>=0.23.0->tabpfn==8.0.8)
  Downloading http://pypi-mirror.modal.local:5555/simple/packaging/packaging-26.3-py3-none-any.whl.metadata (3.5 kB)
Collecting cloudpickle>=3.0 (from joblib>=1.2.0->scikit-learn==1.6.1)
  Downloading http://pypi-mirror.modal.local:5555/simple/cloudpickle/cloudpickle-3.1.2-py3-none-any.whl.metadata (7.1 kB)
Collecting narwhals>=1.15 (from lightgbm>=3.0->tabpfn==8.0.8)
  Downloading http://pypi-mirror.modal.local:5555/simple/narwhals/narwhals-2.26.0-py3-none-any.whl.metadata (15 kB)
Collecting annotated-types>=0.6.0 (from pydantic->fastdfs==1.1)
  Downloading http://pypi-mirror.modal.local:5555/simple/annotated-types/annotated_types-0.8.0-py3-none-any.whl.metadata (15 kB)
Collecting pydantic-core==2.46.5 (from pydantic->fastdfs==1.1)
  Downloading http://pypi-mirror.modal.local:5555/simple/pydantic-core/pydantic_core-2.46.5-cp312-cp312-manylinux_2_17_x86_64.manylinux2014_x86_64.whl.metadata (6.6 kB)
Collecting typing-extensions (from relbench==2.1.2)
  Downloading http://pypi-mirror.modal.local:5555/simple/typing-extensions/typing_extensions-4.16.0-py3-none-any.whl.metadata (3.3 kB)
Collecting typing-inspection>=0.4.2 (from pydantic->fastdfs==1.1)
  Downloading http://pypi-mirror.modal.local:5555/simple/typing-inspection/typing_inspection-0.4.4-py3-none-any.whl.metadata (2.6 kB)
Collecting python-dotenv>=0.21.0 (from pydantic-settings>=2.10.1->tabpfn==8.0.8)
  Downloading http://pypi-mirror.modal.local:5555/simple/python-dotenv/python_dotenv-1.2.4-py3-none-any.whl.metadata (29 kB)
Collecting six>=1.5 (from python-dateutil>=2.8.2->pandas==2.3.3)
  Downloading http://pypi-mirror.modal.local:5555/simple/six/six-1.17.0-py2.py3-none-any.whl.metadata (1.7 kB)
Collecting mpmath<1.4,>=1.1.0 (from sympy>=1.13.3->torch==2.13.0)
  Downloading http://pypi-mirror.modal.local:5555/simple/mpmath/mpmath-1.3.0-py3-none-any.whl.metadata (8.6 kB)
Collecting nvidia-ml-py>=13.590.48 (from tabpfn-common-utils>=0.2.13->tabpfn-common-utils[telemetry-interactive]>=0.2.13->tabpfn==8.0.8)
  Downloading http://pypi-mirror.modal.local:5555/simple/nvidia-ml-py/nvidia_ml_py-13.615.71-py3-none-any.whl.metadata (9.7 kB)
Collecting platformdirs>=4 (from tabpfn-common-utils>=0.2.13->tabpfn-common-utils[telemetry-interactive]>=0.2.13->tabpfn==8.0.8)
  Downloading http://pypi-mirror.modal.local:5555/simple/platformdirs/platformdirs-4.12.2-py3-none-any.whl.metadata (5.5 kB)
Collecting posthog>=6.7 (from tabpfn-common-utils>=0.2.13->tabpfn-common-utils[telemetry-interactive]>=0.2.13->tabpfn==8.0.8)
  Downloading http://pypi-mirror.modal.local:5555/simple/posthog/posthog-7.62.1-py3-none-any.whl.metadata (5.6 kB)
Collecting charset_normalizer<4,>=2 (from requests->fastdfs==1.1)
  Downloading http://pypi-mirror.modal.local:5555/simple/charset-normalizer/charset_normalizer-3.5.2-cp312-cp312-manylinux2014_x86_64.manylinux_2_17_x86_64.manylinux_2_28_x86_64.whl.metadata (46 kB)
Requirement already satisfied: idna<4,>=2.5 in /usr/local/lib/python3.12/site-packages (from requests->fastdfs==1.1) (3.10)
Collecting urllib3<3,>=1.26 (from requests->fastdfs==1.1)
  Downloading http://pypi-mirror.modal.local:5555/simple/urllib3/urllib3-2.8.0-py3-none-any.whl.metadata (7.4 kB)
Requirement already satisfied: certifi>=2023.5.7 in /usr/local/lib/python3.12/site-packages (from requests->fastdfs==1.1) (2024.8.30)
Collecting botocore<1.44.0,>=1.43.108 (from boto3->fastdfs==1.1)
  Downloading http://pypi-mirror.modal.local:5555/simple/botocore/botocore-1.43.108-py3-none-any.whl.metadata (5.6 kB)
Collecting jmespath<2.0.0,>=0.7.1 (from boto3->fastdfs==1.1)
  Downloading http://pypi-mirror.modal.local:5555/simple/jmespath/jmespath-1.1.0-py3-none-any.whl.metadata (7.6 kB)
Collecting s3transfer<0.20.0,>=0.19.0 (from boto3->fastdfs==1.1)
  Downloading http://pypi-mirror.modal.local:5555/simple/s3transfer/s3transfer-0.19.2-py3-none-any.whl.metadata (1.7 kB)
INFO: pip is looking at multiple versions of datasets to determine which version is compatible with other requirements. This could take a while.
Collecting datasets (from relbench==2.1.2)
  Downloading http://pypi-mirror.modal.local:5555/simple/datasets/datasets-5.0.0-py3-none-any.whl.metadata (23 kB)
  Downloading http://pypi-mirror.modal.local:5555/simple/datasets/datasets-4.8.5-py3-none-any.whl.metadata (19 kB)
  Downloading http://pypi-mirror.modal.local:5555/simple/datasets/datasets-4.8.4-py3-none-any.whl.metadata (19 kB)
  Downloading http://pypi-mirror.modal.local:5555/simple/datasets/datasets-4.8.3-py3-none-any.whl.metadata (19 kB)
  Downloading http://pypi-mirror.modal.local:5555/simple/datasets/datasets-4.8.2-py3-none-any.whl.metadata (19 kB)
  Downloading http://pypi-mirror.modal.local:5555/simple/datasets/datasets-4.8.1-py3-none-any.whl.metadata (19 kB)
  Downloading http://pypi-mirror.modal.local:5555/simple/datasets/datasets-4.8.0-py3-none-any.whl.metadata (19 kB)
INFO: pip is still looking at multiple versions of datasets to determine which version is compatible with other requirements. This could take a while.
  Downloading http://pypi-mirror.modal.local:5555/simple/datasets/datasets-4.7.0-py3-none-any.whl.metadata (19 kB)
  Downloading http://pypi-mirror.modal.local:5555/simple/datasets/datasets-4.6.1-py3-none-any.whl.metadata (19 kB)
  Downloading http://pypi-mirror.modal.local:5555/simple/datasets/datasets-4.6.0-py3-none-any.whl.metadata (19 kB)
  Downloading http://pypi-mirror.modal.local:5555/simple/datasets/datasets-4.5.0-py3-none-any.whl.metadata (19 kB)
  Downloading http://pypi-mirror.modal.local:5555/simple/datasets/datasets-4.4.2-py3-none-any.whl.metadata (19 kB)
INFO: This is taking longer than usual. You might need to provide the dependency resolver with stricter constraints to reduce runtime. See https://pip.pypa.io/warnings/backtracking for guidance. If you want to abort this run, press Ctrl + C.
  Downloading http://pypi-mirror.modal.local:5555/simple/datasets/datasets-4.4.1-py3-none-any.whl.metadata (19 kB)
  Downloading http://pypi-mirror.modal.local:5555/simple/datasets/datasets-4.4.0-py3-none-any.whl.metadata (19 kB)
  Downloading http://pypi-mirror.modal.local:5555/simple/datasets/datasets-4.3.0-py3-none-any.whl.metadata (18 kB)
  Downloading http://pypi-mirror.modal.local:5555/simple/datasets/datasets-4.2.0-py3-none-any.whl.metadata (18 kB)
  Downloading http://pypi-mirror.modal.local:5555/simple/datasets/datasets-4.1.1-py3-none-any.whl.metadata (18 kB)
  Downloading http://pypi-mirror.modal.local:5555/simple/datasets/datasets-4.1.0-py3-none-any.whl.metadata (18 kB)
  Downloading http://pypi-mirror.modal.local:5555/simple/datasets/datasets-4.0.0-py3-none-any.whl.metadata (19 kB)
Collecting dill<0.3.9,>=0.3.0 (from datasets->relbench==2.1.2)
  Downloading http://pypi-mirror.modal.local:5555/simple/dill/dill-0.3.8-py3-none-any.whl.metadata (10 kB)
Collecting xxhash (from datasets->relbench==2.1.2)
  Downloading http://pypi-mirror.modal.local:5555/simple/xxhash/xxhash-4.0.1-cp312-cp312-manylinux2014_x86_64.manylinux_2_17_x86_64.manylinux_2_28_x86_64.whl.metadata (17 kB)
Collecting multiprocess<0.70.17 (from datasets->relbench==2.1.2)
  Downloading http://pypi-mirror.modal.local:5555/simple/multiprocess/multiprocess-0.70.16-py312-none-any.whl.metadata (7.2 kB)
Collecting fsspec>=0.8.5 (from torch==2.13.0)
  Downloading http://pypi-mirror.modal.local:5555/simple/fsspec/fsspec-2025.3.0-py3-none-any.whl.metadata (11 kB)
Collecting holidays>=0.17 (from featuretools->fastdfs==1.1)
  Downloading http://pypi-mirror.modal.local:5555/simple/holidays/holidays-0.105-py3-none-any.whl.metadata (55 kB)
Collecting woodwork>=0.28.0 (from featuretools->fastdfs==1.1)
  Downloading http://pypi-mirror.modal.local:5555/simple/woodwork/woodwork-0.31.0-py3-none-any.whl.metadata (10 kB)
Collecting MarkupSafe>=2.0 (from jinja2->torch==2.13.0)
  Downloading http://pypi-mirror.modal.local:5555/simple/markupsafe/markupsafe-3.0.4-cp312-cp312-manylinux2014_x86_64.manylinux_2_17_x86_64.manylinux_2_28_x86_64.whl.metadata (2.7 kB)
Requirement already satisfied: aiohttp!=4.0.0a0,!=4.0.0a1 in /usr/local/lib/python3.12/site-packages (from fsspec[http]<=2025.3.0,>=2023.1.0->datasets->relbench==2.1.2) (3.10.8)
Collecting anyio>=4.10 (from httpx2<3,>=2.0.0->huggingface-hub>=0.23.0->tabpfn==8.0.8)
  Downloading http://pypi-mirror.modal.local:5555/simple/anyio/anyio-4.15.1-py3-none-any.whl.metadata (4.7 kB)
Collecting httpcore2==2.13.1 (from httpx2<3,>=2.0.0->huggingface-hub>=0.23.0->tabpfn==8.0.8)
  Downloading http://pypi-mirror.modal.local:5555/simple/httpcore2/httpcore2-2.13.1-py3-none-any.whl.metadata (26 kB)
Collecting idna<4,>=2.5 (from requests->fastdfs==1.1)
  Downloading http://pypi-mirror.modal.local:5555/simple/idna/idna-3.20-py3-none-any.whl.metadata (7.2 kB)
Collecting truststore>=0.10 (from httpx2<3,>=2.0.0->huggingface-hub>=0.23.0->tabpfn==8.0.8)
  Downloading http://pypi-mirror.modal.local:5555/simple/truststore/truststore-0.10.4-py3-none-any.whl.metadata (4.4 kB)
Collecting h11>=0.16 (from httpcore2==2.13.1->httpx2<3,>=2.0.0->huggingface-hub>=0.23.0->tabpfn==8.0.8)
  Downloading http://pypi-mirror.modal.local:5555/simple/h11/h11-0.16.0-py3-none-any.whl.metadata (8.3 kB)
Collecting backoff>=1.10.0 (from posthog>=6.7->tabpfn-common-utils>=0.2.13->tabpfn-common-utils[telemetry-interactive]>=0.2.13->tabpfn==8.0.8)
  Downloading http://pypi-mirror.modal.local:5555/simple/backoff/backoff-2.2.1-py3-none-any.whl.metadata (14 kB)
Collecting distro>=1.5.0 (from posthog>=6.7->tabpfn-common-utils>=0.2.13->tabpfn-common-utils[telemetry-interactive]>=0.2.13->tabpfn==8.0.8)
  Downloading http://pypi-mirror.modal.local:5555/simple/distro/distro-1.9.0-py3-none-any.whl.metadata (6.8 kB)
Collecting importlib-resources>=5.10.0 (from woodwork>=0.28.0->featuretools->fastdfs==1.1)
  Downloading http://pypi-mirror.modal.local:5555/simple/importlib-resources/importlib_resources-7.1.0-py3-none-any.whl.metadata (4.0 kB)
Requirement already satisfied: aiohappyeyeballs>=2.3.0 in /usr/local/lib/python3.12/site-packages (from aiohttp!=4.0.0a0,!=4.0.0a1->fsspec[http]<=2025.3.0,>=2023.1.0->datasets->relbench==2.1.2) (2.4.3)
Requirement already satisfied: aiosignal>=1.1.2 in /usr/local/lib/python3.12/site-packages (from aiohttp!=4.0.0a0,!=4.0.0a1->fsspec[http]<=2025.3.0,>=2023.1.0->datasets->relbench==2.1.2) (1.3.1)
Requirement already satisfied: frozenlist>=1.1.1 in /usr/local/lib/python3.12/site-packages (from aiohttp!=4.0.0a0,!=4.0.0a1->fsspec[http]<=2025.3.0,>=2023.1.0->datasets->relbench==2.1.2) (1.4.1)
Requirement already satisfied: multidict<7.0,>=4.5 in /usr/local/lib/python3.12/site-packages (from aiohttp!=4.0.0a0,!=4.0.0a1->fsspec[http]<=2025.3.0,>=2023.1.0->datasets->relbench==2.1.2) (6.1.0)
Requirement already satisfied: yarl<2.0,>=1.12.0 in /usr/local/lib/python3.12/site-packages (from aiohttp!=4.0.0a0,!=4.0.0a1->fsspec[http]<=2025.3.0,>=2023.1.0->datasets->relbench==2.1.2) (1.13.1)
Downloading http://pypi-mirror.modal.local:5555/simple/fastdfs/fastdfs-1.1-py3-none-any.whl (82 kB)
Downloading http://pypi-mirror.modal.local:5555/simple/numpy/numpy-2.5.3-cp312-cp312-manylinux_2_27_x86_64.manylinux_2_28_x86_64.whl (16.7 MB)
   ━━━━━━━━━━━━━━━━━━━━━━━━━━━━━━━━━━━━━━━━ 16.7/16.7 MB 541.2 MB/s eta 0:00:00
Downloading http://pypi-mirror.modal.local:5555/simple/pandas/pandas-2.3.3-cp312-cp312-manylinux_2_24_x86_64.manylinux_2_28_x86_64.whl (12.4 MB)
   ━━━━━━━━━━━━━━━━━━━━━━━━━━━━━━━━━━━━━━━━ 12.4/12.4 MB 508.6 MB/s eta 0:00:00
Downloading http://pypi-mirror.modal.local:5555/simple/relbench/relbench-2.1.2-py3-none-any.whl (101 kB)
Downloading http://pypi-mirror.modal.local:5555/simple/scikit-learn/scikit_learn-1.6.1-cp312-cp312-manylinux_2_17_x86_64.manylinux2014_x86_64.whl (13.1 MB)
   ━━━━━━━━━━━━━━━━━━━━━━━━━━━━━━━━━━━━━━━━ 13.1/13.1 MB 317.1 MB/s eta 0:00:00
Downloading http://pypi-mirror.modal.local:5555/simple/setuptools/setuptools-80.9.0-py3-none-any.whl (1.2 MB)
   ━━━━━━━━━━━━━━━━━━━━━━━━━━━━━━━━━━━━━━━━ 1.2/1.2 MB 505.4 MB/s eta 0:00:00
Downloading http://pypi-mirror.modal.local:5555/simple/tabpfn/tabpfn-8.0.8-py3-none-any.whl (753 kB)
   ━━━━━━━━━━━━━━━━━━━━━━━━━━━━━━━━━━━━━━━ 753.2/753.2 kB 414.8 MB/s eta 0:00:00
Downloading http://pypi-mirror.modal.local:5555/simple/torch/torch-2.13.0-cp312-cp312-manylinux_2_28_x86_64.whl (526.6 MB)
   ━━━━━━━━━━━━━━━━━━━━━━━━━━━━━━━━━━━━━━━ 526.6/526.6 MB 526.1 MB/s eta 0:00:00
Downloading http://pypi-mirror.modal.local:5555/simple/cuda-toolkit/cuda_toolkit-13.0.3.0-py2.py3-none-any.whl (2.5 kB)
Downloading http://pypi-mirror.modal.local:5555/simple/nvidia-cudnn-cu13/nvidia_cudnn_cu13-9.20.0.48-py3-none-manylinux_2_27_x86_64.whl (366.2 MB)
   ━━━━━━━━━━━━━━━━━━━━━━━━━━━━━━━━━━━━━━━ 366.2/366.2 MB 510.0 MB/s eta 0:00:00
Downloading http://pypi-mirror.modal.local:5555/simple/nvidia-cusparselt-cu13/nvidia_cusparselt_cu13-0.8.1-py3-none-manylinux2014_x86_64.whl (170.1 MB)
   ━━━━━━━━━━━━━━━━━━━━━━━━━━━━━━━━━━━━━━━ 170.1/170.1 MB 512.4 MB/s eta 0:00:00
Downloading http://pypi-mirror.modal.local:5555/simple/nvidia-nccl-cu13/nvidia_nccl_cu13-2.29.7-py3-none-manylinux_2_18_x86_64.whl (206.0 MB)
   ━━━━━━━━━━━━━━━━━━━━━━━━━━━━━━━━━━━━━━━ 206.0/206.0 MB 502.7 MB/s eta 0:00:00
Downloading http://pypi-mirror.modal.local:5555/simple/nvidia-nvshmem-cu13/nvidia_nvshmem_cu13-3.4.5-py3-none-manylinux2014_x86_64.manylinux_2_17_x86_64.whl (60.4 MB)
   ━━━━━━━━━━━━━━━━━━━━━━━━━━━━━━━━━━━━━━━━ 60.4/60.4 MB 511.0 MB/s eta 0:00:00
Downloading http://pypi-mirror.modal.local:5555/simple/triton/triton-3.7.1-cp312-cp312-manylinux_2_27_x86_64.manylinux_2_28_x86_64.whl (197.7 MB)
   ━━━━━━━━━━━━━━━━━━━━━━━━━━━━━━━━━━━━━━━ 197.7/197.7 MB 513.8 MB/s eta 0:00:00
Downloading http://pypi-mirror.modal.local:5555/simple/nvidia-cublas/nvidia_cublas-13.1.1.3-py3-none-manylinux_2_27_x86_64.whl (423.1 MB)
   ━━━━━━━━━━━━━━━━━━━━━━━━━━━━━━━━━━━━━━━ 423.1/423.1 MB 506.6 MB/s eta 0:00:00
Downloading http://pypi-mirror.modal.local:5555/simple/nvidia-cuda-cupti/nvidia_cuda_cupti-13.0.85-py3-none-manylinux_2_25_x86_64.whl (10.7 MB)
   ━━━━━━━━━━━━━━━━━━━━━━━━━━━━━━━━━━━━━━━━ 10.7/10.7 MB 514.1 MB/s eta 0:00:00
Downloading http://pypi-mirror.modal.local:5555/simple/nvidia-cuda-nvrtc/nvidia_cuda_nvrtc-13.0.88-py3-none-manylinux2010_x86_64.manylinux_2_12_x86_64.whl (90.2 MB)
   ━━━━━━━━━━━━━━━━━━━━━━━━━━━━━━━━━━━━━━━━ 90.2/90.2 MB 498.4 MB/s eta 0:00:00
Downloading http://pypi-mirror.modal.local:5555/simple/nvidia-cuda-runtime/nvidia_cuda_runtime-13.0.96-py3-none-manylinux2014_x86_64.manylinux_2_17_x86_64.whl (2.2 MB)
   ━━━━━━━━━━━━━━━━━━━━━━━━━━━━━━━━━━━━━━━━ 2.2/2.2 MB 578.7 MB/s eta 0:00:00
Downloading http://pypi-mirror.modal.local:5555/simple/nvidia-cufft/nvidia_cufft-12.0.0.61-py3-none-manylinux2014_x86_64.manylinux_2_17_x86_64.whl (214.1 MB)
   ━━━━━━━━━━━━━━━━━━━━━━━━━━━━━━━━━━━━━━━ 214.1/214.1 MB 508.9 MB/s eta 0:00:00
Downloading http://pypi-mirror.modal.local:5555/simple/nvidia-cufile/nvidia_cufile-1.15.1.6-py3-none-manylinux2014_x86_64.manylinux_2_17_x86_64.whl (1.2 MB)
   ━━━━━━━━━━━━━━━━━━━━━━━━━━━━━━━━━━━━━━━━ 1.2/1.2 MB 725.1 MB/s eta 0:00:00
Downloading http://pypi-mirror.modal.local:5555/simple/nvidia-curand/nvidia_curand-10.4.0.35-py3-none-manylinux_2_27_x86_64.whl (59.5 MB)
   ━━━━━━━━━━━━━━━━━━━━━━━━━━━━━━━━━━━━━━━━ 59.5/59.5 MB 515.9 MB/s eta 0:00:00
Downloading http://pypi-mirror.modal.local:5555/simple/nvidia-cusolver/nvidia_cusolver-12.0.4.66-py3-none-manylinux_2_27_x86_64.whl (200.9 MB)
   ━━━━━━━━━━━━━━━━━━━━━━━━━━━━━━━━━━━━━━━ 200.9/200.9 MB 498.4 MB/s eta 0:00:00
Downloading http://pypi-mirror.modal.local:5555/simple/nvidia-cusparse/nvidia_cusparse-12.6.3.3-py3-none-manylinux2014_x86_64.manylinux_2_17_x86_64.whl (145.9 MB)
   ━━━━━━━━━━━━━━━━━━━━━━━━━━━━━━━━━━━━━━━ 145.9/145.9 MB 501.2 MB/s eta 0:00:00
Downloading http://pypi-mirror.modal.local:5555/simple/nvidia-nvtx/nvidia_nvtx-13.0.85-py3-none-manylinux1_x86_64.manylinux_2_5_x86_64.whl (148 kB)
Downloading http://pypi-mirror.modal.local:5555/simple/configspace/configspace-1.2.2-py3-none-any.whl (117 kB)
Downloading http://pypi-mirror.modal.local:5555/simple/jsonschema/jsonschema-4.26.0-py3-none-any.whl (90 kB)
Downloading http://pypi-mirror.modal.local:5555/simple/pyyaml/pyyaml-6.0.3-cp312-cp312-manylinux2014_x86_64.manylinux_2_17_x86_64.manylinux_2_28_x86_64.whl (807 kB)
   ━━━━━━━━━━━━━━━━━━━━━━━━━━━━━━━━━━━━━━━ 807.9/807.9 kB 629.6 MB/s eta 0:00:00
Downloading http://pypi-mirror.modal.local:5555/simple/cuda-bindings/cuda_bindings-13.4.3-cp312-cp312-manylinux_2_24_x86_64.manylinux_2_28_x86_64.whl (7.2 MB)
   ━━━━━━━━━━━━━━━━━━━━━━━━━━━━━━━━━━━━━━━━ 7.2/7.2 MB 521.2 MB/s eta 0:00:00
Downloading http://pypi-mirror.modal.local:5555/simple/einops/einops-0.8.2-py3-none-any.whl (65 kB)
Downloading http://pypi-mirror.modal.local:5555/simple/filelock/filelock-4.0.9-py3-none-any.whl (110 kB)
Downloading http://pypi-mirror.modal.local:5555/simple/huggingface-hub/huggingface_hub-2.1.1-py3-none-any.whl (838 kB)
   ━━━━━━━━━━━━━━━━━━━━━━━━━━━━━━━━━━━━━━━ 838.0/838.0 kB 486.1 MB/s eta 0:00:00
Downloading http://pypi-mirror.modal.local:5555/simple/joblib/joblib-1.6.0-py3-none-any.whl (306 kB)
Downloading http://pypi-mirror.modal.local:5555/simple/jsonschema-specifications/jsonschema_specifications-2025.9.1-py3-none-any.whl (18 kB)
Downloading http://pypi-mirror.modal.local:5555/simple/lightgbm/lightgbm-4.7.0-py3-none-manylinux_2_27_x86_64.manylinux_2_28_x86_64.whl (3.5 MB)
   ━━━━━━━━━━━━━━━━━━━━━━━━━━━━━━━━━━━━━━━━ 3.5/3.5 MB 302.0 MB/s eta 0:00:00
Downloading http://pypi-mirror.modal.local:5555/simple/networkx/networkx-3.7-py3-none-any.whl (2.1 MB)
   ━━━━━━━━━━━━━━━━━━━━━━━━━━━━━━━━━━━━━━━━ 2.1/2.1 MB 571.5 MB/s eta 0:00:00
Downloading http://pypi-mirror.modal.local:5555/simple/pyarrow/pyarrow-20.0.0-cp312-cp312-manylinux_2_28_x86_64.whl (42.3 MB)
   ━━━━━━━━━━━━━━━━━━━━━━━━━━━━━━━━━━━━━━━━ 42.3/42.3 MB 279.9 MB/s eta 0:00:00
Downloading http://pypi-mirror.modal.local:5555/simple/pydantic/pydantic-2.13.5-py3-none-any.whl (472 kB)
Downloading http://pypi-mirror.modal.local:5555/simple/pydantic-core/pydantic_core-2.46.5-cp312-cp312-manylinux_2_17_x86_64.manylinux2014_x86_64.whl (2.1 MB)
   ━━━━━━━━━━━━━━━━━━━━━━━━━━━━━━━━━━━━━━━━ 2.1/2.1 MB 585.6 MB/s eta 0:00:00
Downloading http://pypi-mirror.modal.local:5555/simple/pydantic-settings/pydantic_settings-2.15.0-py3-none-any.whl (69 kB)
Downloading http://pypi-mirror.modal.local:5555/simple/python-dateutil/python_dateutil-2.9.0.post0-py2.py3-none-any.whl (229 kB)
Downloading http://pypi-mirror.modal.local:5555/simple/pytz/pytz-2026.4-py2.py3-none-any.whl (506 kB)
Downloading http://pypi-mirror.modal.local:5555/simple/referencing/referencing-0.37.0-py3-none-any.whl (26 kB)
Downloading http://pypi-mirror.modal.local:5555/simple/rpds-py/rpds_py-2026.6.3-cp312-cp312-manylinux_2_17_x86_64.manylinux2014_x86_64.whl (366 kB)
Downloading http://pypi-mirror.modal.local:5555/simple/safetensors/safetensors-0.8.0-cp310-abi3-manylinux_2_17_x86_64.manylinux2014_x86_64.whl (516 kB)
Downloading http://pypi-mirror.modal.local:5555/simple/scipy/scipy-1.18.1-cp312-cp312-manylinux_2_27_x86_64.manylinux_2_28_x86_64.whl (35.3 MB)
   ━━━━━━━━━━━━━━━━━━━━━━━━━━━━━━━━━━━━━━━━ 35.3/35.3 MB 468.3 MB/s eta 0:00:00
Downloading http://pypi-mirror.modal.local:5555/simple/sqlglot/sqlglot-27.29.0-py3-none-any.whl (526 kB)
   ━━━━━━━━━━━━━━━━━━━━━━━━━━━━━━━━━━━━━━━ 526.1/526.1 kB 176.6 MB/s eta 0:00:00
Downloading http://pypi-mirror.modal.local:5555/simple/sympy/sympy-1.14.0-py3-none-any.whl (6.3 MB)
   ━━━━━━━━━━━━━━━━━━━━━━━━━━━━━━━━━━━━━━━━ 6.3/6.3 MB 538.8 MB/s eta 0:00:00
Downloading http://pypi-mirror.modal.local:5555/simple/tabpfn-common-utils/tabpfn_common_utils-0.2.23-py3-none-any.whl (40 kB)
Downloading http://pypi-mirror.modal.local:5555/simple/requests/requests-2.34.2-py3-none-any.whl (73 kB)
Downloading http://pypi-mirror.modal.local:5555/simple/threadpoolctl/threadpoolctl-3.7.0-py3-none-any.whl (26 kB)
Downloading http://pypi-mirror.modal.local:5555/simple/tqdm/tqdm-4.70.1-py3-none-any.whl (80 kB)
Downloading http://pypi-mirror.modal.local:5555/simple/typing-extensions/typing_extensions-4.16.0-py3-none-any.whl (45 kB)
Downloading http://pypi-mirror.modal.local:5555/simple/tzdata/tzdata-2026.5-py2.py3-none-any.whl (347 kB)
Downloading http://pypi-mirror.modal.local:5555/simple/boto3/boto3-1.43.108-py3-none-any.whl (140 kB)
Downloading http://pypi-mirror.modal.local:5555/simple/datasets/datasets-4.0.0-py3-none-any.whl (494 kB)
Downloading http://pypi-mirror.modal.local:5555/simple/fsspec/fsspec-2025.3.0-py3-none-any.whl (193 kB)
Downloading http://pypi-mirror.modal.local:5555/simple/duckdb/duckdb-1.5.6-cp312-cp312-manylinux_2_26_x86_64.manylinux_2_28_x86_64.whl (21.6 MB)
   ━━━━━━━━━━━━━━━━━━━━━━━━━━━━━━━━━━━━━━━━ 21.6/21.6 MB 308.3 MB/s eta 0:00:00
Downloading http://pypi-mirror.modal.local:5555/simple/featuretools/featuretools-1.31.0-py3-none-any.whl (587 kB)
   ━━━━━━━━━━━━━━━━━━━━━━━━━━━━━━━━━━━━━━━ 587.9/587.9 kB 223.1 MB/s eta 0:00:00
Downloading http://pypi-mirror.modal.local:5555/simple/psutil/psutil-7.2.2-cp36-abi3-manylinux2010_x86_64.manylinux_2_12_x86_64.manylinux_2_28_x86_64.whl (155 kB)
Downloading http://pypi-mirror.modal.local:5555/simple/jinja2/jinja2-3.1.6-py3-none-any.whl (134 kB)
Downloading http://pypi-mirror.modal.local:5555/simple/loguru/loguru-0.7.3-py3-none-any.whl (61 kB)
Downloading http://pypi-mirror.modal.local:5555/simple/more-itertools/more_itertools-11.1.0-py3-none-any.whl (72 kB)
Downloading http://pypi-mirror.modal.local:5555/simple/pooch/pooch-1.9.0-py3-none-any.whl (67 kB)
Downloading http://pypi-mirror.modal.local:5555/simple/pyparsing/pyparsing-3.3.3-py3-none-any.whl (126 kB)
Downloading http://pypi-mirror.modal.local:5555/simple/sql-formatter/sql_formatter-0.6.2-py3-none-any.whl (26 kB)
Downloading http://pypi-mirror.modal.local:5555/simple/sqlalchemy/sqlalchemy-2.1.3-cp312-cp312-manylinux2014_x86_64.manylinux_2_17_x86_64.manylinux_2_28_x86_64.whl (4.7 MB)
   ━━━━━━━━━━━━━━━━━━━━━━━━━━━━━━━━━━━━━━━━ 4.7/4.7 MB 512.8 MB/s eta 0:00:00
Downloading http://pypi-mirror.modal.local:5555/simple/annotated-types/annotated_types-0.8.0-py3-none-any.whl (13 kB)
Downloading http://pypi-mirror.modal.local:5555/simple/botocore/botocore-1.43.108-py3-none-any.whl (16.0 MB)
   ━━━━━━━━━━━━━━━━━━━━━━━━━━━━━━━━━━━━━━━━ 16.0/16.0 MB 507.9 MB/s eta 0:00:00
Downloading http://pypi-mirror.modal.local:5555/simple/charset-normalizer/charset_normalizer-3.5.2-cp312-cp312-manylinux2014_x86_64.manylinux_2_17_x86_64.manylinux_2_28_x86_64.whl (257 kB)
Downloading http://pypi-mirror.modal.local:5555/simple/click/click-8.5.0-py3-none-any.whl (125 kB)
Downloading http://pypi-mirror.modal.local:5555/simple/cloudpickle/cloudpickle-3.1.2-py3-none-any.whl (22 kB)
Downloading http://pypi-mirror.modal.local:5555/simple/cuda-pathfinder/cuda_pathfinder-1.8.3-py3-none-any.whl (62 kB)
Downloading http://pypi-mirror.modal.local:5555/simple/dill/dill-0.3.8-py3-none-any.whl (116 kB)
Downloading http://pypi-mirror.modal.local:5555/simple/hf-xet/hf_xet-1.6.0-cp38-abi3-manylinux2014_x86_64.manylinux_2_17_x86_64.whl (4.5 MB)
   ━━━━━━━━━━━━━━━━━━━━━━━━━━━━━━━━━━━━━━━━ 4.5/4.5 MB 540.9 MB/s eta 0:00:00
Downloading http://pypi-mirror.modal.local:5555/simple/holidays/holidays-0.105-py3-none-any.whl (1.6 MB)
   ━━━━━━━━━━━━━━━━━━━━━━━━━━━━━━━━━━━━━━━━ 1.6/1.6 MB 421.9 MB/s eta 0:00:00
Downloading http://pypi-mirror.modal.local:5555/simple/httpx2/httpx2-2.13.1-py3-none-any.whl (95 kB)
Downloading http://pypi-mirror.modal.local:5555/simple/httpcore2/httpcore2-2.13.1-py3-none-any.whl (83 kB)
Downloading http://pypi-mirror.modal.local:5555/simple/idna/idna-3.20-py3-none-any.whl (69 kB)
Downloading http://pypi-mirror.modal.local:5555/simple/jmespath/jmespath-1.1.0-py3-none-any.whl (20 kB)
Downloading http://pypi-mirror.modal.local:5555/simple/markupsafe/markupsafe-3.0.4-cp312-cp312-manylinux2014_x86_64.manylinux_2_17_x86_64.manylinux_2_28_x86_64.whl (22 kB)
Downloading http://pypi-mirror.modal.local:5555/simple/mpmath/mpmath-1.3.0-py3-none-any.whl (536 kB)
   ━━━━━━━━━━━━━━━━━━━━━━━━━━━━━━━━━━━━━━━━ 536.2/536.2 kB 1.0 GB/s eta 0:00:00
Downloading http://pypi-mirror.modal.local:5555/simple/multiprocess/multiprocess-0.70.16-py312-none-any.whl (146 kB)
Downloading http://pypi-mirror.modal.local:5555/simple/narwhals/narwhals-2.26.0-py3-none-any.whl (474 kB)
Downloading http://pypi-mirror.modal.local:5555/simple/nvidia-ml-py/nvidia_ml_py-13.615.71-py3-none-any.whl (58 kB)
Downloading http://pypi-mirror.modal.local:5555/simple/nvidia-nvjitlink/nvidia_nvjitlink-13.4.92-py3-none-manylinux2010_x86_64.manylinux_2_12_x86_64.whl (42.5 MB)
   ━━━━━━━━━━━━━━━━━━━━━━━━━━━━━━━━━━━━━━━━ 42.5/42.5 MB 515.1 MB/s eta 0:00:00
Downloading http://pypi-mirror.modal.local:5555/simple/packaging/packaging-26.3-py3-none-any.whl (129 kB)
Downloading http://pypi-mirror.modal.local:5555/simple/platformdirs/platformdirs-4.12.2-py3-none-any.whl (32 kB)
Downloading http://pypi-mirror.modal.local:5555/simple/posthog/posthog-7.62.1-py3-none-any.whl (819 kB)
   ━━━━━━━━━━━━━━━━━━━━━━━━━━━━━━━━━━━━━━━ 819.2/819.2 kB 903.3 MB/s eta 0:00:00
Downloading http://pypi-mirror.modal.local:5555/simple/python-dotenv/python_dotenv-1.2.4-py3-none-any.whl (23 kB)
Downloading http://pypi-mirror.modal.local:5555/simple/s3transfer/s3transfer-0.19.2-py3-none-any.whl (90 kB)
Downloading http://pypi-mirror.modal.local:5555/simple/six/six-1.17.0-py2.py3-none-any.whl (11 kB)
Downloading http://pypi-mirror.modal.local:5555/simple/typing-inspection/typing_inspection-0.4.4-py3-none-any.whl (14 kB)
Downloading http://pypi-mirror.modal.local:5555/simple/urllib3/urllib3-2.8.0-py3-none-any.whl (135 kB)
Downloading http://pypi-mirror.modal.local:5555/simple/woodwork/woodwork-0.31.0-py3-none-any.whl (215 kB)
Downloading http://pypi-mirror.modal.local:5555/simple/xxhash/xxhash-4.0.1-cp312-cp312-manylinux2014_x86_64.manylinux_2_17_x86_64.manylinux_2_28_x86_64.whl (261 kB)
Downloading http://pypi-mirror.modal.local:5555/simple/anyio/anyio-4.15.1-py3-none-any.whl (132 kB)
Downloading http://pypi-mirror.modal.local:5555/simple/backoff/backoff-2.2.1-py3-none-any.whl (15 kB)
Downloading http://pypi-mirror.modal.local:5555/simple/distro/distro-1.9.0-py3-none-any.whl (20 kB)
Downloading http://pypi-mirror.modal.local:5555/simple/importlib-resources/importlib_resources-7.1.0-py3-none-any.whl (37 kB)
Downloading http://pypi-mirror.modal.local:5555/simple/truststore/truststore-0.10.4-py3-none-any.whl (18 kB)
Downloading http://pypi-mirror.modal.local:5555/simple/h11/h11-0.16.0-py3-none-any.whl (37 kB)
Installing collected packages: pytz, nvidia-ml-py, nvidia-cusparselt-cu13, mpmath, cuda-toolkit, xxhash, urllib3, tzdata, typing-extensions, truststore, triton, tqdm, threadpoolctl, sympy, sqlglot, sql_formatter, six, setuptools, safetensors, rpds-py, pyyaml, python-dotenv, pyparsing, pyarrow, psutil, platformdirs, packaging, nvidia-nvtx, nvidia-nvshmem-cu13, nvidia-nvjitlink, nvidia-nccl-cu13, nvidia-curand, nvidia-cufile, nvidia-cuda-runtime, nvidia-cuda-nvrtc, nvidia-cuda-cupti, numpy, networkx, narwhals, more_itertools, MarkupSafe, loguru, jmespath, importlib-resources, idna, hf-xet, h11, fsspec, filelock, einops, duckdb, distro, dill, cuda-pathfinder, cloudpickle, click, charset_normalizer, backoff, annotated-types, typing-inspection, sqlalchemy, scipy, requests, referencing, python-dateutil, pydantic-core, nvidia-cusparse, nvidia-cufft, nvidia-cublas, multiprocess, joblib, jinja2, httpcore2, cuda-bindings, anyio, scikit-learn, pydantic, posthog, pooch, pandas, nvidia-cusolver, nvidia-cudnn-cu13, lightgbm, jsonschema-specifications, httpx2, holidays, configspace, botocore, woodwork, tabpfn-common-utils, s3transfer, pydantic-settings, jsonschema, huggingface-hub, torch, featuretools, datasets, boto3, tabpfn, relbench, fastdfs
  Attempting uninstall: typing-extensions
    Found existing installation: typing_extensions 4.12.2
    Uninstalling typing_extensions-4.12.2:
      Successfully uninstalled typing_extensions-4.12.2
  Attempting uninstall: idna
    Found existing installation: idna 3.10
    Uninstalling idna-3.10:
      Successfully uninstalled idna-3.10
Successfully installed MarkupSafe-3.0.4 annotated-types-0.8.0 anyio-4.15.1 backoff-2.2.1 boto3-1.43.108 botocore-1.43.108 charset_normalizer-3.5.2 click-8.5.0 cloudpickle-3.1.2 configspace-1.2.2 cuda-bindings-13.4.3 cuda-pathfinder-1.8.3 cuda-toolkit-13.0.3.0 datasets-4.0.0 dill-0.3.8 distro-1.9.0 duckdb-1.5.6 einops-0.8.2 fastdfs-1.1 featuretools-1.31.0 filelock-4.0.9 fsspec-2025.3.0 h11-0.16.0 hf-xet-1.6.0 holidays-0.105 httpcore2-2.13.1 httpx2-2.13.1 huggingface-hub-2.1.1 idna-3.20 importlib-resources-7.1.0 jinja2-3.1.6 jmespath-1.1.0 joblib-1.6.0 jsonschema-4.26.0 jsonschema-specifications-2025.9.1 lightgbm-4.7.0 loguru-0.7.3 more_itertools-11.1.0 mpmath-1.3.0 multiprocess-0.70.16 narwhals-2.26.0 networkx-3.7 numpy-2.5.3 nvidia-cublas-13.1.1.3 nvidia-cuda-cupti-13.0.85 nvidia-cuda-nvrtc-13.0.88 nvidia-cuda-runtime-13.0.96 nvidia-cudnn-cu13-9.20.0.48 nvidia-cufft-12.0.0.61 nvidia-cufile-1.15.1.6 nvidia-curand-10.4.0.35 nvidia-cusolver-12.0.4.66 nvidia-cusparse-12.6.3.3 nvidia-cusparselt-cu13-0.8.1 nvidia-ml-py-13.615.71 nvidia-nccl-cu13-2.29.7 nvidia-nvjitlink-13.4.92 nvidia-nvshmem-cu13-3.4.5 nvidia-nvtx-13.0.85 packaging-26.3 pandas-2.3.3 platformdirs-4.12.2 pooch-1.9.0 posthog-7.62.1 psutil-7.2.2 pyarrow-20.0.0 pydantic-2.13.5 pydantic-core-2.46.5 pydantic-settings-2.15.0 pyparsing-3.3.3 python-dateutil-2.9.0.post0 python-dotenv-1.2.4 pytz-2026.4 pyyaml-6.0.3 referencing-0.37.0 relbench-2.1.2 requests-2.34.2 rpds-py-2026.6.3 s3transfer-0.19.2 safetensors-0.8.0 scikit-learn-1.6.1 scipy-1.18.1 setuptools-80.9.0 six-1.17.0 sql_formatter-0.6.2 sqlalchemy-2.1.3 sqlglot-27.29.0 sympy-1.14.0 tabpfn-8.0.8 tabpfn-common-utils-0.2.23 threadpoolctl-3.7.0 torch-2.13.0 tqdm-4.70.1 triton-3.7.1 truststore-0.10.4 typing-extensions-4.16.0 typing-inspection-0.4.4 tzdata-2026.5 urllib3-2.8.0 woodwork-0.31.0 xxhash-4.0.1

[notice] A new release of pip is available: 24.3.1 -> 26.2.1
[notice] To update, run: pip install --upgrade pip
Saving image...
Image saved, took 3.29s

Built image im-cAhh6PRNKKhKdINYdzQIiO in 79.85s


Building image im-zGZHRDVnmRT57Mrl25OnGq

Using legacy Image Builder version. We suggest upgrading at https://modal.com/settings/image-config.

=> Step 0: FROM base

=> Step 1: ENV OMP_NUM_THREADS=4

=> Step 2: ENV OPENBLAS_NUM_THREADS=4

=> Step 3: ENV MKL_NUM_THREADS=4

=> Step 4: ENV TABPFN_DISABLE_TELEMETRY=1
Saving image...
Image saved, took 655.01ms

Built image im-zGZHRDVnmRT57Mrl25OnGq in 1.31s


✓ Created objects.
├── 🔨 Created mount /home/avist/Projects/relational/modal/b14_tabpfn_rel.py
├── 🔨 Created mount 
│   /home/avist/Projects/relational/labs/evidence/b14/cloud-input-lock.json
├── 🔨 Created mount /home/avist/Projects/relational/labs/_worker_b14.py
├── 🔨 Created mount /tmp/b14-weights
├── 🔨 Created mount /tmp/b14-dfs-cache
├── 🔨 Created mount /home/avist/.cache/relbench/rel-f1
├── 🔨 Created mount /home/avist/Projects/relational/labs/sources/b14/relarena
├── 🔨 Created function pilot.
└── 🔨 Created function full.
{"phase": "pilot", "exit_code": 0, "seconds": 43.198871153, "limit_seconds": 300}
Stopping app - local entrypoint completed.
✓ App completed. View run at 
https://modal.com/apps/pszar92/main/ap-wHlLDLGnLXAsm95xmveSBX
