/tmp/l192-repro-env/lib/python3.12/site-packages/woodwork/__init__.py:2: UserWarning: pkg_resources is deprecated as an API. See https://setuptools.pypa.io/en/latest/pkg_resources.html. The pkg_resources package is slated for removal as early as 2025-11-30. Refrain from using this package or pin to Setuptools<81.
  import pkg_resources
{
  "status": "FAIL",
  "scope": "Fresh synthetic full released preprocessing; no benchmark data or backend",
  "train_categories": [
    "b",
    "c",
    "d"
  ],
  "known_categories": [
    "b",
    "c",
    "d"
  ],
  "observations": [
    {
      "unseen": "a",
      "before": [
        0,
        1,
        2
      ],
      "after": [
        1,
        2,
        3
      ],
      "numeric_before": [
        1,
        2,
        3
      ],
      "numeric_after": [
        1,
        2,
        3
      ],
      "query_alone": [
        0
      ],
      "query_with_other": [
        0,
        1
      ],
      "classes_after": [
        "a",
        "b",
        "c",
        "d"
      ],
      "changed_codes": 3
    },
    {
      "unseen": "z",
      "before": [
        0,
        1,
        2
      ],
      "after": [
        0,
        1,
        2
      ],
      "numeric_before": [
        1,
        2,
        3
      ],
      "numeric_after": [
        1,
        2,
        3
      ],
      "query_alone": [
        0
      ],
      "query_with_other": [
        3,
        0
      ],
      "classes_after": [
        "b",
        "c",
        "d",
        "z"
      ],
      "changed_codes": 0
    },
    {
      "unseen": "0",
      "before": [
        0,
        1,
        2
      ],
      "after": [
        1,
        2,
        3
      ],
      "numeric_before": [
        1,
        2,
        3
      ],
      "numeric_after": [
        1,
        2,
        3
      ],
      "query_alone": [
        0
      ],
      "query_with_other": [
        0,
        1
      ],
      "classes_after": [
        "0",
        "b",
        "c",
        "d"
      ],
      "changed_codes": 3
    },
    {
      "unseen": "e",
      "before": [
        0,
        1,
        2
      ],
      "after": [
        0,
        1,
        2
      ],
      "numeric_before": [
        1,
        2,
        3
      ],
      "numeric_after": [
        1,
        2,
        3
      ],
      "query_alone": [
        0
      ],
      "query_with_other": [
        3,
        0
      ],
      "classes_after": [
        "b",
        "c",
        "d",
        "e"
      ],
      "changed_codes": 0
    }
  ],
  "source_sha256": "87fa6f9fe7d441fbcd5fd4e6119fd97b35a13c6d2ad6dd3e4195beb9c3229371",
  "model_evaluations": 0,
  "task_impact": "NOT_ESTABLISHED",
  "historical_environment": "NOT_ESTABLISHED",
  "packages": {
    "numpy": "2.3.5",
    "pandas": "2.3.3",
    "scikit-learn": "1.7.2",
    "autogluon.features": "1.5.0",
    "autogluon.common": "1.5.0",
    "pydantic": "2.11.7",
    "fastdfs": "0.2.1"
  }
}
