Using Python 3.12.3 environment at: /tmp/b14-paper-env
Resolved 91 packages in 2.08s
Downloading pyarrow (38.8MiB)
 Downloaded pyarrow
Prepared 2 packages in 7.15s
Installed 91 packages in 1.05s
 + aiohappyeyeballs==2.7.1
 + aiohttp==3.14.3
 + aiosignal==1.4.0
 + annotated-types==0.8.0
 + anyio==4.15.1
 + attrs==26.1.0
 + backoff==2.2.1
 + boto3==1.43.108
 + botocore==1.43.108
 + certifi==2026.7.22
 + charset-normalizer==3.5.2
 + click==8.5.0
 + cloudpickle==3.1.2
 + configspace==1.2.2
 + datasets==4.0.0
 + dill==0.3.8
 + distro==1.9.0
 + duckdb==1.5.6
 + einops==0.8.2
 + fastdfs==1.1
 + featuretools==1.31.0
 + filelock==4.0.9
 + frozenlist==1.8.0
 + fsspec==2025.3.0
 + h11==0.16.0
 + hf-xet==1.6.0
 + holidays==0.105
 + httpcore2==2.13.1
 + httpx2==2.13.1
 + huggingface-hub==2.1.1
 + idna==3.20
 + importlib-resources==7.1.0
 + jinja2==3.1.6
 + jmespath==1.1.0
 + joblib==1.6.0
 + jsonschema==4.26.0
 + jsonschema-specifications==2025.9.1
 + lightgbm==4.7.0
 + loguru==0.7.3
 + markupsafe==3.0.4
 + more-itertools==11.1.0
 + mpmath==1.3.0
 + multidict==6.9.1
 + multiprocess==0.70.16
 + narwhals==2.26.0
 + networkx==3.7
 + numpy==2.5.3
 + nvidia-ml-py==13.615.71
 + packaging==26.3
 + pandas==2.3.3
 + platformdirs==4.12.2
 + pooch==1.9.0
 + posthog==7.62.1
 + propcache==0.5.4
 + psutil==7.2.2
 + pyarrow==20.0.0
 + pydantic==2.13.5
 + pydantic-core==2.46.5
 + pydantic-settings==2.15.0
 + pyparsing==3.3.3
 + python-dateutil==2.9.0.post0
 + python-dotenv==1.2.4
 + pytz==2026.4
 + pyyaml==6.0.3
 + referencing==0.37.0
 + relbench==2.1.2
 + requests==2.34.2
 + rpds-py==2026.6.3
 + s3transfer==0.19.2
 + safetensors==0.8.0
 + scikit-learn==1.6.1
 + scipy==1.18.1
 + setuptools==81.0.0
 + six==1.17.0
 + sql-formatter==0.6.2
 + sqlalchemy==2.1.3
 + sqlglot==27.29.0
 + sympy==1.14.0
 + tabpfn==8.0.8
 + tabpfn-common-utils==0.2.23
 + threadpoolctl==3.7.0
 + torch==2.13.0+cpu
 + tqdm==4.70.1
 + truststore==0.10.4
 + typing-extensions==4.16.0
 + typing-inspection==0.4.4
 + tzdata==2026.5
 + urllib3==2.8.0
 + woodwork==0.31.0
 + xxhash==4.0.1
 + yarl==1.25.1
