Using CPython 3.12.3 interpreter at: .venv/bin/python
Creating virtual environment at: /tmp/b14-paper-env
Activate with: source /tmp/b14-paper-env/bin/activate
Using Python 3.12.3 environment at: /tmp/b14-paper-env
WARN Fixing invalid version specifier by removing star after comparison operator other than equal and not equal (before: `>=3.5.*`; after: `>=3.5`)
WARN Fixing invalid version specifier by removing star after comparison operator other than equal and not equal (before: `>=3.5.*`; after: `>=3.5`)
WARN Fixing invalid version specifier by removing star after comparison operator other than equal and not equal (before: `>=3.6.*`; after: `>=3.6`)
WARN Skipping file for scikit-learn: scikit-learn-0.10.win32-py2.6.exe
WARN Skipping file for scikit-learn: scikit-learn-0.10.win32-py2.7.exe
WARN Skipping file for scikit-learn: scikit-learn-0.11.win32-py2.6.exe
WARN Skipping file for scikit-learn: scikit-learn-0.11.win32-py2.7.exe
WARN Skipping file for scikit-learn: scikit-learn-0.12.1.win32-py2.6.exe
WARN Skipping file for scikit-learn: scikit-learn-0.12.1.win32-py2.7.exe
WARN Skipping file for scikit-learn: scikit-learn-0.12.win32-py2.6.exe
WARN Skipping file for scikit-learn: scikit-learn-0.12.win32-py2.7.exe
WARN Skipping file for scikit-learn: scikit-learn-0.13.1.win32-py2.6.exe
WARN Skipping file for scikit-learn: scikit-learn-0.13.1.win32-py2.7.exe
WARN Skipping file for scikit-learn: scikit-learn-0.13.win32-py2.6.exe
WARN Skipping file for scikit-learn: scikit-learn-0.13.win32-py2.7.exe
WARN Skipping file for scikit-learn: scikit-learn-0.14.1.win32-py2.6.exe
WARN Skipping file for scikit-learn: scikit-learn-0.14.1.win32-py2.7.exe
WARN Skipping file for scikit-learn: scikit-learn-0.14.1.win32-py3.3.exe
WARN Skipping file for scikit-learn: scikit-learn-0.15.0.win-amd64-py2.7.exe
WARN Skipping file for scikit-learn: scikit-learn-0.15.0.win-amd64-py3.4.exe
WARN Skipping file for scikit-learn: scikit-learn-0.15.0.win32-py2.7.exe
WARN Skipping file for scikit-learn: scikit-learn-0.15.0.win32-py3.4.exe
WARN Skipping file for scikit-learn: scikit-learn-0.15.1.win-amd64-py2.7.exe
WARN Skipping file for scikit-learn: scikit-learn-0.15.1.win-amd64-py3.4.exe
WARN Skipping file for scikit-learn: scikit-learn-0.15.1.win32-py2.7.exe
WARN Skipping file for scikit-learn: scikit-learn-0.15.1.win32-py3.4.exe
WARN Skipping file for scikit-learn: scikit-learn-0.15.2.win-amd64-py2.7.exe
WARN Skipping file for scikit-learn: scikit-learn-0.15.2.win-amd64-py3.4.exe
WARN Skipping file for scikit-learn: scikit-learn-0.15.2.win32-py2.7.exe
WARN Skipping file for scikit-learn: scikit-learn-0.15.2.win32-py3.4.exe
WARN Skipping file for scikit-learn: scikit-learn-0.16.0.win-amd64-py2.7.exe
WARN Skipping file for scikit-learn: scikit-learn-0.16.0.win-amd64-py3.4.exe
WARN Skipping file for scikit-learn: scikit-learn-0.16.0.win32-py2.7.exe
WARN Skipping file for scikit-learn: scikit-learn-0.16.0.win32-py3.4.exe
WARN Skipping file for scikit-learn: scikit-learn-0.16.1.win-amd64-py2.7.exe
WARN Skipping file for scikit-learn: scikit-learn-0.16.1.win-amd64-py3.4.exe
WARN Skipping file for scikit-learn: scikit-learn-0.16.1.win32-py2.7.exe
WARN Skipping file for scikit-learn: scikit-learn-0.16.1.win32-py3.4.exe
WARN Skipping file for scikit-learn: scikit-learn-0.17.1.win-amd64-py2.7.exe
WARN Skipping file for scikit-learn: scikit-learn-0.17.1.win-amd64-py3.4.exe
WARN Skipping file for scikit-learn: scikit-learn-0.17.1.win-amd64-py3.5.exe
WARN Skipping file for scikit-learn: scikit-learn-0.17.1.win32-py2.7.exe
WARN Skipping file for scikit-learn: scikit-learn-0.17.1.win32-py3.4.exe
WARN Skipping file for scikit-learn: scikit-learn-0.17.1.win32-py3.5.exe
WARN Skipping file for scikit-learn: scikit-learn-0.17.win-amd64-py2.7.exe
WARN Skipping file for scikit-learn: scikit-learn-0.17.win-amd64-py3.4.exe
WARN Skipping file for scikit-learn: scikit-learn-0.17.win-amd64-py3.5.exe
WARN Skipping file for scikit-learn: scikit-learn-0.17.win32-py2.7.exe
WARN Skipping file for scikit-learn: scikit-learn-0.17.win32-py3.4.exe
WARN Skipping file for scikit-learn: scikit-learn-0.17.win32-py3.5.exe
WARN Skipping file for scikit-learn: scikit-learn-0.18.1.win-amd64-py2.7.exe
WARN Skipping file for scikit-learn: scikit-learn-0.18.1.win-amd64-py3.5.exe
WARN Skipping file for scikit-learn: scikit-learn-0.18.1.win32-py2.7.exe
WARN Skipping file for scikit-learn: scikit-learn-0.18.1.win32-py3.5.exe
WARN Skipping file for scikit-learn: scikit-learn-0.18.2.win-amd64-py2.7.exe
WARN Skipping file for scikit-learn: scikit-learn-0.18.2.win-amd64-py3.5.exe
WARN Skipping file for scikit-learn: scikit-learn-0.18.2.win32-py2.7.exe
WARN Skipping file for scikit-learn: scikit-learn-0.18.2.win32-py3.5.exe
WARN Skipping file for scikit-learn: scikit-learn-0.18.win-amd64-py2.7.exe
WARN Skipping file for scikit-learn: scikit-learn-0.18.win-amd64-py3.5.exe
WARN Skipping file for scikit-learn: scikit-learn-0.18.win32-py2.7.exe
WARN Skipping file for scikit-learn: scikit-learn-0.18.win32-py3.5.exe
WARN Skipping file for scikit-learn: scikit-learn-0.19.1.win-amd64-py2.7.exe
WARN Skipping file for scikit-learn: scikit-learn-0.19.1.win-amd64-py3.5.exe
WARN Skipping file for scikit-learn: scikit-learn-0.19.1.win32-py2.7.exe
WARN Skipping file for scikit-learn: scikit-learn-0.19.1.win32-py3.5.exe
WARN Skipping file for scikit-learn: scikit-learn-0.9.win32-py2.6.exe
WARN Skipping file for scikit-learn: scikit-learn-0.9.win32-py2.7.exe
WARN Skipping file for sqlalchemy: SQLAlchemy-0.1.1-py2.4.egg
WARN Skipping file for sqlalchemy: SQLAlchemy-0.1.2-py2.4.egg
WARN Skipping file for sqlalchemy: SQLAlchemy-0.1.3-py2.4.egg
WARN Skipping file for sqlalchemy: SQLAlchemy-0.1.4-py2.4.egg
WARN Skipping file for holidays: holidays-0.10.1-py2.7.egg
WARN Skipping file for holidays: holidays-0.10.1-py3.8.egg
WARN Skipping file for holidays: holidays-0.10.2-py2.7.egg
WARN Skipping file for holidays: holidays-0.10.2-py3.8.egg
WARN Skipping file for holidays: holidays-0.10.3-py2.7.egg
WARN Skipping file for holidays: holidays-0.10.3-py3.8.egg
WARN Skipping file for holidays: holidays-0.10.4-py2.7.egg
WARN Skipping file for holidays: holidays-0.10.4-py3.8.egg
WARN Skipping file for holidays: holidays-0.10.5.2-py3.7.egg
WARN Skipping file for holidays: holidays-0.10.5.2-py3.8.egg
WARN Skipping file for holidays: holidays-0.10.5.2-py3.9.egg
WARN Skipping file for holidays: holidays-0.9.1-py2.7.egg
WARN Skipping file for holidays: holidays-0.9.10-py2.7.egg
WARN Skipping file for holidays: holidays-0.9.10-py3.7.egg
WARN Skipping file for holidays: holidays-0.9.11-py2.7.egg
WARN Skipping file for holidays: holidays-0.9.11-py3.7.egg
WARN Skipping file for holidays: holidays-0.9.12-py2.7.egg
WARN Skipping file for holidays: holidays-0.9.12-py3.7.egg
WARN Skipping file for holidays: holidays-0.9.4-py2.7.egg
WARN Skipping file for holidays: holidays-0.9.5-py2.7.egg
WARN Skipping file for holidays: holidays-0.9.6-py2.7.egg
WARN Skipping file for holidays: holidays-0.9.7-py2.7.egg
WARN Skipping file for holidays: holidays-0.9.7-py3.7.egg
WARN Skipping file for holidays: holidays-0.9.8-py2.7.egg
WARN Skipping file for holidays: holidays-0.9.9-py2.7.egg
Resolved 110 packages in 2.37s
Downloading triton (216.0MiB)
Downloading pydantic-core (1.9MiB)
Downloading setuptools (1.0MiB)
Downloading networkx (2.0MiB)
Downloading nvidia-cusparse (154.6MiB)
Downloading nvidia-cuda-nvrtc (41.0MiB)
Downloading nvidia-nvshmem-cu13 (57.4MiB)
Downloading botocore (15.3MiB)
Downloading nvidia-cufft (204.1MiB)
Downloading pyarrow (38.8MiB)
Downloading nvidia-cublas (517.7MiB)
Downloading holidays (1.6MiB)
Downloading nvidia-curand (59.1MiB)
Downloading nvidia-cusolver (213.1MiB)
Downloading pandas (11.2MiB)
Downloading nvidia-cuda-runtime (2.2MiB)
Downloading lightgbm (3.2MiB)
Downloading duckdb (18.6MiB)
Downloading sqlalchemy (4.4MiB)
Downloading cuda-bindings (6.2MiB)
Downloading nvidia-cufile (1.1MiB)
Downloading nvidia-cuda-cupti (9.8MiB)
Downloading nvidia-cudnn-cu13 (620.8MiB)
Downloading nvidia-cusparselt-cu13 (210.8MiB)
Downloading torch (433.0MiB)
Downloading nvidia-nccl-cu13 (206.0MiB)
Downloading nvidia-nvjitlink (38.5MiB)
Downloading scikit-learn (11.7MiB)
 Downloaded setuptools
 Downloaded nvidia-cufile
 Downloaded holidays
 Downloaded pydantic-core
 Downloaded networkx
 Downloaded nvidia-cuda-runtime
 Downloaded lightgbm
 Downloaded sqlalchemy
 Downloaded cuda-bindings
 Downloaded nvidia-cuda-cupti
 Downloaded pandas
 Downloaded scikit-learn
 Downloaded botocore
 Downloaded duckdb
Terminated
