✓ Initialized. View run at 
https://modal.com/apps/pszar92/main/ap-1h5ddCCsRtynVQ8h7HN0X5
Building image im-tjYeykGQu70eJds0K1ml1C

Using legacy Image Builder version. We suggest upgrading at https://modal.com/settings/image-config.

=> Step 0: FROM base

=> Step 1: RUN python -m pip install configspace fastdfs==1.1 jsonschema numpy==2.5.3 pandas==2.3.3 pyyaml relbench==2.1.2 scikit-learn==1.9.0 setuptools==80.9.0 tabpfn==8.0.8 torch==2.13.0
Looking in indexes: http://pypi-mirror.modal.local:5555/simple
Collecting configspace
  Downloading http://pypi-mirror.modal.local:5555/simple/configspace/configspace-1.2.2-py3-none-any.whl.metadata (8.0 kB)
Collecting fastdfs==1.1
  Downloading http://pypi-mirror.modal.local:5555/simple/fastdfs/fastdfs-1.1-py3-none-any.whl.metadata (9.2 kB)
Collecting jsonschema
  Downloading http://pypi-mirror.modal.local:5555/simple/jsonschema/jsonschema-4.26.0-py3-none-any.whl.metadata (7.6 kB)
Collecting numpy==2.5.3
  Downloading http://pypi-mirror.modal.local:5555/simple/numpy/numpy-2.5.3-cp312-cp312-manylinux_2_27_x86_64.manylinux_2_28_x86_64.whl.metadata (6.6 kB)
Collecting pandas==2.3.3
  Downloading http://pypi-mirror.modal.local:5555/simple/pandas/pandas-2.3.3-cp312-cp312-manylinux_2_24_x86_64.manylinux_2_28_x86_64.whl.metadata (91 kB)
Collecting pyyaml
  Downloading http://pypi-mirror.modal.local:5555/simple/pyyaml/pyyaml-6.0.3-cp312-cp312-manylinux2014_x86_64.manylinux_2_17_x86_64.manylinux_2_28_x86_64.whl.metadata (2.4 kB)
Collecting relbench==2.1.2
  Downloading http://pypi-mirror.modal.local:5555/simple/relbench/relbench-2.1.2-py3-none-any.whl.metadata (18 kB)
Collecting scikit-learn==1.9.0
  Downloading http://pypi-mirror.modal.local:5555/simple/scikit-learn/scikit_learn-1.9.0-cp312-cp312-manylinux_2_27_x86_64.manylinux_2_28_x86_64.whl.metadata (11 kB)
Collecting setuptools==80.9.0
  Downloading http://pypi-mirror.modal.local:5555/simple/setuptools/setuptools-80.9.0-py3-none-any.whl.metadata (6.6 kB)
Collecting tabpfn==8.0.8
  Downloading http://pypi-mirror.modal.local:5555/simple/tabpfn/tabpfn-8.0.8-py3-none-any.whl.metadata (31 kB)
Collecting torch==2.13.0
  Downloading http://pypi-mirror.modal.local:5555/simple/torch/torch-2.13.0-cp312-cp312-manylinux_2_28_x86_64.whl.metadata (38 kB)
Collecting scipy (from fastdfs==1.1)
  Downloading http://pypi-mirror.modal.local:5555/simple/scipy/scipy-1.18.1-cp312-cp312-manylinux_2_27_x86_64.manylinux_2_28_x86_64.whl.metadata (62 kB)
Collecting pyarrow<21.0.0 (from fastdfs==1.1)
  Downloading http://pypi-mirror.modal.local:5555/simple/pyarrow/pyarrow-20.0.0-cp312-cp312-manylinux_2_28_x86_64.whl.metadata (3.3 kB)
Collecting featuretools (from fastdfs==1.1)
  Downloading http://pypi-mirror.modal.local:5555/simple/featuretools/featuretools-1.31.0-py3-none-any.whl.metadata (15 kB)
Collecting sqlalchemy (from fastdfs==1.1)
  Downloading http://pypi-mirror.modal.local:5555/simple/sqlalchemy/sqlalchemy-2.1.3-cp312-cp312-manylinux2014_x86_64.manylinux_2_17_x86_64.manylinux_2_28_x86_64.whl.metadata (9.7 kB)
Collecting duckdb (from fastdfs==1.1)
  Downloading http://pypi-mirror.modal.local:5555/simple/duckdb/duckdb-1.5.6-cp312-cp312-manylinux_2_26_x86_64.manylinux_2_28_x86_64.whl.metadata (4.2 kB)
Collecting sqlglot<28.0.0,>=27.8.0 (from fastdfs==1.1)
  Downloading http://pypi-mirror.modal.local:5555/simple/sqlglot/sqlglot-27.29.0-py3-none-any.whl.metadata (20 kB)
Collecting sql_formatter (from fastdfs==1.1)
  Downloading http://pypi-mirror.modal.local:5555/simple/sql-formatter/sql_formatter-0.6.2-py3-none-any.whl.metadata (10 kB)
Collecting pydantic (from fastdfs==1.1)
  Downloading http://pypi-mirror.modal.local:5555/simple/pydantic/pydantic-2.13.5-py3-none-any.whl.metadata (110 kB)
Collecting tqdm (from fastdfs==1.1)
  Downloading http://pypi-mirror.modal.local:5555/simple/tqdm/tqdm-4.70.1-py3-none-any.whl.metadata (57 kB)
Collecting psutil (from fastdfs==1.1)
  Downloading http://pypi-mirror.modal.local:5555/simple/psutil/psutil-7.2.2-cp36-abi3-manylinux2010_x86_64.manylinux_2_12_x86_64.manylinux_2_28_x86_64.whl.metadata (22 kB)
Collecting loguru (from fastdfs==1.1)
  Downloading http://pypi-mirror.modal.local:5555/simple/loguru/loguru-0.7.3-py3-none-any.whl.metadata (22 kB)
Collecting boto3 (from fastdfs==1.1)
  Downloading http://pypi-mirror.modal.local:5555/simple/boto3/boto3-1.43.108-py3-none-any.whl.metadata (6.6 kB)
Collecting requests (from fastdfs==1.1)
  Downloading http://pypi-mirror.modal.local:5555/simple/requests/requests-2.34.2-py3-none-any.whl.metadata (4.8 kB)
Collecting python-dateutil>=2.8.2 (from pandas==2.3.3)
  Downloading http://pypi-mirror.modal.local:5555/simple/python-dateutil/python_dateutil-2.9.0.post0-py2.py3-none-any.whl.metadata (8.4 kB)
Collecting pytz>=2020.1 (from pandas==2.3.3)
  Downloading http://pypi-mirror.modal.local:5555/simple/pytz/pytz-2026.4-py2.py3-none-any.whl.metadata (22 kB)
Collecting tzdata>=2022.7 (from pandas==2.3.3)
  Downloading http://pypi-mirror.modal.local:5555/simple/tzdata/tzdata-2026.5-py2.py3-none-any.whl.metadata (1.4 kB)
Collecting pooch (from relbench==2.1.2)
  Downloading http://pypi-mirror.modal.local:5555/simple/pooch/pooch-1.9.0-py3-none-any.whl.metadata (10 kB)
INFO: pip is looking at multiple versions of relbench to determine which version is compatible with other requirements. This could take a while.
ERROR: Cannot install fastdfs==1.1, relbench==2.1.2 and scikit-learn==1.9.0 because these package versions have conflicting dependencies.

The conflict is caused by:
    The user requested scikit-learn==1.9.0
    fastdfs 1.1 depends on scikit-learn
    relbench 2.1.2 depends on scikit-learn<=1.6.1

To fix this you could try to:
1. loosen the range of package versions you've specified
2. remove package versions to allow pip to attempt to solve the dependency conflict


[notice] A new release of pip is available: 24.3.1 -> 26.2.1
[notice] To update, run: pip install --upgrade pip
ERROR: ResolutionImpossible: for help visit https://pip.pypa.io/en/latest/topics/dependency-resolution/#dealing-with-dependency-conflicts
Terminating task due to error: failed to run builder command "python -m pip install configspace fastdfs==1.1 jsonschema numpy==2.5.3 pandas==2.3.3 pyyaml relbench==2.1.2 scikit-learn==1.9.0 setuptools==80.9.0 tabpfn==8.0.8 torch==2.13.0": container exit status: 1
Runner failed with exit code: -1
Stopping app - uncaught exception raised locally: ImageBuildError('Image build for im-tjYeykGQu70eJds0K1ml1C failed.\nView the build logs:\n  modal image logs im-tjYeykGQu70eJds0K1ml1C').
╭─ Error ──────────────────────────────────────────────────────────────────────╮
│ Image build for im-tjYeykGQu70eJds0K1ml1C failed.                            │
│ View the build logs:                                                         │
│   modal image logs im-tjYeykGQu70eJds0K1ml1C                                 │
╰──────────────────────────────────────────────────────────────────────────────╯
