
{"database": "rel-trial", "arm": "TabICLv1.1", "context": 64, "seed": 4, "rows": 825, "auc": 0.519211676534331, "seconds": 4.09052068699998, "load_seconds": 9.129999796186894e-07, "peak_gpu_bytes": 5867237376, "sha256": "2649e0d6df2b1b8ae56edb42a9d49de677c5e049a6ecc490607638267ae05675", "filename": "rel-trial-TabICLv1.1-64-4.npz"}
/source/model_pretrain/src/eval_utils.py:250: RuntimeWarning: All-NaN slice encountered
  median_val = np.nanmedian(train_col)
{"database": "rel-trial", "arm": "TabICLv1.1", "context": 64, "seed": 5, "rows": 825, "auc": 0.5569327909144842, "seconds": 4.0324621340000135, "load_seconds": 9.129999796186894e-07, "peak_gpu_bytes": 5624888320, "sha256": "cb2c8345127554127ba0882b2604d3fc290bc7b11e15487b2e46910a675efd3e", "filename": "rel-trial-TabICLv1.1-64-5.npz"}
{"database": "rel-trial", "arm": "TabICLv1.1", "context": 64, "seed": 6, "rows": 825, "auc": 0.534194786483116, "seconds": 3.917756252999993, "load_seconds": 9.129999796186894e-07, "peak_gpu_bytes": 5624888320, "sha256": "2c269a20f852b2695e65fee78b1aea31d1a7efcb9a90d7b036d1f902cea0dadb", "filename": "rel-trial-TabICLv1.1-64-6.npz"}
{"database": "rel-trial", "arm": "TabICLv1.1", "context": 64, "seed": 7, "rows": 825, "auc": 0.5333987141767461, "seconds": 3.644269071999986, "load_seconds": 9.129999796186894e-07, "peak_gpu_bytes": 5044657664, "sha256": "329780433b6cc49d305fa6248a540ba411b10a5bb2501715420cf8df46331c93", "filename": "rel-trial-TabICLv1.1-64-7.npz"}
/source/model_pretrain/src/eval_utils.py:250: RuntimeWarning: All-NaN slice encountered
  median_val = np.nanmedian(train_col)
{"database": "rel-trial", "arm": "TabICLv1.1", "context": 64, "seed": 8, "rows": 825, "auc": 0.5041074909495962, "seconds": 3.8113228710000158, "load_seconds": 9.129999796186894e-07, "peak_gpu_bytes": 5384095744, "sha256": "3fa157a109fd94d6e86428bb322be8fd375fffe7324fbea8147f281daf568ac9", "filename": "rel-trial-TabICLv1.1-64-8.npz"}
/source/model_pretrain/src/eval_utils.py:250: RuntimeWarning: All-NaN slice encountered
  median_val = np.nanmedian(train_col)
{"database": "rel-trial", "arm": "TabICLv1.1", "context": 64, "seed": 9, "rows": 825, "auc": 0.5296665576985944, "seconds": 3.633009286999993, "load_seconds": 9.129999796186894e-07, "peak_gpu_bytes": 5044657664, "sha256": "5ea4bdb51b2eaca2dcb2e22b7fcd0c6d8d658013c6630bcab13e8d36f5bd330a", "filename": "rel-trial-TabICLv1.1-64-9.npz"}
{"database": "rel-trial", "arm": "TabICLv1.1", "context": 128, "seed": 0, "rows": 825, "auc": 0.5679234317678253, "seconds": 4.2778750340000045, "load_seconds": 9.129999796186894e-07, "peak_gpu_bytes": 6207533056, "sha256": "c56564e3059f488c830584b8bf04be5403901c3559b8025bce698f729233e0f2", "filename": "rel-trial-TabICLv1.1-128-0.npz"}
{"database": "rel-trial", "arm": "TabICLv1.1", "context": 128, "seed": 1, "rows": 825, "auc": 0.6061470100371702, "seconds": 3.8418850789999794, "load_seconds": 9.129999796186894e-07, "peak_gpu_bytes": 5353140224, "sha256": "beab2fc81975ca034101a024307b5b63d366a2e76d2ff657f8b09fb2557601dd", "filename": "rel-trial-TabICLv1.1-128-1.npz"}
{"database": "rel-trial", "arm": "TabICLv1.1", "context": 128, "seed": 2, "rows": 825, "auc": 0.548775319942368, "seconds": 4.222301955999967, "load_seconds": 9.129999796186894e-07, "peak_gpu_bytes": 6101912576, "sha256": "193d32d56817eeb66880c2b161edbe187355a75ae473a2e416c3115caa65f7fc", "filename": "rel-trial-TabICLv1.1-128-2.npz"}
/source/model_pretrain/src/eval_utils.py:250: RuntimeWarning: All-NaN slice encountered
  median_val = np.nanmedian(train_col)
{"database": "rel-trial", "arm": "TabICLv1.1", "context": 128, "seed": 3, "rows": 825, "auc": 0.5490023367597738, "seconds": 3.968037331000005, "load_seconds": 9.129999796186894e-07, "peak_gpu_bytes": 5583488000, "sha256": "b52302087f7bbc901efa4b3e2f83581b1725980b877c74ce3b160fc66a0829f2", "filename": "rel-trial-TabICLv1.1-128-3.npz"}
{"database": "rel-trial", "arm": "TabICLv1.1", "context": 128, "seed": 4, "rows": 825, "auc": 0.5573777438765997, "seconds": 4.337920870000005, "load_seconds": 9.129999796186894e-07, "peak_gpu_bytes": 6400544256, "sha256": "b7e5b41a8bba571deb1879898ed92e4ad1969b3b0f41340c23bf164478cdb413", "filename": "rel-trial-TabICLv1.1-128-4.npz"}
/source/model_pretrain/src/eval_utils.py:250: RuntimeWarning: All-NaN slice encountered
  median_val = np.nanmedian(train_col)
{"database": "rel-trial", "arm": "TabICLv1.1", "context": 128, "seed": 5, "rows": 825, "auc": 0.5974386449214824, "seconds": 4.348516458999995, "load_seconds": 9.129999796186894e-07, "peak_gpu_bytes": 6281351168, "sha256": "18faf2078a88f019f10cb9b0c14f25433ab955968b20b789328bf8e536c3b2dc", "filename": "rel-trial-TabICLv1.1-128-5.npz"}
{"database": "rel-trial", "arm": "TabICLv1.1", "context": 128, "seed": 6, "rows": 825, "auc": 0.5484696039615948, "seconds": 4.356348910000008, "load_seconds": 9.129999796186894e-07, "peak_gpu_bytes": 6281351168, "sha256": "c211e76a8b5e19f086f16a968ba08c6556d29cfb263588c9e46b871603dd61d8", "filename": "rel-trial-TabICLv1.1-128-6.npz"}
/usr/local/lib/python3.11/site-packages/sklearn/preprocessing/_data.py:3475: RuntimeWarning: overflow encountered in power
  out[pos] = (np.power(x[pos] + 1, lmbda) - 1) / lmbda
{"database": "rel-trial", "arm": "TabICLv1.1", "context": 128, "seed": 7, "rows": 825, "auc": 0.5400911699538702, "seconds": 4.168691240999976, "load_seconds": 9.129999796186894e-07, "peak_gpu_bytes": 5946959360, "sha256": "3a7a29a699add449ec3a67bd0d42bee1ee9a307549408326682901c1a00cb94c", "filename": "rel-trial-TabICLv1.1-128-7.npz"}
/source/model_pretrain/src/eval_utils.py:250: RuntimeWarning: All-NaN slice encountered
  median_val = np.nanmedian(train_col)
/usr/local/lib/python3.11/site-packages/sklearn/preprocessing/_data.py:3475: RuntimeWarning: overflow encountered in power
  out[pos] = (np.power(x[pos] + 1, lmbda) - 1) / lmbda
{"database": "rel-trial", "arm": "TabICLv1.1", "context": 128, "seed": 8, "rows": 825, "auc": 0.5530856125821801, "seconds": 4.1459509430000026, "load_seconds": 9.129999796186894e-07, "peak_gpu_bytes": 5909845504, "sha256": "9b26a884b67d1546b729d80e71f45984ca28a1345ee976fa485fc50ba2f8cd71", "filename": "rel-trial-TabICLv1.1-128-8.npz"}
{"database": "rel-trial", "arm": "TabICLv1.1", "context": 128, "seed": 9, "rows": 825, "auc": 0.5420798372743454, "seconds": 4.470281556000032, "load_seconds": 9.129999796186894e-07, "peak_gpu_bytes": 6360813056, "sha256": "b1442b8cd820d86fe5b635bd02d5f7afba8cef3e382fd8f6b752fc82e97e405a", "filename": "rel-trial-TabICLv1.1-128-9.npz"}
{"database": "rel-trial", "arm": "TabICLv1.1", "context": 256, "seed": 0, "rows": 825, "auc": 0.5880462024626785, "seconds": 4.697152733999985, "load_seconds": 9.129999796186894e-07, "peak_gpu_bytes": 7024275456, "sha256": "4a438160087944e459e7af51312f62a59eb25a5e671985be53728096cd3ee999", "filename": "rel-trial-TabICLv1.1-256-0.npz"}
{"database": "rel-trial", "arm": "TabICLv1.1", "context": 256, "seed": 1, "rows": 825, "auc": 0.6320693036940177, "seconds": 4.725105402999986, "load_seconds": 9.129999796186894e-07, "peak_gpu_bytes": 7024275456, "sha256": "6072bd72dcb78f66e86e81e703c47e2e2d408b1e87855b18ed931584c2cecd91", "filename": "rel-trial-TabICLv1.1-256-1.npz"}
{"database": "rel-trial", "arm": "TabICLv1.1", "context": 256, "seed": 2, "rows": 825, "auc": 0.5628200937125423, "seconds": 4.671284799000034, "load_seconds": 9.129999796186894e-07, "peak_gpu_bytes": 6899497984, "sha256": "08397d692c7cb491ecd523de648e8da5010406b5924087e75de3bb1e38bf4451", "filename": "rel-trial-TabICLv1.1-256-2.npz"}
{"database": "rel-trial", "arm": "TabICLv1.1", "context": 256, "seed": 3, "rows": 825, "auc": 0.5713922487377865, "seconds": 4.73008892200005, "load_seconds": 9.129999796186894e-07, "peak_gpu_bytes": 7024275456, "sha256": "09ece40084551227785d530d27ff5c79c8692d4061a5c175b97d0f4efd728e16", "filename": "rel-trial-TabICLv1.1-256-3.npz"}
{"database": "rel-trial", "arm": "TabICLv1.1", "context": 256, "seed": 4, "rows": 825, "auc": 0.5833484677878271, "seconds": 4.974770864999982, "load_seconds": 9.129999796186894e-07, "peak_gpu_bytes": 7487902208, "sha256": "f2d7f0ca24e8070df701117d1e4fbe1836354d11bca2f278682384ddc18e1d98", "filename": "rel-trial-TabICLv1.1-256-4.npz"}
{"database": "rel-trial", "arm": "TabICLv1.1", "context": 256, "seed": 5, "rows": 825, "auc": 0.6155333987141767, "seconds": 4.803200226999991, "load_seconds": 9.129999796186894e-07, "peak_gpu_bytes": 7158275584, "sha256": "dabfebe5081e0cae723489a58af98d7f8f1f2c27a8b33d724a12c91a60a9eca8", "filename": "rel-trial-TabICLv1.1-256-5.npz"}
{"database": "rel-trial", "arm": "TabICLv1.1", "context": 256, "seed": 6, "rows": 825, "auc": 0.5656260215756783, "seconds": 4.865951637000023, "load_seconds": 9.129999796186894e-07, "peak_gpu_bytes": 7319974912, "sha256": "9b7362c0486fcd59b9c7f0456341f0ee0aef5e423f075ca864fe0667b1da3d92", "filename": "rel-trial-TabICLv1.1-256-6.npz"}
/usr/local/lib/python3.11/site-packages/sklearn/preprocessing/_data.py:3475: RuntimeWarning: overflow encountered in power
  out[pos] = (np.power(x[pos] + 1, lmbda) - 1) / lmbda
{"database": "rel-trial", "arm": "TabICLv1.1", "context": 256, "seed": 7, "rows": 825, "auc": 0.5924018984659717, "seconds": 4.858856505000006, "load_seconds": 9.129999796186894e-07, "peak_gpu_bytes": 7278267904, "sha256": "6bea839dc1df1d0893dd6a8f34289499355026303c237a7d70c31ffce85ab54b", "filename": "rel-trial-TabICLv1.1-256-7.npz"}
/usr/local/lib/python3.11/site-packages/sklearn/preprocessing/_data.py:3475: RuntimeWarning: overflow encountered in power
  out[pos] = (np.power(x[pos] + 1, lmbda) - 1) / lmbda
{"database": "rel-trial", "arm": "TabICLv1.1", "context": 256, "seed": 8, "rows": 825, "auc": 0.5811539718862373, "seconds": 4.677191002999962, "load_seconds": 9.129999796186894e-07, "peak_gpu_bytes": 6940078592, "sha256": "f33b967609da86c0d3f94ad05c54b9b1acecfe80fbe538647893a3033f0a9687", "filename": "rel-trial-TabICLv1.1-256-8.npz"}
{"database": "rel-trial", "arm": "TabICLv1.1", "context": 256, "seed": 9, "rows": 825, "auc": 0.5043072657489134, "seconds": 4.83929773899996, "load_seconds": 9.129999796186894e-07, "peak_gpu_bytes": 7198273024, "sha256": "26bff942626a1a8b6d2648a8d4f082f126757169a7edf73eeaed77a8c1a8d51d", "filename": "rel-trial-TabICLv1.1-256-9.npz"}
/usr/local/lib/python3.11/site-packages/sklearn/preprocessing/_data.py:3475: RuntimeWarning: overflow encountered in power
  out[pos] = (np.power(x[pos] + 1, lmbda) - 1) / lmbda
{"database": "rel-trial", "arm": "TabICLv1.1", "context": 512, "seed": 0, "rows": 825, "auc": 0.642369813422445, "seconds": 5.835460107000017, "load_seconds": 9.129999796186894e-07, "peak_gpu_bytes": 9076755456, "sha256": "205bf0305f41f1181fefc25d343577ce30f0ee3039d226e2a198a3c85b6e805a", "filename": "rel-trial-TabICLv1.1-512-0.npz"}
/usr/local/lib/python3.11/site-packages/sklearn/preprocessing/_data.py:3475: RuntimeWarning: overflow encountered in power
  out[pos] = (np.power(x[pos] + 1, lmbda) - 1) / lmbda
{"database": "rel-trial", "arm": "TabICLv1.1", "context": 512, "seed": 1, "rows": 825, "auc": 0.5936731926434444, "seconds": 5.804143778000025, "load_seconds": 9.129999796186894e-07, "peak_gpu_bytes": 9076755456, "sha256": "cfd588451aa2498b746fc4bbdaaab7e9af3c97b3254f54a83abcf4f621a024fe", "filename": "rel-trial-TabICLv1.1-512-1.npz"}
{"database": "rel-trial", "arm": "TabICLv1.1", "context": 512, "seed": 2, "rows": 825, "auc": 0.5993334786240965, "seconds": 5.501809177999974, "load_seconds": 9.129999796186894e-07, "peak_gpu_bytes": 8503112704, "sha256": "b68cb0c4b2b521be6592917171c35347d9d9292dade4f3edbec54f38e9ec513d", "filename": "rel-trial-TabICLv1.1-512-2.npz"}
{"database": "rel-trial", "arm": "TabICLv1.1", "context": 512, "seed": 3, "rows": 825, "auc": 0.6033259477195404, "seconds": 5.738618925000026, "load_seconds": 9.129999796186894e-07, "peak_gpu_bytes": 8973204992, "sha256": "b50e0d0f98eb19cdfe6cb27fa2cdf06b627c236a81cf08b8d0cd85bd10adc6f5", "filename": "rel-trial-TabICLv1.1-512-3.npz"}
{"database": "rel-trial", "arm": "TabICLv1.1", "context": 512, "seed": 4, "rows": 825, "auc": 0.5400790623902751, "seconds": 5.861613466999984, "load_seconds": 9.129999796186894e-07, "peak_gpu_bytes": 9336203776, "sha256": "d801ea603bce1957cd4324b4263dd3cc455d71348c8858fb0076d2a94dd4daa9", "filename": "rel-trial-TabICLv1.1-512-4.npz"}
{"database": "rel-trial", "arm": "TabICLv1.1", "context": 512, "seed": 5, "rows": 825, "auc": 0.6569079704091145, "seconds": 5.609914144000015, "load_seconds": 9.129999796186894e-07, "peak_gpu_bytes": 8815521280, "sha256": "a48728f84d77e433c87a7af0fc974710d16b64d7fd2bd8de5b2a04d38afcc287", "filename": "rel-trial-TabICLv1.1-512-5.npz"}
{"database": "rel-trial", "arm": "TabICLv1.1", "context": 512, "seed": 6, "rows": 825, "auc": 0.5842868039664378, "seconds": 5.827601399999992, "load_seconds": 9.129999796186894e-07, "peak_gpu_bytes": 9132717056, "sha256": "b7aa39f203a227d1ad6c0649bbf20febe1198a60611d6bace49c2a5857b22d7a", "filename": "rel-trial-TabICLv1.1-512-6.npz"}
/usr/local/lib/python3.11/site-packages/sklearn/preprocessing/_data.py:3475: RuntimeWarning: overflow encountered in power
  out[pos] = (np.power(x[pos] + 1, lmbda) - 1) / lmbda
{"database": "rel-trial", "arm": "TabICLv1.1", "context": 512, "seed": 7, "rows": 825, "auc": 0.598225636555156, "seconds": 5.720906619000004, "load_seconds": 9.129999796186894e-07, "peak_gpu_bytes": 8973204992, "sha256": "afa70a40c805392a543e0b1ee98bdabf041ea2807731a3f8ed038d0eeaf95c19", "filename": "rel-trial-TabICLv1.1-512-7.npz"}
/usr/local/lib/python3.11/site-packages/sklearn/preprocessing/_data.py:3475: RuntimeWarning: overflow encountered in power
  out[pos] = (np.power(x[pos] + 1, lmbda) - 1) / lmbda
{"database": "rel-trial", "arm": "TabICLv1.1", "context": 512, "seed": 8, "rows": 825, "auc": 0.5958828229995278, "seconds": 5.862097123000012, "load_seconds": 9.129999796186894e-07, "peak_gpu_bytes": 9292228608, "sha256": "4deb0a5e752ec3030ee40b34f055125452ecdec408547d8969413d30da248a2e", "filename": "rel-trial-TabICLv1.1-512-8.npz"}
{"database": "rel-trial", "arm": "TabICLv1.1", "context": 512, "seed": 9, "rows": 825, "auc": 0.5332503965227077, "seconds": 5.8092491820000305, "load_seconds": 9.129999796186894e-07, "peak_gpu_bytes": 9076755456, "sha256": "8dbc839c6d78949db6444a5c603ec84204fb9423731f3f6458f3576d4e5cb9f4", "filename": "rel-trial-TabICLv1.1-512-9.npz"}
{"database": "rel-trial", "arm": "TabICLv1.1", "context": 1024, "seed": 1, "rows": 825, "auc": 0.5963247490707444, "seconds": 7.6313135240000065, "load_seconds": 9.129999796186894e-07, "peak_gpu_bytes": 12506352640, "sha256": "901107e61e05c797041a0feca640eac8dae4a817c99e96663d85ec22fd197965", "filename": "rel-trial-TabICLv1.1-1024-1.npz"}
{"database": "rel-trial", "arm": "TabICLv1.1", "context": 1024, "seed": 2, "rows": 825, "auc": 0.6267147336941388, "seconds": 7.4402188490000185, "load_seconds": 9.129999796186894e-07, "peak_gpu_bytes": 12223032832, "sha256": "da46564c642bf3a3acddacfa0e81d9fcefe64de8b467cdf90d05c8434785a860", "filename": "rel-trial-TabICLv1.1-1024-2.npz"}
{"database": "rel-trial", "arm": "TabICLv1.1", "context": 1024, "seed": 3, "rows": 825, "auc": 0.5929285774823533, "seconds": 7.642550593999999, "load_seconds": 9.129999796186894e-07, "peak_gpu_bytes": 12649474560, "sha256": "5719afc040bd50e91f62c5d512fc976888da5b1828454d078412f801317dc2ca", "filename": "rel-trial-TabICLv1.1-1024-3.npz"}
{"database": "rel-trial", "arm": "TabICLv1.1", "context": 1024, "seed": 4, "rows": 825, "auc": 0.5533610596539658, "seconds": 7.75661087200001, "load_seconds": 9.129999796186894e-07, "peak_gpu_bytes": 12866331136, "sha256": "611e697bb6c3c5d7b1f0d71156574a9ebce7bbeec40e228a5e3418863af8be6a", "filename": "rel-trial-TabICLv1.1-1024-4.npz"}
{"database": "rel-trial", "arm": "TabICLv1.1", "context": 1024, "seed": 5, "rows": 825, "auc": 0.6451030959040114, "seconds": 7.609451766999996, "load_seconds": 9.129999796186894e-07, "peak_gpu_bytes": 12582001664, "sha256": "809ad8859419ecbf5339c704c2c500641419c36df0ead722dea340bf6396ef5e", "filename": "rel-trial-TabICLv1.1-1024-5.npz"}
{"database": "rel-trial", "arm": "TabICLv1.1", "context": 1024, "seed": 6, "rows": 825, "auc": 0.6291392733040331, "seconds": 7.792405535, "load_seconds": 9.129999796186894e-07, "peak_gpu_bytes": 12582001664, "sha256": "26b1f6d29055855443e37e28b4744d264b5ffd1c8b4cd312efd3f11ee9f8754a", "filename": "rel-trial-TabICLv1.1-1024-6.npz"}
{"database": "rel-trial", "arm": "TabICLv1.1", "context": 1024, "seed": 7, "rows": 825, "auc": 0.6109416052207814, "seconds": 7.640720319999957, "load_seconds": 9.129999796186894e-07, "peak_gpu_bytes": 12506352640, "sha256": "c33b5718492e8c971a0018ae614e525a9ae03fb7a5077821b91e2599d0d553c3", "filename": "rel-trial-TabICLv1.1-1024-7.npz"}
/usr/local/lib/python3.11/site-packages/sklearn/preprocessing/_data.py:3475: RuntimeWarning: overflow encountered in power
  out[pos] = (np.power(x[pos] + 1, lmbda) - 1) / lmbda
{"database": "rel-trial", "arm": "TabICLv1.1", "context": 1024, "seed": 8, "rows": 825, "auc": 0.5997784315862119, "seconds": 7.985753290000048, "load_seconds": 9.129999796186894e-07, "peak_gpu_bytes": 12940969984, "sha256": "137815cc4a5f25a3fc73662a1c9c338fb7d338f47780901d0767ed6c1579ac7a", "filename": "rel-trial-TabICLv1.1-1024-8.npz"}
{"database": "rel-trial", "arm": "TabICLv1.1", "context": 1024, "seed": 9, "rows": 825, "auc": 0.5800249415810057, "seconds": 8.142606876999992, "load_seconds": 9.129999796186894e-07, "peak_gpu_bytes": 12582001664, "sha256": "51c4c636b53ffbff200c5e056cd42296f3de5c0929cb3f019e1971e48bd6600a", "filename": "rel-trial-TabICLv1.1-1024-9.npz"}
