✓ Initialized. View run at 
https://modal.com/apps/pszar92/main/ap-CQgBViUtL9KFf9RQAUFs6n
✓ Created objects.
├── 🔨 Created mount /home/avist/Projects/relational/modal/l175_repro.py
├── 🔨 Created mount 
│   /home/avist/Projects/relational/labs/relkit/zero_shot_l175.py
├── 🔨 Created mount /home/avist/Projects/relational/labs/_audit_context_l175.py
├── 🔨 Created mount 
│   /home/avist/Projects/relational/labs/sources/l175/upstream/rustler
└── 🔨 Created function audit.

[1AFetching 8 files:   0%|          | 0/8 [00:00<?, ?it/s]
[1AFetching 8 files:  12%|█▎        | 1/8 [00:00<00:06,  1.06it/s]
[1AFetching 8 files:  50%|█████     | 4/8 [00:01<00:01,  3.81it/s]
[1AFetching 8 files:  88%|████████▊ | 7/8 [00:02<00:00,  2.40it/s]
[1AFetching 8 files: 100%|██████████| 8/8 [00:03<00:00,  2.64it/s]

thread '<unnamed>' panicked at /root/.cargo/registry/src/index.crates.io-1949cf8c6b5b557f/numpy-0.24.0/src/dtype.rs:659:51:
A package which provides a `bfloat16` data type for NumPy is required to use the `half::bf16` element type.: PyErr { type: <class 'TypeError'>, value: TypeError("data type 'bfloat16' not understood"), traceback: None }
note: run with `RUST_BACKTRACE=1` environment variable to display a backtrace
Traceback (most recent call last):
Stopping app - uncaught exception raised in remote container: PanicException('A package which provides a `bfloat16` data type for NumPy is required to use the `half::bf16` element type.: PyErr { type: <class \'TypeError\'>, value: TypeError("data type \'bfloat16\' not understood"), traceback: None }').
  File "/pkg/modal/_runtime/container_io_manager.py", line 987, in handle_input_exception
    yield
  File "/pkg/modal/_container_entrypoint.py", line 189, in run_input_sync
    values = io_context.call_function_sync()
             ^^^^^^^^^^^^^^^^^^^^^^^^^^^^^^^
  File "/pkg/modal/_runtime/container_io_manager.py", line 266, in call_function_sync
    expected_value_or_values = self.finalized_function.callable(*args, **kwargs)
                               ^^^^^^^^^^^^^^^^^^^^^^^^^^^^^^^^^^^^^^^^^^^^^^^^^
  File "/root/l175_repro.py", line 24, in audit
    try:return run(out)
               ^^^^^^^^
  File "/work/_audit_context_l175.py", line 22, in run
    batch=dict(sampler.batch_py(batch_idx));actual=int(batch['true_batch_size'])
               ^^^^^^^^^^^^^^^^^^^^^^^^^^^
pyo3_runtime.PanicException: A package which provides a `bfloat16` data type for NumPy is required to use the `half::bf16` element type.: PyErr { type: <class 'TypeError'>, value: TypeError("data type 'bfloat16' not understood"), traceback: None }
╭───────────────────── Traceback (most recent call last) ──────────────────────╮
│ /home/avist/Projects/relational/.venv/bin/modal:6 in <module>                │
│                                                                              │
│   5 │   sys.argv[0] = sys.argv[0].removesuffix('.exe')                       │
│ ❱ 6 │   sys.exit(main())                                                     │
│   7                                                                          │
│                                                                              │
│ /home/avist/Projects/relational/.venv/lib/python3.12/site-packages/modal/__m │
│ ain__.py:20 in main                                                          │
│                                                                              │
│   19 │   │   try:                                                            │
│ ❱ 20 │   │   │   entrypoint_cli()                                            │
│   21                                                                         │
│                                                                              │
│ /home/avist/Projects/relational/.venv/lib/python3.12/site-packages/click/cor │
│ e.py:1631 in __call__                                                        │
│                                                                              │
│ /home/avist/Projects/relational/.venv/lib/python3.12/site-packages/click/cor │
│ e.py:1552 in main                                                            │
│                                                                              │
│ /home/avist/Projects/relational/.venv/lib/python3.12/site-packages/click/cor │
│ e.py:2032 in invoke                                                          │
│                                                                              │
│ /home/avist/Projects/relational/.venv/lib/python3.12/site-packages/click/cor │
│ e.py:2032 in invoke                                                          │
│                                                                              │
│ /home/avist/Projects/relational/.venv/lib/python3.12/site-packages/click/cor │
│ e.py:1415 in invoke                                                          │
│                                                                              │
│ /home/avist/Projects/relational/.venv/lib/python3.12/site-packages/click/cor │
│ e.py:910 in invoke                                                           │
│                                                                              │
│ /home/avist/Projects/relational/.venv/lib/python3.12/site-packages/click/dec │
│ orators.py:34 in new_func                                                    │
│                                                                              │
│ /home/avist/Projects/relational/.venv/lib/python3.12/site-packages/modal/cli │
│ /run.py:382 in f                                                             │
│                                                                              │
│   381 │   │   │   │   else:                                                  │
│ ❱ 382 │   │   │   │   │   res = func(*args, **kwargs)                        │
│   383 │   │   │   except Exception as exc:                                   │
│                                                                              │
│ /home/avist/Projects/relational/modal/l175_repro.py:39 in main               │
│                                                                              │
│   38  state['reservations'].append(dict(phase=phase,timeout=900,rate=.000061 │
│ ❱ 39  p.write_text(json.dumps(state,indent=2)+'\n');print(audit.remote())    │
│   40                                                                         │
│                                                                              │
│ /home/avist/Projects/relational/.venv/lib/python3.12/site-packages/modal/_ob │
│ ject.py:46 in wrapped                                                        │
│                                                                              │
│    45 │   │   await self.hydrate()                                           │
│ ❱  46 │   │   return await method(self, *args, **kwargs)                     │
│    47                                                                        │
│                                                                              │
│ /home/avist/Projects/relational/.venv/lib/python3.12/site-packages/modal/_fu │
│ nctions.py:1893 in remote                                                    │
│                                                                              │
│   1892 │   │                                                                 │
│ ❱ 1893 │   │   return await self._call_function(args, kwargs)                │
│   1894                                                                       │
│                                                                              │
│ /home/avist/Projects/relational/.venv/lib/python3.12/site-packages/modal/_fu │
│ nctions.py:1830 in _call_function                                            │
│                                                                              │
│   1829 │   │                                                                 │
│ ❱ 1830 │   │   return await invocation.run_function()                        │
│   1831                                                                       │
│                                                                              │
│ /home/avist/Projects/relational/.venv/lib/python3.12/site-packages/modal/_fu │
│ nctions.py:503 in run_function                                               │
│                                                                              │
│    502 │   │   │   # No more retries left.                                   │
│ ❱  503 │   │   │   return await _process_result(                             │
│    504 │   │   │   │   await_response.output.result, await_response.output.d │
│                                                                              │
│ /home/avist/Projects/relational/.venv/lib/python3.12/site-packages/modal/_ut │
│ ils/function_utils.py:572 in _process_result                                 │
│                                                                              │
│   571 │   │   │                                                              │
│ ❱ 572 │   │   │   raise exc_with_hints(exc)                                  │
│   573                                                                        │
│                                                                              │
│     ...Remote call to Modal Function (ta-01M3Y778RZRSYKBM4MEZKA2DYR)...      │
│                                                                              │
│ /root/l175_repro.py:24 in audit                                              │
│                                                                              │
│ ❱ 24 try:return run(out)                                                     │
│                                                                              │
│                                                                              │
│ /work/_audit_context_l175.py:22 in run                                       │
│                                                                              │
│ ❱ 22 batch=dict(sampler.batch_py(batch_idx));actual=int(batch['true_batch_si │
│                                                                              │
╰──────────────────────────────────────────────────────────────────────────────╯
PanicException: A package which provides a `bfloat16` data type for NumPy is 
required to use the `half::bf16` element type.: PyErr { type: <class 
'TypeError'>, value: TypeError("data type 'bfloat16' not understood"), 
traceback: None }
