✓ Initialized. View run at 
https://modal.com/apps/pszar92/main/ap-0HfOnwObj1Y35XlMa77KLS
Building image im-8hWxDciDrp3FXdWCvAgfAK

Using legacy Image Builder version. We suggest upgrading at https://modal.com/settings/image-config.

=> Step 0: FROM base

=> Step 1: RUN apt-get update
Get:1 http://deb.debian.org/debian bookworm InRelease [151 kB]
Get:2 http://deb.debian.org/debian bookworm-updates InRelease [55.4 kB]
Get:3 http://deb.debian.org/debian-security bookworm-security InRelease [34.8 kB]
Get:4 http://deb.debian.org/debian bookworm/main amd64 Packages [8790 kB]
Get:5 http://deb.debian.org/debian bookworm-updates/main amd64 Packages.diff/Index [21.8 kB]
Ign:5 http://deb.debian.org/debian bookworm-updates/main amd64 Packages.diff/Index
Get:6 http://deb.debian.org/debian bookworm-updates/main amd64 Packages [6924 B]
Get:7 http://deb.debian.org/debian-security bookworm-security/main amd64 Packages [345 kB]
Fetched 9405 kB in 1s (8633 kB/s)
Reading package lists...

=> Step 2: RUN apt-get install -y build-essential curl pkg-config
Reading package lists...
Building dependency tree...
Reading state information...
build-essential is already the newest version (12.9).
The following additional packages will be installed:
  libcurl4 libnghttp2-14 libpkgconf3 libpsl5 librtmp1 libssh2-1 pkgconf
  pkgconf-bin publicsuffix
The following NEW packages will be installed:
  curl libcurl4 libnghttp2-14 libpkgconf3 libpsl5 librtmp1 libssh2-1
  pkg-config pkgconf pkgconf-bin publicsuffix
0 upgraded, 11 newly installed, 0 to remove and 95 not upgraded.
Need to get 1307 kB of archives.
After this operation, 2825 kB of additional disk space will be used.
Get:1 http://deb.debian.org/debian bookworm/main amd64 libnghttp2-14 amd64 1.52.0-1+deb12u3 [72.4 kB]
Get:2 http://deb.debian.org/debian bookworm/main amd64 libpsl5 amd64 0.21.2-1 [58.7 kB]
Get:3 http://deb.debian.org/debian bookworm/main amd64 librtmp1 amd64 2.4+20151223.gitfa8646d.1-2+b2 [60.8 kB]
Get:4 http://deb.debian.org/debian-security bookworm-security/main amd64 libssh2-1 amd64 1.10.0-3+deb12u1 [176 kB]
Get:5 http://deb.debian.org/debian bookworm/main amd64 libcurl4 amd64 7.88.1-10+deb12u15 [392 kB]
Get:6 http://deb.debian.org/debian bookworm/main amd64 curl amd64 7.88.1-10+deb12u15 [316 kB]
Get:7 http://deb.debian.org/debian bookworm/main amd64 libpkgconf3 amd64 1.8.1-1 [36.1 kB]
Get:8 http://deb.debian.org/debian bookworm/main amd64 pkgconf-bin amd64 1.8.1-1 [29.5 kB]
Get:9 http://deb.debian.org/debian bookworm/main amd64 pkgconf amd64 1.8.1-1 [25.9 kB]
Get:10 http://deb.debian.org/debian bookworm/main amd64 pkg-config amd64 1.8.1-1 [13.7 kB]
Get:11 http://deb.debian.org/debian bookworm/main amd64 publicsuffix all 20230209.2326-1 [126 kB]
debconf: delaying package configuration, since apt-utils is not installed
Fetched 1307 kB in 0s (41.6 MB/s)
Selecting previously unselected package libnghttp2-14:amd64.
(Reading database ... 
[1A(Reading database ... 5%
[1A(Reading database ... 10%
[1A(Reading database ... 15%
[1A(Reading database ... 20%
[1A(Reading database ... 25%
[1A(Reading database ... 30%(Reading database ... 35%(Reading database ... 40%(Reading database ... 45%(Reading database ... 50%(Reading database ... 55%(Reading database ... 60%(Reading database ... 65%(Reading database ... 70%(Reading database ... 75%(Reading database ... 80%(Reading database ... 85%(Reading database ... 90%(Reading database ... 95%(Reading database ... 100%(Reading database ... 16439 files and directories currently installed.)
Preparing to unpack .../00-libnghttp2-14_1.52.0-1+deb12u3_amd64.deb ...
Unpacking libnghttp2-14:amd64 (1.52.0-1+deb12u3) ...
Selecting previously unselected package libpsl5:amd64.
Preparing to unpack .../01-libpsl5_0.21.2-1_amd64.deb ...
Unpacking libpsl5:amd64 (0.21.2-1) ...
Selecting previously unselected package librtmp1:amd64.
Preparing to unpack .../02-librtmp1_2.4+20151223.gitfa8646d.1-2+b2_amd64.deb ...
Unpacking librtmp1:amd64 (2.4+20151223.gitfa8646d.1-2+b2) ...
Selecting previously unselected package libssh2-1:amd64.
Preparing to unpack .../03-libssh2-1_1.10.0-3+deb12u1_amd64.deb ...
Unpacking libssh2-1:amd64 (1.10.0-3+deb12u1) ...
Selecting previously unselected package libcurl4:amd64.
Preparing to unpack .../04-libcurl4_7.88.1-10+deb12u15_amd64.deb ...
Unpacking libcurl4:amd64 (7.88.1-10+deb12u15) ...
Selecting previously unselected package curl.
Preparing to unpack .../05-curl_7.88.1-10+deb12u15_amd64.deb ...
Unpacking curl (7.88.1-10+deb12u15) ...
Selecting previously unselected package libpkgconf3:amd64.
Preparing to unpack .../06-libpkgconf3_1.8.1-1_amd64.deb ...
Unpacking libpkgconf3:amd64 (1.8.1-1) ...
Selecting previously unselected package pkgconf-bin.
Preparing to unpack .../07-pkgconf-bin_1.8.1-1_amd64.deb ...
Unpacking pkgconf-bin (1.8.1-1) ...
Selecting previously unselected package pkgconf:amd64.
Preparing to unpack .../08-pkgconf_1.8.1-1_amd64.deb ...
Unpacking pkgconf:amd64 (1.8.1-1) ...
Selecting previously unselected package pkg-config:amd64.
Preparing to unpack .../09-pkg-config_1.8.1-1_amd64.deb ...
Unpacking pkg-config:amd64 (1.8.1-1) ...
Selecting previously unselected package publicsuffix.
Preparing to unpack .../10-publicsuffix_20230209.2326-1_all.deb ...
Unpacking publicsuffix (20230209.2326-1) ...
Setting up libpsl5:amd64 (0.21.2-1) ...
Setting up libnghttp2-14:amd64 (1.52.0-1+deb12u3) ...
Setting up libpkgconf3:amd64 (1.8.1-1) ...
Setting up librtmp1:amd64 (2.4+20151223.gitfa8646d.1-2+b2) ...
Setting up pkgconf-bin (1.8.1-1) ...
Setting up libssh2-1:amd64 (1.10.0-3+deb12u1) ...
Setting up publicsuffix (20230209.2326-1) ...
Setting up pkgconf:amd64 (1.8.1-1) ...
Setting up pkg-config:amd64 (1.8.1-1) ...
Setting up libcurl4:amd64 (7.88.1-10+deb12u15) ...
Setting up curl (7.88.1-10+deb12u15) ...
Processing triggers for libc-bin (2.36-9+deb12u9) ...
Saving image...
Image saved, took 454.04ms

Built image im-8hWxDciDrp3FXdWCvAgfAK in 4.57s


Building image im-JeAhbXESp83GmzTDb3AuLQ

Using legacy Image Builder version. We suggest upgrading at https://modal.com/settings/image-config.

=> Step 0: FROM base

=> Step 1: RUN python -m pip install huggingface-hub==0.34.4 maturin==1.9.4 ml_dtypes==0.5.3 numpy==2.2.6
Looking in indexes: http://pypi-mirror.modal.local:5555/simple
Collecting huggingface-hub==0.34.4
  Downloading http://pypi-mirror.modal.local:5555/simple/huggingface-hub/huggingface_hub-0.34.4-py3-none-any.whl.metadata (14 kB)
Collecting maturin==1.9.4
  Downloading http://pypi-mirror.modal.local:5555/simple/maturin/maturin-1.9.4-py3-none-manylinux_2_12_x86_64.manylinux2010_x86_64.musllinux_1_1_x86_64.whl.metadata (16 kB)
Collecting ml_dtypes==0.5.3
  Downloading http://pypi-mirror.modal.local:5555/simple/ml-dtypes/ml_dtypes-0.5.3-cp312-cp312-manylinux_2_27_x86_64.manylinux_2_28_x86_64.whl.metadata (8.9 kB)
Collecting numpy==2.2.6
  Downloading http://pypi-mirror.modal.local:5555/simple/numpy/numpy-2.2.6-cp312-cp312-manylinux_2_17_x86_64.manylinux2014_x86_64.whl.metadata (62 kB)
Collecting filelock (from huggingface-hub==0.34.4)
  Downloading http://pypi-mirror.modal.local:5555/simple/filelock/filelock-4.0.9-py3-none-any.whl.metadata (2.0 kB)
Collecting fsspec>=2023.5.0 (from huggingface-hub==0.34.4)
  Downloading http://pypi-mirror.modal.local:5555/simple/fsspec/fsspec-2026.9.0-py3-none-any.whl.metadata (10 kB)
Collecting packaging>=20.9 (from huggingface-hub==0.34.4)
  Downloading http://pypi-mirror.modal.local:5555/simple/packaging/packaging-26.3-py3-none-any.whl.metadata (3.5 kB)
Collecting pyyaml>=5.1 (from huggingface-hub==0.34.4)
  Downloading http://pypi-mirror.modal.local:5555/simple/pyyaml/pyyaml-6.0.3-cp312-cp312-manylinux2014_x86_64.manylinux_2_17_x86_64.manylinux_2_28_x86_64.whl.metadata (2.4 kB)
Collecting requests (from huggingface-hub==0.34.4)
  Downloading http://pypi-mirror.modal.local:5555/simple/requests/requests-2.34.2-py3-none-any.whl.metadata (4.8 kB)
Collecting tqdm>=4.42.1 (from huggingface-hub==0.34.4)
  Downloading http://pypi-mirror.modal.local:5555/simple/tqdm/tqdm-4.70.1-py3-none-any.whl.metadata (57 kB)
Requirement already satisfied: typing-extensions>=3.7.4.3 in /usr/local/lib/python3.12/site-packages (from huggingface-hub==0.34.4) (4.12.2)
Collecting hf-xet<2.0.0,>=1.1.3 (from huggingface-hub==0.34.4)
  Downloading http://pypi-mirror.modal.local:5555/simple/hf-xet/hf_xet-1.6.0-cp38-abi3-manylinux2014_x86_64.manylinux_2_17_x86_64.whl.metadata (4.9 kB)
Collecting charset_normalizer<4,>=2 (from requests->huggingface-hub==0.34.4)
  Downloading http://pypi-mirror.modal.local:5555/simple/charset-normalizer/charset_normalizer-3.5.2-cp312-cp312-manylinux2014_x86_64.manylinux_2_17_x86_64.manylinux_2_28_x86_64.whl.metadata (46 kB)
Requirement already satisfied: idna<4,>=2.5 in /usr/local/lib/python3.12/site-packages (from requests->huggingface-hub==0.34.4) (3.10)
Collecting urllib3<3,>=1.26 (from requests->huggingface-hub==0.34.4)
  Downloading http://pypi-mirror.modal.local:5555/simple/urllib3/urllib3-2.8.0-py3-none-any.whl.metadata (7.4 kB)
Requirement already satisfied: certifi>=2023.5.7 in /usr/local/lib/python3.12/site-packages (from requests->huggingface-hub==0.34.4) (2024.8.30)
Downloading http://pypi-mirror.modal.local:5555/simple/huggingface-hub/huggingface_hub-0.34.4-py3-none-any.whl (561 kB)
   ━━━━━━━━━━━━━━━━━━━━━━━━━━━━━━━━━━━━━━━ 561.5/561.5 kB 135.2 MB/s eta 0:00:00
Downloading http://pypi-mirror.modal.local:5555/simple/maturin/maturin-1.9.4-py3-none-manylinux_2_12_x86_64.manylinux2010_x86_64.musllinux_1_1_x86_64.whl (8.8 MB)
   ━━━━━━━━━━━━━━━━━━━━━━━━━━━━━━━━━━━━━━━━ 8.8/8.8 MB 152.2 MB/s eta 0:00:00
Downloading http://pypi-mirror.modal.local:5555/simple/ml-dtypes/ml_dtypes-0.5.3-cp312-cp312-manylinux_2_27_x86_64.manylinux_2_28_x86_64.whl (4.9 MB)
   ━━━━━━━━━━━━━━━━━━━━━━━━━━━━━━━━━━━━━━━━ 4.9/4.9 MB 144.1 MB/s eta 0:00:00
Downloading http://pypi-mirror.modal.local:5555/simple/numpy/numpy-2.2.6-cp312-cp312-manylinux_2_17_x86_64.manylinux2014_x86_64.whl (16.5 MB)
   ━━━━━━━━━━━━━━━━━━━━━━━━━━━━━━━━━━━━━━━━ 16.5/16.5 MB 775.6 MB/s eta 0:00:00
Downloading http://pypi-mirror.modal.local:5555/simple/fsspec/fsspec-2026.9.0-py3-none-any.whl (221 kB)
Downloading http://pypi-mirror.modal.local:5555/simple/hf-xet/hf_xet-1.6.0-cp38-abi3-manylinux2014_x86_64.manylinux_2_17_x86_64.whl (4.5 MB)
   ━━━━━━━━━━━━━━━━━━━━━━━━━━━━━━━━━━━━━━━━ 4.5/4.5 MB 955.8 MB/s eta 0:00:00
Downloading http://pypi-mirror.modal.local:5555/simple/packaging/packaging-26.3-py3-none-any.whl (129 kB)
Downloading http://pypi-mirror.modal.local:5555/simple/pyyaml/pyyaml-6.0.3-cp312-cp312-manylinux2014_x86_64.manylinux_2_17_x86_64.manylinux_2_28_x86_64.whl (807 kB)
   ━━━━━━━━━━━━━━━━━━━━━━━━━━━━━━━━━━━━━━━━ 807.9/807.9 kB 1.9 GB/s eta 0:00:00
Downloading http://pypi-mirror.modal.local:5555/simple/tqdm/tqdm-4.70.1-py3-none-any.whl (80 kB)
Downloading http://pypi-mirror.modal.local:5555/simple/filelock/filelock-4.0.9-py3-none-any.whl (110 kB)
Downloading http://pypi-mirror.modal.local:5555/simple/requests/requests-2.34.2-py3-none-any.whl (73 kB)
Downloading http://pypi-mirror.modal.local:5555/simple/charset-normalizer/charset_normalizer-3.5.2-cp312-cp312-manylinux2014_x86_64.manylinux_2_17_x86_64.manylinux_2_28_x86_64.whl (257 kB)
Downloading http://pypi-mirror.modal.local:5555/simple/urllib3/urllib3-2.8.0-py3-none-any.whl (135 kB)
Installing collected packages: urllib3, tqdm, pyyaml, packaging, numpy, maturin, hf-xet, fsspec, filelock, charset_normalizer, requests, ml_dtypes, huggingface-hub
Successfully installed charset_normalizer-3.5.2 filelock-4.0.9 fsspec-2026.9.0 hf-xet-1.6.0 huggingface-hub-0.34.4 maturin-1.9.4 ml_dtypes-0.5.3 numpy-2.2.6 packaging-26.3 pyyaml-6.0.3 requests-2.34.2 tqdm-4.70.1 urllib3-2.8.0

[notice] A new release of pip is available: 24.3.1 -> 26.2.1
[notice] To update, run: pip install --upgrade pip
Saving image...
Image saved, took 1.24s

Built image im-JeAhbXESp83GmzTDb3AuLQ in 7.33s


Building image im-H4PeZuQ2s0W58nGFaNydS7

Using legacy Image Builder version. We suggest upgrading at https://modal.com/settings/image-config.

=> Step 0: FROM base

=> Step 1: RUN curl --proto =https --tlsv1.2 -sSf https://sh.rustup.rs | sh -s -- -y --profile minimal --default-toolchain 1.88.0
info: downloading installer
info: profile set to minimal
info: default host tuple is x86_64-unknown-linux-gnu
info: syncing channel updates for 1.88.0-x86_64-unknown-linux-gnu
info: latest update on 2025-06-26 for version 1.88.0 (6b00bc388 2025-06-23)
info: downloading 3 components
info: default toolchain set to 1.88.0-x86_64-unknown-linux-gnu

  1.88.0-x86_64-unknown-linux-gnu installed - rustc 1.88.0 (6b00bc388 2025-06-23)


Rust is installed now. Great!

To get started you may need to restart your current shell.
This would reload your PATH environment variable to include
Cargo's bin directory ($HOME/.cargo/bin).

To configure your current shell, you need to source the
corresponding env file under $HOME/.cargo.

Consider running the right command for your shell (note the leading DOT):
. "$HOME/.cargo/env" # For sh/ash/dash/pdksh/bash
cargo:rerun-if-env-changed=CC_x86_64-unknown-linux-gnu
CC_x86_64-unknown-linux-gnu = None
cargo:rerun-if-env-changed=CC_x86_64_unknown_linux_gnu
CC_x86_64_unknown_linux_gnu = None
cargo:rerun-if-env-changed=HOST_CC
HOST_CC = None
cargo:rerun-if-env-changed=CC
CC = None
cargo:rerun-if-env-changed=CC_ENABLE_DEBUG_OUTPUT
cargo:rerun-if-env-changed=CRATE_CC_NO_DEFAULTS
CRATE_CC_NO_DEFAULTS = None
cargo:rerun-if-env-changed=CFLAGS
CFLAGS = Some(-g0)
cargo:rerun-if-env-changed=CC_SHELL_ESCAPED_FLAGS
CC_SHELL_ESCAPED_FLAGS = None
cargo:rerun-if-env-changed=HOST_CFLAGS
HOST_CFLAGS = None
cargo:rerun-if-env-changed=CFLAGS_x86_64_unknown_linux_gnu
CFLAGS_x86_64_unknown_linux_gnu = None
cargo:rerun-if-env-changed=CFLAGS_x86_64-unknown-linux-gnu
CFLAGS_x86_64-unknown-linux-gnu = None
Saving image...
Image saved, took 567.27ms

Built image im-H4PeZuQ2s0W58nGFaNydS7 in 9.20s


Building image im-bRezAFneHcsX1GPR9VPuIZ

Using legacy Image Builder version. We suggest upgrading at https://modal.com/settings/image-config.

=> Step 0: FROM base

=> Step 1: ENV PATH=/root/.cargo/bin:/usr/local/bin:/usr/bin:/bin

=> Step 2: ENV CARGO_BUILD_JOBS=2
Saving image...
Image saved, took 546.57ms

Built image im-bRezAFneHcsX1GPR9VPuIZ in 1.11s


Building image im-Zibs6B5EstGUi9FVWbNmXi

Using legacy Image Builder version. We suggest upgrading at https://modal.com/settings/image-config.

=> Step 0: FROM base

=> Step 1: COPY . /
Saving image...
Image saved, took 702.00ms

Built image im-Zibs6B5EstGUi9FVWbNmXi in 1.90s


Building image im-NPEGkB2GdUjCmTFdBFQxyL

Using legacy Image Builder version. We suggest upgrading at https://modal.com/settings/image-config.

=> Step 0: FROM base

=> Step 1: RUN sed -i '/^polars =/d; /^parquet =/d; /^glob =/d; /^indicatif =/d; /^serde_json =/d' /src/rustler/Cargo.toml

=> Step 2: RUN cd /src/rustler && maturin build --release --out /wheels && pip install /wheels/*.whl
    Updating crates.io index
 Downloading crates ...
  Downloaded autocfg v1.4.0
  Downloaded simdutf8 v0.1.5
  Downloaded utf8parse v0.2.2
  Downloaded wit-bindgen-rt v0.33.0
  Downloaded target-lexicon v0.13.2
  Downloaded tinyvec v1.9.0
  Downloaded uuid v1.16.0
  Downloaded zerocopy-derive v0.8.23
  Downloaded itertools v0.14.0
  Downloaded wasi v0.13.3+wasi-0.2.2
  Downloaded clap_builder v4.5.35
  Downloaded portable-atomic v1.11.0
  Downloaded rkyv v0.8.10
  Downloaded numpy v0.24.0
  Downloaded zerocopy v0.8.23
  Downloaded clap v4.5.35
  Downloaded ndarray v0.16.1
  Downloaded serde_derive v1.0.219
  Downloaded serde v1.0.219
  Downloaded syn v2.0.100
  Downloaded rand v0.9.1
  Downloaded pyo3-macros-backend v0.24.1
  Downloaded pyo3-ffi v0.24.1
  Downloaded indexmap v2.8.0
  Downloaded rand_chacha v0.9.0
  Downloaded once_cell v1.21.1
  Downloaded windows_aarch64_gnullvm v0.52.6
  Downloaded windows_x86_64_gnullvm v0.52.6
  Downloaded windows_i686_gnullvm v0.52.6
  Downloaded rkyv_derive v0.8.10
  Downloaded quote v1.0.40
  Downloaded pyo3-build-config v0.24.1
  Downloaded proc-macro2 v1.0.94
  Downloaded portable-atomic-util v0.2.4
  Downloaded matrixmultiply v0.3.9
  Downloaded windows-targets v0.52.6
  Downloaded tinyvec_macros v0.1.1
  Downloaded strsim v0.11.1
  Downloaded rustc-hash v2.1.1
  Downloaded rend v0.5.2
  Downloaded rawpointer v0.2.1
  Downloaded libc v0.2.171
  Downloaded rand_core v0.9.3
  Downloaded pyo3-macros v0.24.1
  Downloaded ppv-lite86 v0.2.21
  Downloaded munge_macro v0.4.3
  Downloaded munge v0.4.3
  Downloaded windows_i686_msvc v0.52.6
  Downloaded windows_x86_64_msvc v0.52.6
  Downloaded windows_x86_64_gnu v0.52.6
  Downloaded windows_i686_gnu v0.52.6
  Downloaded windows_aarch64_msvc v0.52.6
  Downloaded memoffset v0.9.1
  Downloaded memmap2 v0.9.5
  Downloaded hashbrown v0.15.2
  Downloaded equivalent v1.0.2
  Downloaded crunchy v0.2.3
  Downloaded clap_lex v0.7.4
  Downloaded clap_derive v4.5.32
  Downloaded cfg-if v1.0.0
  Downloaded pyo3 v0.24.1
  Downloaded bytes v1.10.1
  Downloaded unindent v0.2.4
  Downloaded unicode-ident v1.0.18
  Downloaded rancor v0.1.0
  Downloaded ptr_meta v0.3.0
  Downloaded num-traits v0.2.19
  Downloaded num-integer v0.1.46
  Downloaded num-complex v0.4.6
  Downloaded indoc v2.0.6
  Downloaded heck v0.5.0
  Downloaded either v1.15.0
  Downloaded colorchoice v1.0.3
  Downloaded bytecheck_derive v0.8.1
  Downloaded bitflags v2.9.0
  Downloaded anstyle-query v1.1.2
  Downloaded anstyle-parse v0.2.6
  Downloaded anstyle v1.0.10
  Downloaded anstream v0.6.18
  Downloaded ptr_meta_derive v0.3.0
  Downloaded is_terminal_polyfill v1.70.1
  Downloaded half v2.5.0
  Downloaded getrandom v0.3.1
  Downloaded bytecheck v0.8.1
  Downloaded anstyle-wincon v3.0.7
  Downloaded windows-sys v0.59.0
🔗 Found pyo3 bindings with abi3 support
🐍 Not using a specific python interpreter
📡 Using build options features from pyproject.toml
   Compiling proc-macro2 v1.0.94
   Compiling unicode-ident v1.0.18
   Compiling target-lexicon v0.13.2
   Compiling quote v1.0.40
   Compiling pyo3-build-config v0.24.1
   Compiling syn v2.0.100
   Compiling autocfg v1.4.0
   Compiling once_cell v1.21.1
   Compiling libc v0.2.171
   Compiling cfg-if v1.0.0
   Compiling num-traits v0.2.19
   Compiling heck v0.5.0
   Compiling ptr_meta_derive v0.3.0
   Compiling bytecheck_derive v0.8.1
   Compiling ptr_meta v0.3.0
   Compiling rancor v0.1.0
   Compiling pyo3-macros-backend v0.24.1
   Compiling pyo3-ffi v0.24.1
   Compiling zerocopy v0.8.23
   Compiling simdutf8 v0.1.5
   Compiling getrandom v0.3.1
   Compiling bytecheck v0.8.1
   Compiling munge_macro v0.4.3
   Compiling memoffset v0.9.1
   Compiling matrixmultiply v0.3.9
   Compiling utf8parse v0.2.2
   Compiling anstyle-parse v0.2.6
   Compiling munge v0.4.3
   Compiling rend v0.5.2
   Compiling rkyv_derive v0.8.10
   Compiling pyo3 v0.24.1
   Compiling anstyle v1.0.10
   Compiling is_terminal_polyfill v1.70.1
   Compiling colorchoice v1.0.3
   Compiling hashbrown v0.15.2
   Compiling rawpointer v0.2.1
   Compiling anstyle-query v1.1.2
   Compiling anstream v0.6.18
   Compiling rkyv v0.8.10
   Compiling ppv-lite86 v0.2.21
   Compiling pyo3-macros v0.24.1
   Compiling rand_core v0.9.3
   Compiling num-complex v0.4.6
   Compiling num-integer v0.1.46
   Compiling numpy v0.24.0
   Compiling clap_lex v0.7.4
   Compiling strsim v0.11.1
   Compiling indoc v2.0.6
   Compiling unindent v0.2.4
   Compiling serde v1.0.219
   Compiling clap_builder v4.5.35
   Compiling ndarray v0.16.1
   Compiling rand_chacha v0.9.0
   Compiling half v2.5.0
   Compiling clap_derive v4.5.32
   Compiling serde_derive v1.0.219
   Compiling either v1.15.0
   Compiling rustc-hash v2.1.1
   Compiling itertools v0.14.0
   Compiling clap v4.5.35
   Compiling rand v0.9.1
   Compiling memmap2 v0.9.5
   Compiling rustler v1.0.0 (/src/rustler)
    Finished `release` profile [optimized] target(s) in 47.67s
📦 Built wheel for abi3 Python ≥ 3.12 to /wheels/rustler-1.0.0-cp312-abi3-manylinux_2_34_x86_64.whl
Looking in indexes: http://pypi-mirror.modal.local:5555/simple
Processing /wheels/rustler-1.0.0-cp312-abi3-manylinux_2_34_x86_64.whl
Installing collected packages: rustler
Successfully installed rustler-1.0.0

[notice] A new release of pip is available: 24.3.1 -> 26.2.1
[notice] To update, run: pip install --upgrade pip
Saving image...
Image saved, took 1.53s

Built image im-NPEGkB2GdUjCmTFdBFQxyL in 55.04s


✓ Created objects.
├── 🔨 Created mount /home/avist/Projects/relational/modal/l175_repro.py
├── 🔨 Created mount 
│   /home/avist/Projects/relational/labs/relkit/zero_shot_l175.py
├── 🔨 Created mount /home/avist/Projects/relational/labs/_audit_context_l175.py
├── 🔨 Created mount 
│   /home/avist/Projects/relational/labs/sources/l175/upstream/rustler
└── 🔨 Created function audit.
Traceback (most recent call last):
  File "/pkg/modal/_runtime/task_lifecycle_manager.py", line 84, in handle_task_lifecycle_exception
    yield
  File "/pkg/modal/_container_entrypoint.py", line 362, in hydrate_function
    service = get_function_service(function_def, _client)
              ^^^^^^^^^^^^^^^^^^^^^^^^^^^^^^^^^^^^^^^^^^^
  File "/pkg/modal/_container_entrypoint.py", line 340, in get_function_service
    service = import_single_function_service(
              ^^^^^^^^^^^^^^^^^^^^^^^^^^^^^^^
  File "/pkg/modal/_runtime/user_code_imports.py", line 509, in import_single_function_service
    module = importlib.import_module(function_def.module_name)
             ^^^^^^^^^^^^^^^^^^^^^^^^^^^^^^^^^^^^^^^^^^^^^^^^^
  File "/usr/local/lib/python3.12/importlib/__init__.py", line 90, in import_module
    return _bootstrap._gcd_import(name[level:], package, level)
           ^^^^^^^^^^^^^^^^^^^^^^^^^^^^^^^^^^^^^^^^^^^^^^^^^^^^
  File "<frozen importlib._bootstrap>", line 1387, in _gcd_import
  File "<frozen importlib._bootstrap>", line 1360, in _find_and_load
  File "<frozen importlib._bootstrap>", line 1331, in _find_and_load_unlocked
  File "<frozen importlib._bootstrap>", line 935, in _load_unlocked
  File "<frozen importlib._bootstrap_external>", line 995, in exec_module
  File "<frozen importlib._bootstrap>", line 488, in _call_with_frames_removed
  File "/root/l175_repro.py", line 6, in <module>
    from zero_shot_l175 import reserve_cost
ModuleNotFoundError: No module named 'zero_shot_l175'
Runner failed with exception: ModuleNotFoundError("No module named 'zero_shot_l175'")
Traceback (most recent call last):
  File "/pkg/modal/_runtime/task_lifecycle_manager.py", line 84, in handle_task_lifecycle_exception
    yield
  File "/pkg/modal/_container_entrypoint.py", line 362, in hydrate_function
    service = get_function_service(function_def, _client)
              ^^^^^^^^^^^^^^^^^^^^^^^^^^^^^^^^^^^^^^^^^^^
  File "/pkg/modal/_container_entrypoint.py", line 340, in get_function_service
    service = import_single_function_service(
              ^^^^^^^^^^^^^^^^^^^^^^^^^^^^^^^
  File "/pkg/modal/_runtime/user_code_imports.py", line 509, in import_single_function_service
    module = importlib.import_module(function_def.module_name)
             ^^^^^^^^^^^^^^^^^^^^^^^^^^^^^^^^^^^^^^^^^^^^^^^^^
  File "/usr/local/lib/python3.12/importlib/__init__.py", line 90, in import_module
    return _bootstrap._gcd_import(name[level:], package, level)
           ^^^^^^^^^^^^^^^^^^^^^^^^^^^^^^^^^^^^^^^^^^^^^^^^^^^^
  File "<frozen importlib._bootstrap>", line 1387, in _gcd_import
  File "<frozen importlib._bootstrap>", line 1360, in _find_and_load
  File "<frozen importlib._bootstrap>", line 1331, in _find_and_load_unlocked
  File "<frozen importlib._bootstrap>", line 935, in _load_unlocked
  File "<frozen importlib._bootstrap_external>", line 995, in exec_module
  File "<frozen importlib._bootstrap>", line 488, in _call_with_frames_removed
  File "/root/l175_repro.py", line 6, in <module>
    from zero_shot_l175 import reserve_cost
ModuleNotFoundError: No module named 'zero_shot_l175'
Runner failed with exception: ModuleNotFoundError("No module named 'zero_shot_l175'")
Traceback (most recent call last):
  File "/pkg/modal/_runtime/task_lifecycle_manager.py", line 84, in handle_task_lifecycle_exception
    yield
  File "/pkg/modal/_container_entrypoint.py", line 362, in hydrate_function
    service = get_function_service(function_def, _client)
              ^^^^^^^^^^^^^^^^^^^^^^^^^^^^^^^^^^^^^^^^^^^
  File "/pkg/modal/_container_entrypoint.py", line 340, in get_function_service
    service = import_single_function_service(
              ^^^^^^^^^^^^^^^^^^^^^^^^^^^^^^^
  File "/pkg/modal/_runtime/user_code_imports.py", line 509, in import_single_function_service
    module = importlib.import_module(function_def.module_name)
             ^^^^^^^^^^^^^^^^^^^^^^^^^^^^^^^^^^^^^^^^^^^^^^^^^
  File "/usr/local/lib/python3.12/importlib/__init__.py", line 90, in import_module
    return _bootstrap._gcd_import(name[level:], package, level)
           ^^^^^^^^^^^^^^^^^^^^^^^^^^^^^^^^^^^^^^^^^^^^^^^^^^^^
  File "<frozen importlib._bootstrap>", line 1387, in _gcd_import
  File "<frozen importlib._bootstrap>", line 1360, in _find_and_load
  File "<frozen importlib._bootstrap>", line 1331, in _find_and_load_unlocked
  File "<frozen importlib._bootstrap>", line 935, in _load_unlocked
  File "<frozen importlib._bootstrap_external>", line 995, in exec_module
  File "<frozen importlib._bootstrap>", line 488, in _call_with_frames_removed
  File "/root/l175_repro.py", line 6, in <module>
    from zero_shot_l175 import reserve_cost
ModuleNotFoundError: No module named 'zero_shot_l175'
Runner failed with exception: ModuleNotFoundError("No module named 'zero_shot_l175'")
Traceback (most recent call last):
  File "/pkg/modal/_runtime/task_lifecycle_manager.py", line 84, in handle_task_lifecycle_exception
    yield
  File "/pkg/modal/_container_entrypoint.py", line 362, in hydrate_function
    service = get_function_service(function_def, _client)
              ^^^^^^^^^^^^^^^^^^^^^^^^^^^^^^^^^^^^^^^^^^^
  File "/pkg/modal/_container_entrypoint.py", line 340, in get_function_service
    service = import_single_function_service(
              ^^^^^^^^^^^^^^^^^^^^^^^^^^^^^^^
  File "/pkg/modal/_runtime/user_code_imports.py", line 509, in import_single_function_service
    module = importlib.import_module(function_def.module_name)
             ^^^^^^^^^^^^^^^^^^^^^^^^^^^^^^^^^^^^^^^^^^^^^^^^^
  File "/usr/local/lib/python3.12/importlib/__init__.py", line 90, in import_module
    return _bootstrap._gcd_import(name[level:], package, level)
           ^^^^^^^^^^^^^^^^^^^^^^^^^^^^^^^^^^^^^^^^^^^^^^^^^^^^
  File "<frozen importlib._bootstrap>", line 1387, in _gcd_import
  File "<frozen importlib._bootstrap>", line 1360, in _find_and_load
  File "<frozen importlib._bootstrap>", line 1331, in _find_and_load_unlocked
  File "<frozen importlib._bootstrap>", line 935, in _load_unlocked
  File "<frozen importlib._bootstrap_external>", line 995, in exec_module
  File "<frozen importlib._bootstrap>", line 488, in _call_with_frames_removed
  File "/root/l175_repro.py", line 6, in <module>
    from zero_shot_l175 import reserve_cost
ModuleNotFoundError: No module named 'zero_shot_l175'
Runner failed with exception: ModuleNotFoundError("No module named 'zero_shot_l175'")
Traceback (most recent call last):
  File "/pkg/modal/_runtime/task_lifecycle_manager.py", line 84, in handle_task_lifecycle_exception
    yield
  File "/pkg/modal/_container_entrypoint.py", line 362, in hydrate_function
    service = get_function_service(function_def, _client)
              ^^^^^^^^^^^^^^^^^^^^^^^^^^^^^^^^^^^^^^^^^^^
  File "/pkg/modal/_container_entrypoint.py", line 340, in get_function_service
    service = import_single_function_service(
              ^^^^^^^^^^^^^^^^^^^^^^^^^^^^^^^
  File "/pkg/modal/_runtime/user_code_imports.py", line 509, in import_single_function_service
    module = importlib.import_module(function_def.module_name)
             ^^^^^^^^^^^^^^^^^^^^^^^^^^^^^^^^^^^^^^^^^^^^^^^^^
  File "/usr/local/lib/python3.12/importlib/__init__.py", line 90, in import_module
    return _bootstrap._gcd_import(name[level:], package, level)
           ^^^^^^^^^^^^^^^^^^^^^^^^^^^^^^^^^^^^^^^^^^^^^^^^^^^^
  File "<frozen importlib._bootstrap>", line 1387, in _gcd_import
  File "<frozen importlib._bootstrap>", line 1360, in _find_and_load
  File "<frozen importlib._bootstrap>", line 1331, in _find_and_load_unlocked
  File "<frozen importlib._bootstrap>", line 935, in _load_unlocked
  File "<frozen importlib._bootstrap_external>", line 995, in exec_module
  File "<frozen importlib._bootstrap>", line 488, in _call_with_frames_removed
  File "/root/l175_repro.py", line 6, in <module>
    from zero_shot_l175 import reserve_cost
ModuleNotFoundError: No module named 'zero_shot_l175'
Runner failed with exception: ModuleNotFoundError("No module named 'zero_shot_l175'")
Traceback (most recent call last):
  File "/pkg/modal/_runtime/task_lifecycle_manager.py", line 84, in handle_task_lifecycle_exception
    yield
  File "/pkg/modal/_container_entrypoint.py", line 362, in hydrate_function
    service = get_function_service(function_def, _client)
              ^^^^^^^^^^^^^^^^^^^^^^^^^^^^^^^^^^^^^^^^^^^
  File "/pkg/modal/_container_entrypoint.py", line 340, in get_function_service
    service = import_single_function_service(
              ^^^^^^^^^^^^^^^^^^^^^^^^^^^^^^^
  File "/pkg/modal/_runtime/user_code_imports.py", line 509, in import_single_function_service
    module = importlib.import_module(function_def.module_name)
             ^^^^^^^^^^^^^^^^^^^^^^^^^^^^^^^^^^^^^^^^^^^^^^^^^
  File "/usr/local/lib/python3.12/importlib/__init__.py", line 90, in import_module
    return _bootstrap._gcd_import(name[level:], package, level)
           ^^^^^^^^^^^^^^^^^^^^^^^^^^^^^^^^^^^^^^^^^^^^^^^^^^^^
  File "<frozen importlib._bootstrap>", line 1387, in _gcd_import
  File "<frozen importlib._bootstrap>", line 1360, in _find_and_load
  File "<frozen importlib._bootstrap>", line 1331, in _find_and_load_unlocked
  File "<frozen importlib._bootstrap>", line 935, in _load_unlocked
  File "<frozen importlib._bootstrap_external>", line 995, in exec_module
  File "<frozen importlib._bootstrap>", line 488, in _call_with_frames_removed
  File "/root/l175_repro.py", line 6, in <module>
    from zero_shot_l175 import reserve_cost
ModuleNotFoundError: No module named 'zero_shot_l175'
Runner failed with exception: ModuleNotFoundError("No module named 'zero_shot_l175'")
Traceback (most recent call last):
  File "/pkg/modal/_runtime/task_lifecycle_manager.py", line 84, in handle_task_lifecycle_exception
    yield
  File "/pkg/modal/_container_entrypoint.py", line 362, in hydrate_function
    service = get_function_service(function_def, _client)
              ^^^^^^^^^^^^^^^^^^^^^^^^^^^^^^^^^^^^^^^^^^^
  File "/pkg/modal/_container_entrypoint.py", line 340, in get_function_service
    service = import_single_function_service(
              ^^^^^^^^^^^^^^^^^^^^^^^^^^^^^^^
  File "/pkg/modal/_runtime/user_code_imports.py", line 509, in import_single_function_service
    module = importlib.import_module(function_def.module_name)
             ^^^^^^^^^^^^^^^^^^^^^^^^^^^^^^^^^^^^^^^^^^^^^^^^^
  File "/usr/local/lib/python3.12/importlib/__init__.py", line 90, in import_module
    return _bootstrap._gcd_import(name[level:], package, level)
           ^^^^^^^^^^^^^^^^^^^^^^^^^^^^^^^^^^^^^^^^^^^^^^^^^^^^
  File "<frozen importlib._bootstrap>", line 1387, in _gcd_import
  File "<frozen importlib._bootstrap>", line 1360, in _find_and_load
  File "<frozen importlib._bootstrap>", line 1331, in _find_and_load_unlocked
  File "<frozen importlib._bootstrap>", line 935, in _load_unlocked
  File "<frozen importlib._bootstrap_external>", line 995, in exec_module
  File "<frozen importlib._bootstrap>", line 488, in _call_with_frames_removed
  File "/root/l175_repro.py", line 6, in <module>
    from zero_shot_l175 import reserve_cost
ModuleNotFoundError: No module named 'zero_shot_l175'
Runner failed with exception: ModuleNotFoundError("No module named 'zero_shot_l175'")
Traceback (most recent call last):
  File "/pkg/modal/_runtime/task_lifecycle_manager.py", line 84, in handle_task_lifecycle_exception
    yield
  File "/pkg/modal/_container_entrypoint.py", line 362, in hydrate_function
    service = get_function_service(function_def, _client)
              ^^^^^^^^^^^^^^^^^^^^^^^^^^^^^^^^^^^^^^^^^^^
  File "/pkg/modal/_container_entrypoint.py", line 340, in get_function_service
    service = import_single_function_service(
              ^^^^^^^^^^^^^^^^^^^^^^^^^^^^^^^
  File "/pkg/modal/_runtime/user_code_imports.py", line 509, in import_single_function_service
    module = importlib.import_module(function_def.module_name)
             ^^^^^^^^^^^^^^^^^^^^^^^^^^^^^^^^^^^^^^^^^^^^^^^^^
  File "/usr/local/lib/python3.12/importlib/__init__.py", line 90, in import_module
    return _bootstrap._gcd_import(name[level:], package, level)
           ^^^^^^^^^^^^^^^^^^^^^^^^^^^^^^^^^^^^^^^^^^^^^^^^^^^^
  File "<frozen importlib._bootstrap>", line 1387, in _gcd_import
  File "<frozen importlib._bootstrap>", line 1360, in _find_and_load
  File "<frozen importlib._bootstrap>", line 1331, in _find_and_load_unlocked
  File "<frozen importlib._bootstrap>", line 935, in _load_unlocked
  File "<frozen importlib._bootstrap_external>", line 995, in exec_module
  File "<frozen importlib._bootstrap>", line 488, in _call_with_frames_removed
  File "/root/l175_repro.py", line 6, in <module>
    from zero_shot_l175 import reserve_cost
ModuleNotFoundError: No module named 'zero_shot_l175'
Runner failed with exception: ModuleNotFoundError("No module named 'zero_shot_l175'")
Traceback (most recent call last):
  File "/pkg/modal/_runtime/task_lifecycle_manager.py", line 84, in handle_task_lifecycle_exception
    yield
  File "/pkg/modal/_container_entrypoint.py", line 362, in hydrate_function
    service = get_function_service(function_def, _client)
              ^^^^^^^^^^^^^^^^^^^^^^^^^^^^^^^^^^^^^^^^^^^
  File "/pkg/modal/_container_entrypoint.py", line 340, in get_function_service
    service = import_single_function_service(
              ^^^^^^^^^^^^^^^^^^^^^^^^^^^^^^^
  File "/pkg/modal/_runtime/user_code_imports.py", line 509, in import_single_function_service
    module = importlib.import_module(function_def.module_name)
             ^^^^^^^^^^^^^^^^^^^^^^^^^^^^^^^^^^^^^^^^^^^^^^^^^
  File "/usr/local/lib/python3.12/importlib/__init__.py", line 90, in import_module
    return _bootstrap._gcd_import(name[level:], package, level)
           ^^^^^^^^^^^^^^^^^^^^^^^^^^^^^^^^^^^^^^^^^^^^^^^^^^^^
  File "<frozen importlib._bootstrap>", line 1387, in _gcd_import
  File "<frozen importlib._bootstrap>", line 1360, in _find_and_load
  File "<frozen importlib._bootstrap>", line 1331, in _find_and_load_unlocked
  File "<frozen importlib._bootstrap>", line 935, in _load_unlocked
  File "<frozen importlib._bootstrap_external>", line 995, in exec_module
  File "<frozen importlib._bootstrap>", line 488, in _call_with_frames_removed
  File "/root/l175_repro.py", line 6, in <module>
    from zero_shot_l175 import reserve_cost
ModuleNotFoundError: No module named 'zero_shot_l175'
Runner failed with exception: ModuleNotFoundError("No module named 'zero_shot_l175'")
Traceback (most recent call last):
  File "/pkg/modal/_runtime/task_lifecycle_manager.py", line 84, in handle_task_lifecycle_exception
    yield
  File "/pkg/modal/_container_entrypoint.py", line 362, in hydrate_function
    service = get_function_service(function_def, _client)
              ^^^^^^^^^^^^^^^^^^^^^^^^^^^^^^^^^^^^^^^^^^^
  File "/pkg/modal/_container_entrypoint.py", line 340, in get_function_service
    service = import_single_function_service(
              ^^^^^^^^^^^^^^^^^^^^^^^^^^^^^^^
  File "/pkg/modal/_runtime/user_code_imports.py", line 509, in import_single_function_service
    module = importlib.import_module(function_def.module_name)
             ^^^^^^^^^^^^^^^^^^^^^^^^^^^^^^^^^^^^^^^^^^^^^^^^^
  File "/usr/local/lib/python3.12/importlib/__init__.py", line 90, in import_module
    return _bootstrap._gcd_import(name[level:], package, level)
           ^^^^^^^^^^^^^^^^^^^^^^^^^^^^^^^^^^^^^^^^^^^^^^^^^^^^
  File "<frozen importlib._bootstrap>", line 1387, in _gcd_import
  File "<frozen importlib._bootstrap>", line 1360, in _find_and_load
  File "<frozen importlib._bootstrap>", line 1331, in _find_and_load_unlocked
  File "<frozen importlib._bootstrap>", line 935, in _load_unlocked
  File "<frozen importlib._bootstrap_external>", line 995, in exec_module
  File "<frozen importlib._bootstrap>", line 488, in _call_with_frames_removed
  File "/root/l175_repro.py", line 6, in <module>
    from zero_shot_l175 import reserve_cost
ModuleNotFoundError: No module named 'zero_shot_l175'
Runner failed with exception: ModuleNotFoundError("No module named 'zero_shot_l175'")
Traceback (most recent call last):
  File "/pkg/modal/_runtime/task_lifecycle_manager.py", line 84, in handle_task_lifecycle_exception
    yield
  File "/pkg/modal/_container_entrypoint.py", line 362, in hydrate_function
    service = get_function_service(function_def, _client)
              ^^^^^^^^^^^^^^^^^^^^^^^^^^^^^^^^^^^^^^^^^^^
  File "/pkg/modal/_container_entrypoint.py", line 340, in get_function_service
    service = import_single_function_service(
              ^^^^^^^^^^^^^^^^^^^^^^^^^^^^^^^
  File "/pkg/modal/_runtime/user_code_imports.py", line 509, in import_single_function_service
    module = importlib.import_module(function_def.module_name)
             ^^^^^^^^^^^^^^^^^^^^^^^^^^^^^^^^^^^^^^^^^^^^^^^^^
  File "/usr/local/lib/python3.12/importlib/__init__.py", line 90, in import_module
    return _bootstrap._gcd_import(name[level:], package, level)
           ^^^^^^^^^^^^^^^^^^^^^^^^^^^^^^^^^^^^^^^^^^^^^^^^^^^^
  File "<frozen importlib._bootstrap>", line 1387, in _gcd_import
  File "<frozen importlib._bootstrap>", line 1360, in _find_and_load
  File "<frozen importlib._bootstrap>", line 1331, in _find_and_load_unlocked
  File "<frozen importlib._bootstrap>", line 935, in _load_unlocked
  File "<frozen importlib._bootstrap_external>", line 995, in exec_module
  File "<frozen importlib._bootstrap>", line 488, in _call_with_frames_removed
  File "/root/l175_repro.py", line 6, in <module>
    from zero_shot_l175 import reserve_cost
ModuleNotFoundError: No module named 'zero_shot_l175'
Runner failed with exception: ModuleNotFoundError("No module named 'zero_shot_l175'")
Stopping app - user stopped from CLI.
╭───────────────────── Traceback (most recent call last) ──────────────────────╮
│ /home/avist/Projects/relational/modal/l175_repro.py:38 in main               │
│                                                                              │
│   37  reserve_cost([state['build_reservation_usd']]+[x['upper_usd'] for x in │
│ ❱ 38  state['reservations'].append(dict(phase=phase,timeout=900,rate=.000061 │
│   39  p.write_text(json.dumps(state,indent=2)+'\n');print(audit.remote())    │
│                                                                              │
│ /home/avist/Projects/relational/.venv/lib/python3.12/site-packages/modal/_ob │
│ ject.py:46 in wrapped                                                        │
│                                                                              │
│    45 │   │   await self.hydrate()                                           │
│ ❱  46 │   │   return await method(self, *args, **kwargs)                     │
│    47                                                                        │
│                                                                              │
│ /home/avist/Projects/relational/.venv/lib/python3.12/site-packages/modal/_fu │
│ nctions.py:1893 in remote                                                    │
│                                                                              │
│   1892 │   │                                                                 │
│ ❱ 1893 │   │   return await self._call_function(args, kwargs)                │
│   1894                                                                       │
│                                                                              │
│ /home/avist/Projects/relational/.venv/lib/python3.12/site-packages/modal/_fu │
│ nctions.py:1830 in _call_function                                            │
│                                                                              │
│   1829 │   │                                                                 │
│ ❱ 1830 │   │   return await invocation.run_function()                        │
│   1831                                                                       │
│                                                                              │
│ /home/avist/Projects/relational/.venv/lib/python3.12/site-packages/modal/_fu │
│ nctions.py:484 in run_function                                               │
│                                                                              │
│    483 │   │   │   if await_response.output.result.status in TERMINAL_STATUS │
│ ❱  484 │   │   │   │   return await _process_result(                         │
│    485 │   │   │   │   │   await_response.output.result, await_response.outp │
│                                                                              │
│ /home/avist/Projects/relational/.venv/lib/python3.12/site-packages/modal/_ut │
│ ils/function_utils.py:574 in _process_result                                 │
│                                                                              │
│   573 │   │                                                                  │
│ ❱ 574 │   │   raise RemoteError(result.exception)                            │
│   575                                                                        │
╰──────────────────────────────────────────────────────────────────────────────╯
RemoteError
