/source/src/lib/utils.py:480: UserWarning: When CUDA is available, CUDA_VISIBLE_DEVICES should be set explicitly
  warnings.warn(
Running the experiment
Device: cuda:0
Enabled AMP
────────────────────────────────────────────────────────────────────────────────
project.tabpack.main | /__modal/volumes/vo-OVhaA9LL06i4vdzjKRAm9R/run-v2/california/main | 2026-10-03 07:13:29.899850
────────────────────────────────────────────────────────────────────────────────

Config
{'seed': 0,
 'n_models': 64,
 'batch_size': 256,
 'n_epochs': -1,
 'patience': 16,
 'amp_dtype': 'bfloat16',
 'save_all_predictions': True,
 'track_online_ensemble_history': True,
 'track_experiments': True,
 'data': {'path': 'data/california',
          'num_policy': 'noisy-quantile',
          'extract_bin_from_num': True,
          'bin_policy': 'convert-to-cat',
          'cache': True},
 'model': {'activation': 'ReLU',
           'd_block': 384,
           'num_embeddings': {'type': 'CosineEmbeddingsPack'}},
 'optimizer': {'type': 'MuonAdamWPack', 'shared_step': True},
 'online_ensembles': {'greedy': {'type': 'greedy',
                                 'update_type': 'latest',
                                 'include_current_ensemble_in_pool': True,
                                 'patience': 32,
                                 'options': {'max_ensemble_size': 32}}},
 'sampler': {'type': 'RandomSampler',
             'space': {'model': {'n_blocks': ['_tune_', 'int', 1, 3],
                                 'dropout': ['_tune_',
                                             '?uniform',
                                             0.0,
                                             0.0,
                                             0.5],
                                 'num_embeddings': {'d_embedding': ['_tune_',
                                                                    'int',
                                                                    8,
                                                                    32,
                                                                    4],
                                                    'init_scale': ['_tune_',
                                                                   'loguniform',
                                                                   0.01,
                                                                   10.0]}},
                       'optimizer': {'lr': ['_tune_',
                                            'loguniform',
                                            0.0001,
                                            0.005],
                                     'weight_decay': ['_tune_',
                                                      'loguniform',
                                                      0.001,
                                                      1.0],
                                     'muon_lr': ['_tune_',
                                                 'loguniform',
                                                 0.001,
                                                 0.1]}}}}
Traceback (most recent call last):
  File "/source/worker.py", line 21, in <module>
    lib.experiment.run(project.tabpack.main,None,exp)
  File "/source/src/lib/experiment.py", line 422, in run
    return function(config, exp)
           ^^^^^^^^^^^^^^^^^^^^^
  File "/source/src/project/tabpack.py", line 1318, in main
    dataset = lib.data.build_dataset(**config['data'])
              ^^^^^^^^^^^^^^^^^^^^^^^^^^^^^^^^^^^^^^^^
  File "/source/src/lib/data.py", line 617, in build_dataset
    os.rename(tmp_cache_file.name, cache_path)
OSError: [Errno 18] Invalid cross-device link: '/evidence/tmp/tmpop4vvfav' -> '/source/.cache/build_dataset__california__842348b786cb2f4e8001c9ddbe1644db.pickle'
