Note that running a local entrypoint in detached mode only keeps the last triggered Modal function alive after the parent process has been killed or disconnected.
✓ Initialized. View run at 
https://modal.com/apps/pszar92/main/ap-SEX8ZLunv8QE6JBZ7OxlZL
✓ Created objects.
├── 🔨 Created mount /home/avist/Projects/relational/modal/l131_repro.py
├── 🔨 Created mount 
│   /home/avist/Projects/relational/labs/relkit/batch_audit_l123.py
├── 🔨 Created mount /home/avist/Projects/relational/labs/sources/l117
├── 🔨 Created mount /home/avist/Projects/relational/labs/_run_l131.py
├── 🔨 Created mount /home/avist/Projects/relational/labs/relkit/stack_l131.py
├── 🔨 Created mount 
│   /home/avist/Projects/relational/labs/relkit/checkpoint_l130.py
├── 🔨 Created mount /home/avist/Projects/relational/labs/_run_l117.py
├── 🔨 Created mount /home/avist/Projects/relational/labs/relkit/rdl_l117.py
└── 🔨 Created function worker.
Downloading file 'rel-f1/db.zip' from 'https://relbench.stanford.edu/download/rel-f1/db.zip' to '/root/.cache/relbench'.

[1A  0%|                                               | 0.00/704k [00:00<?, ?B/s]
[1A 63%|████████████████████████▌              | 443k/704k [00:00<00:00, 4.40MB/s]
[1A  0%|                                               | 0.00/704k [00:00<?, ?B/s]
[1A100%|███████████████████████████████████████| 704k/704k [00:00<00:00, 3.72GB/s]
Unzipping contents of '/root/.cache/relbench/rel-f1/db.zip' to '/root/.cache/relbench/rel-f1/.'
Loading Database object from /root/.cache/relbench/rel-f1/db...
Done in 0.07 seconds.
Downloading file 'rel-f1/tasks/driver-position.zip' from 'https://relbench.stanford.edu/download/rel-f1/tasks/driver-position.zip' to '/root/.cache/relbench'.

[1A  0%|                                              | 0.00/36.5k [00:00<?, ?B/s]
[1A  0%|                                              | 0.00/36.5k [00:00<?, ?B/s]
[1A100%|██████████████████████████████████████| 36.5k/36.5k [00:00<00:00, 184MB/s]
Unzipping contents of '/root/.cache/relbench/rel-f1/tasks/driver-position.zip' to '/root/.cache/relbench/rel-f1/tasks/.'
/usr/local/lib/python3.11/site-packages/torch_frame/data/stats.py:177: UserWarning: Could not infer format, so each element will be parsed individually, falling back to `dateutil`. To ensure parsing is consistent and as-expected, please specify a format.
  ser = pd.to_datetime(ser, format=time_format)

[1AEmbedding raw data in mini-batch:   0%|          | 0/4 [00:00<?, ?it/s]
[1AEmbedding raw data in mini-batch: 100%|██████████| 4/4 [00:00<00:00, 215.23it/s]
/usr/local/lib/python3.11/site-packages/torch_frame/data/mapper.py:290: UserWarning: Could not infer format, so each element will be parsed individually, falling back to `dateutil`. To ensure parsing is consistent and as-expected, please specify a format.
  ser = pd.to_datetime(ser, format=self.format, errors='coerce')

[1AEmbedding raw data in mini-batch:   0%|          | 0/4 [00:00<?, ?it/s]
[1AEmbedding raw data in mini-batch: 100%|██████████| 4/4 [00:00<00:00, 268.34it/s]

[1AEmbedding raw data in mini-batch:   0%|          | 0/4 [00:00<?, ?it/s]
[1AEmbedding raw data in mini-batch: 100%|██████████| 4/4 [00:00<00:00, 261.69it/s]

[1AEmbedding raw data in mini-batch:   0%|          | 0/4 [00:00<?, ?it/s]
[1AEmbedding raw data in mini-batch: 100%|██████████| 4/4 [00:00<00:00, 258.48it/s]

[1AEmbedding raw data in mini-batch:   0%|          | 0/4 [00:00<?, ?it/s]
[1AEmbedding raw data in mini-batch: 100%|██████████| 4/4 [00:00<00:00, 268.69it/s]

[1AEmbedding raw data in mini-batch:   0%|          | 0/4 [00:00<?, ?it/s]
[1AEmbedding raw data in mini-batch: 100%|██████████| 4/4 [00:00<00:00, 249.02it/s]

[1AEmbedding raw data in mini-batch:   0%|          | 0/1 [00:00<?, ?it/s]
[1AEmbedding raw data in mini-batch: 100%|██████████| 1/1 [00:00<00:00, 233.33it/s]

[1AEmbedding raw data in mini-batch:   0%|          | 0/1 [00:00<?, ?it/s]
[1AEmbedding raw data in mini-batch: 100%|██████████| 1/1 [00:00<00:00, 229.07it/s]

[1AEmbedding raw data in mini-batch:   0%|          | 0/1 [00:00<?, ?it/s]
[1AEmbedding raw data in mini-batch: 100%|██████████| 1/1 [00:00<00:00, 251.97it/s]

[1AEmbedding raw data in mini-batch:   0%|          | 0/1 [00:00<?, ?it/s]
[1AEmbedding raw data in mini-batch: 100%|██████████| 1/1 [00:00<00:00, 466.66it/s]

[1AEmbedding raw data in mini-batch:   0%|          | 0/1 [00:00<?, ?it/s]
[1AEmbedding raw data in mini-batch: 100%|██████████| 1/1 [00:00<00:00, 520.97it/s]

[1AEmbedding raw data in mini-batch:   0%|          | 0/1 [00:00<?, ?it/s]
[1AEmbedding raw data in mini-batch: 100%|██████████| 1/1 [00:00<00:00, 500.16it/s]

[1AEmbedding raw data in mini-batch:   0%|          | 0/1 [00:00<?, ?it/s]
[1AEmbedding raw data in mini-batch: 100%|██████████| 1/1 [00:00<00:00, 425.52it/s]
Traceback (most recent call last):
  File "/pkg/modal/_runtime/container_io_manager.py", line 987, in handle_input_exception
    yield
  File "/pkg/modal/_container_entrypoint.py", line 189, in run_input_sync
    values = io_context.call_function_sync()
             ^^^^^^^^^^^^^^^^^^^^^^^^^^^^^^^
  File "/pkg/modal/_runtime/container_io_manager.py", line 266, in call_function_sync
    expected_value_or_values = self.finalized_function.callable(*args, **kwargs)
                               ^^^^^^^^^^^^^^^^^^^^^^^^^^^^^^^^^^^^^^^^^^^^^^^^^
  File "/root/l131_repro.py", line 28, in worker
    result=run(seed,epochs,root)
           ^^^^^^^^^^^^^^^^^^^^^
  File "/work/_run_l131.py", line 35, in run
    result=original_runner.run(seed,epochs,output)
           ^^^^^^^^^^^^^^^^^^^^^^^^^^^^^^^^^^^^^^^
  File "/work/_run_l117.py", line 52, in run
    result=fit_rdl(data,stats,task,seed,output,epochs,'cuda' if torch.cuda.is_available() else 'cpu',OriginalModel)
           ^^^^^^^^^^^^^^^^^^^^^^^^^^^^^^^^^^^^^^^^^^^^^^^^^^^^^^^^^^^^^^^^^^^^^^^^^^^^^^^^^^^^^^^^^^^^^^^^^^^^^^^^
  File "/work/relkit/rdl_l117.py", line 559, in fit_rdl
    pred=model(batch,task.entity_table).view(-1)
         ^^^^^^^^^^^^^^^^^^^^^^^^^^^^^^
  File "/usr/local/lib/python3.11/site-packages/torch/nn/modules/module.py", line 1736, in _wrapped_call_impl
    return self._call_impl(*args, **kwargs)
           ^^^^^^^^^^^^^^^^^^^^^^^^^^^^^^^^
  File "/usr/local/lib/python3.11/site-packages/torch/nn/modules/module.py", line 1747, in _call_impl
    return forward_call(*args, **kwargs)
           ^^^^^^^^^^^^^^^^^^^^^^^^^^^^^
  File "/work/_run_l131.py", line 18, in forward
    trace=trace_batch(self,batch,entity_table)
          ^^^^^^^^^^^^^^^^^^^^^^^^^^^^^^^^^^^^
  File "/work/relkit/stack_l131.py", line 99, in trace_batch
    torch.testing.assert_close(a.grad,b.grad,rtol=1e-5,atol=1e-6)
  File "/usr/local/lib/python3.11/site-packages/torch/testing/_comparison.py", line 1530, in assert_close
    raise error_metas[0].to_error(msg)
AssertionError: Tensor-likes are not close!

Mismatched elements: 640 / 1280 (50.0%)
Greatest absolute difference: nan at index (0, 0) (up to 1e-06 allowed)
Greatest relative difference: nan at index (0, 0) (up to 1e-05 allowed)
╭───────────────────── Traceback (most recent call last) ──────────────────────╮
│ /home/avist/Projects/relational/modal/l131_repro.py:49 in main               │
│                                                                              │
│   48 │   │   f.seek(0);json.dump(budget,f,indent=2);f.truncate()             │
│ ❱ 49 │   if mode=='pilot':print(worker.remote(100,1,'pilot'))                │
│   50 │   else:                                                               │
│                                                                              │
│ /home/avist/Projects/relational/.venv/lib/python3.12/site-packages/modal/_ob │
│ ject.py:46 in wrapped                                                        │
│                                                                              │
│    45 │   │   await self.hydrate()                                           │
│ ❱  46 │   │   return await method(self, *args, **kwargs)                     │
│    47                                                                        │
│                                                                              │
│ /home/avist/Projects/relational/.venv/lib/python3.12/site-packages/modal/_fu │
│ nctions.py:1893 in remote                                                    │
│                                                                              │
│   1892 │   │                                                                 │
│ ❱ 1893 │   │   return await self._call_function(args, kwargs)                │
│   1894                                                                       │
│                                                                              │
│ /home/avist/Projects/relational/.venv/lib/python3.12/site-packages/modal/_fu │
│ nctions.py:1830 in _call_function                                            │
│                                                                              │
│   1829 │   │                                                                 │
│ ❱ 1830 │   │   return await invocation.run_function()                        │
│   1831                                                                       │
│                                                                              │
│ /home/avist/Projects/relational/.venv/lib/python3.12/site-packages/modal/_fu │
│ nctions.py:503 in run_function                                               │
│                                                                              │
│    502 │   │   │   # No more retries left.                                   │
│ ❱  503 │   │   │   return await _process_result(                             │
│    504 │   │   │   │   await_response.output.result, await_response.output.d │
│                                                                              │
│ /home/avist/Projects/relational/.venv/lib/python3.12/site-packages/modal/_ut │
│ ils/function_utils.py:572 in _process_result                                 │
│                                                                              │
│   571 │   │   │                                                              │
│ ❱ 572 │   │   │   raise exc_with_hints(exc)                                  │
│   573                                                                        │
│                                                                              │
│     ...Remote call to Modal Function (ta-01M3HBJ14ZTKB18ECM9W7PEGJR)...      │
│                                                                              │
│ /root/l131_repro.py:28 in worker                                             │
│                                                                              │
│ ❱ 28 result=run(seed,epochs,root)                                            │
│                                                                              │
│                                                                              │
│ /work/_run_l131.py:35 in run                                                 │
│                                                                              │
│ ❱ 35 result=original_runner.run(seed,epochs,output)                          │
│                                                                              │
│                                                                              │
│ /work/_run_l117.py:52 in run                                                 │
│                                                                              │
│ ❱ 52 result=fit_rdl(data,stats,task,seed,output,epochs,'cuda' if torch.cuda. │
│                                                                              │
│                                                                              │
│ /work/relkit/rdl_l117.py:559 in fit_rdl                                      │
│                                                                              │
│ ❱ 559 pred=model(batch,task.entity_table).view(-1)                           │
│                                                                              │
│                                                                              │
│ /usr/local/lib/python3.11/site-packages/torch/nn/modules/module.py:1736 in   │
│ _wrapped_call_impl                                                           │
│                                                                              │
│ ❱ 1736 return self._call_impl(*args, **kwargs)                               │
│                                                                              │
│                                                                              │
│ /usr/local/lib/python3.11/site-packages/torch/nn/modules/module.py:1747 in   │
│ _call_impl                                                                   │
│                                                                              │
│ ❱ 1747 return forward_call(*args, **kwargs)                                  │
│                                                                              │
│                                                                              │
│ /work/_run_l131.py:18 in forward                                             │
│                                                                              │
│ ❱ 18 trace=trace_batch(self,batch,entity_table)                              │
│                                                                              │
│                                                                              │
│ /work/relkit/stack_l131.py:99 in trace_batch                                 │
│                                                                              │
│ ❱ 99 torch.testing.assert_close(a.grad,b.grad,rtol=1e-5,atol=1e-6)           │
│                                                                              │
│                                                                              │
│ /usr/local/lib/python3.11/site-packages/torch/testing/_comparison.py:1530 in │
│ assert_close                                                                 │
│                                                                              │
│ ❱ 1530 raise error_metas[0].to_error(msg)                                    │
│                                                                              │
╰──────────────────────────────────────────────────────────────────────────────╯
AssertionError: Tensor-likes are not close!

Mismatched elements: 640 / 1280 (50.0%)
Greatest absolute difference: nan at index (0, 0) (up to 1e-06 allowed)
Greatest relative difference: nan at index (0, 0) (up to 1e-05 allowed)
