using user-supplied weights at /tmp/b09-weights/exaone/exaone-tabular-regressor-v1_default.safetensors; released-checkpoint integrity pin not enforced (SHA-256 not checked)
support of 353 rows yields 70 validation rows, fewer than nnls_min_validation_rows=2000; aggregating ensemble members with uniform weights instead
{
  "model": "exaone",
  "seed": 2,
  "status": "COMPLETE",
  "n_support": 353,
  "n_query": 89,
  "rmse": 55.46197469199951,
  "load_s": 0.34819217599579133,
  "fit_s": 0.0012486510095186532,
  "first_predict_s": 33.31865904000006,
  "warm_s": [
    37.52066657401156,
    34.745671284996206,
    35.546587371005444,
    36.69320183698437,
    56.502443406992825,
    53.65455780600314,
    38.500295431003906,
    35.38815399099258,
    34.86247865299811,
    33.350013204995776
  ],
  "warm_median_s": 36.11989460399491,
  "warm_p90_s": 53.93934636610211,
  "peak_rss_mib": 3605.30859375,
  "repeat_max_abs_diff": 0.0,
  "config": "InferenceManifest(checkpoint_sha256=None, schema_version=1, task='regression', model=ModelConfig(width=192, head_count=6, block_count=12, feedforward_widths=(768, 768, 768, 768, 768, 768, 768, 768, 768, 768, 768, 768), columns_per_group=1, item_summary_count=3, feature_summary_count=32, feature_attention_repeats=2, class_capacity=20), preprocessing=PreprocessingConfig(use_quantile_map=False, rescale_for_column_count=False), runtime=RuntimeConfig(support_row_limit=100000, feature_limit=1024, query_batch_limit=1024, ensemble_count=8, compute_dtype='float32', seed=2, support_cache_offload=True), classification=None, regression=RegressionConfig(quantile_count=999, decoder_hidden_width=384, point_estimate='trimmed', n_svd=16, svd_gate=False, svd_split=True, member_weighting='nnls', nnls_shrinkage=0.75, nnls_validation_fraction=0.2, nnls_min_validation_rows=2000))",
  "wall_s": 504.0676778399793,
  "device": "CPU",
  "dtype": "float32",
  "threads": 4,
  "python": "3.12.3 (main, Aug 31 2026, 10:18:26) [GCC 13.3.0]",
  "torch": "2.13.0+cpu",
  "numpy": "2.5.0",
  "input_sha256": "db8ad70b9668c7fe363f91023d9ac65591cd0c1a12ab1c4dc26ab5be1dc12690"
}
