using user-supplied weights at /tmp/b09-weights/exaone/exaone-tabular-regressor-v1_default.safetensors; released-checkpoint integrity pin not enforced (SHA-256 not checked)
support of 353 rows yields 70 validation rows, fewer than nnls_min_validation_rows=2000; aggregating ensemble members with uniform weights instead
{
  "model": "exaone",
  "seed": 1,
  "status": "COMPLETE",
  "n_support": 353,
  "n_query": 89,
  "rmse": 55.996686301062994,
  "load_s": 0.5922444349853322,
  "fit_s": 0.001768196001648903,
  "first_predict_s": 32.16592514197691,
  "warm_s": [
    32.59599304001313,
    31.985887630988145,
    35.64259238500381,
    33.68588069698308,
    35.06633555301232,
    35.53153889501118,
    34.853457200020785,
    39.41676437298884,
    42.13773728598608,
    39.08981716801645
  ],
  "warm_median_s": 35.29893722401175,
  "warm_p90_s": 39.68886166428856,
  "peak_rss_mib": 3604.10546875,
  "repeat_max_abs_diff": 0.0,
  "config": "InferenceManifest(checkpoint_sha256=None, schema_version=1, task='regression', model=ModelConfig(width=192, head_count=6, block_count=12, feedforward_widths=(768, 768, 768, 768, 768, 768, 768, 768, 768, 768, 768, 768), columns_per_group=1, item_summary_count=3, feature_summary_count=32, feature_attention_repeats=2, class_capacity=20), preprocessing=PreprocessingConfig(use_quantile_map=False, rescale_for_column_count=False), runtime=RuntimeConfig(support_row_limit=100000, feature_limit=1024, query_batch_limit=1024, ensemble_count=8, compute_dtype='float32', seed=1, support_cache_offload=True), classification=None, regression=RegressionConfig(quantile_count=999, decoder_hidden_width=384, point_estimate='trimmed', n_svd=16, svd_gate=False, svd_split=True, member_weighting='nnls', nnls_shrinkage=0.75, nnls_validation_fraction=0.2, nnls_min_validation_rows=2000))",
  "wall_s": 458.7309603690228,
  "device": "CPU",
  "dtype": "float32",
  "threads": 4,
  "python": "3.12.3 (main, Aug 31 2026, 10:18:26) [GCC 13.3.0]",
  "torch": "2.13.0+cpu",
  "numpy": "2.5.0",
  "input_sha256": "0e16d8c8d910549c5d4342ffbf69545870bb7e16245bd69c338c0cc04f8540e7"
}
