Mixed precision is not supported for CPU inference, so it has been automatically disabled
{
  "model": "nori",
  "seed": 2,
  "status": "COMPLETE",
  "n_support": 353,
  "n_query": 89,
  "rmse": 55.98763114202635,
  "load_s": 1.2739714499912225,
  "fit_s": 0.00025159301003441215,
  "first_predict_s": 5.96964319300605,
  "warm_s": [
    5.8183246180124115,
    5.853520420001587,
    5.875323555985233,
    5.66003400599584,
    5.455012538004667,
    5.706050064996816,
    5.556968226010213,
    5.545571594993817,
    5.617274707998149,
    5.631737319985405
  ],
  "warm_median_s": 5.645885662990622,
  "warm_p90_s": 5.855700733599951,
  "peak_rss_mib": 710.51953125,
  "repeat_max_abs_diff": 0.0,
  "config": {
    "augmentations": "('yj',)",
    "bar_point_estimator": "mean",
    "bar_temperature": "1.0",
    "categorical_columns": "auto",
    "categorical_encoding": "ordinal",
    "categorical_levels": "None",
    "device": "cpu",
    "discrete_y_snap_max_unique": "0",
    "discretize": "None",
    "embedder": "minilm",
    "encode_id_cols": "None",
    "inference_config": "/tmp/b09-src/nori/src/synthefy_nori/configs/default_inference.json",
    "large_context_cache_entries": "1",
    "large_context_holdout": "random",
    "large_context_max_calls": "None",
    "large_context_policy": "None",
    "large_context_seed": "0",
    "large_context_threshold": "50000",
    "max_categorical_cardinality": "100",
    "memory_policy": "None",
    "model": "None",
    "model_path": "/tmp/b09-weights/nori/nori.pt",
    "multi_target_prediction_policy": "None",
    "multi_target_prediction_strategy": "copula",
    "quantile_collapse": "mean",
    "svd_dim": "128",
    "text_columns": "None",
    "text_max_cardinality": "None",
    "text_normalize": "None",
    "token": "None",
    "yj_skew_threshold": "10.0"
  },
  "wall_s": 76.89451049701893,
  "device": "CPU",
  "dtype": "float32",
  "threads": 4,
  "python": "3.12.3 (main, Aug 31 2026, 10:18:26) [GCC 13.3.0]",
  "torch": "2.13.0+cpu",
  "numpy": "2.5.0",
  "input_sha256": "db8ad70b9668c7fe363f91023d9ac65591cd0c1a12ab1c4dc26ab5be1dc12690"
}
