Mixed precision is not supported for CPU inference, so it has been automatically disabled
{
  "model": "nori",
  "seed": 1,
  "status": "COMPLETE",
  "n_support": 353,
  "n_query": 89,
  "rmse": 56.76718405354779,
  "load_s": 1.4329945799836423,
  "fit_s": 0.0006661360093858093,
  "first_predict_s": 6.31609337599366,
  "warm_s": [
    5.942415825993521,
    6.545457610976882,
    5.955539718997898,
    6.123934616014594,
    6.184425857994938,
    5.8356135729991365,
    5.861618853989057,
    5.7665666560060345,
    6.072980579978321,
    5.824442114011617
  ],
  "warm_median_s": 5.948977772495709,
  "warm_p90_s": 6.220529033293133,
  "peak_rss_mib": 711.10546875,
  "repeat_max_abs_diff": 0.0,
  "config": {
    "augmentations": "('yj',)",
    "bar_point_estimator": "mean",
    "bar_temperature": "1.0",
    "categorical_columns": "auto",
    "categorical_encoding": "ordinal",
    "categorical_levels": "None",
    "device": "cpu",
    "discrete_y_snap_max_unique": "0",
    "discretize": "None",
    "embedder": "minilm",
    "encode_id_cols": "None",
    "inference_config": "/tmp/b09-src/nori/src/synthefy_nori/configs/default_inference.json",
    "large_context_cache_entries": "1",
    "large_context_holdout": "random",
    "large_context_max_calls": "None",
    "large_context_policy": "None",
    "large_context_seed": "0",
    "large_context_threshold": "50000",
    "max_categorical_cardinality": "100",
    "memory_policy": "None",
    "model": "None",
    "model_path": "/tmp/b09-weights/nori/nori.pt",
    "multi_target_prediction_policy": "None",
    "multi_target_prediction_strategy": "copula",
    "quantile_collapse": "mean",
    "svd_dim": "128",
    "text_columns": "None",
    "text_max_cardinality": "None",
    "text_normalize": "None",
    "token": "None",
    "yj_skew_threshold": "10.0"
  },
  "wall_s": 81.51618788900669,
  "device": "CPU",
  "dtype": "float32",
  "threads": 4,
  "python": "3.12.3 (main, Aug 31 2026, 10:18:26) [GCC 13.3.0]",
  "torch": "2.13.0+cpu",
  "numpy": "2.5.0",
  "input_sha256": "0e16d8c8d910549c5d4342ffbf69545870bb7e16245bd69c338c0cc04f8540e7"
}
