Mixed precision is not supported for CPU inference, so it has been automatically disabled
{
  "model": "nori",
  "seed": 0,
  "status": "COMPLETE",
  "n_support": 353,
  "n_query": 89,
  "rmse": 58.05826472924774,
  "load_s": 1.5379002970003057,
  "fit_s": 0.005275140982121229,
  "first_predict_s": 5.902998926001601,
  "warm_s": [
    5.809160187985981,
    5.90316923498176,
    6.688860908994684,
    6.7727064039791,
    6.108597181009827,
    6.542296511994209,
    6.810742843983462,
    6.834635006001918,
    6.903465429000789,
    6.269812901999103
  ],
  "warm_median_s": 6.615578710494447,
  "warm_p90_s": 6.841518048301805,
  "peak_rss_mib": 710.55078125,
  "repeat_max_abs_diff": 0.0,
  "config": {
    "augmentations": "('yj',)",
    "bar_point_estimator": "mean",
    "bar_temperature": "1.0",
    "categorical_columns": "auto",
    "categorical_encoding": "ordinal",
    "categorical_levels": "None",
    "device": "cpu",
    "discrete_y_snap_max_unique": "0",
    "discretize": "None",
    "embedder": "minilm",
    "encode_id_cols": "None",
    "inference_config": "/tmp/b09-src/nori/src/synthefy_nori/configs/default_inference.json",
    "large_context_cache_entries": "1",
    "large_context_holdout": "random",
    "large_context_max_calls": "None",
    "large_context_policy": "None",
    "large_context_seed": "0",
    "large_context_threshold": "50000",
    "max_categorical_cardinality": "100",
    "memory_policy": "None",
    "model": "None",
    "model_path": "/tmp/b09-weights/nori/nori.pt",
    "multi_target_prediction_policy": "None",
    "multi_target_prediction_strategy": "copula",
    "quantile_collapse": "mean",
    "svd_dim": "128",
    "text_columns": "None",
    "text_max_cardinality": "None",
    "text_normalize": "None",
    "token": "None",
    "yj_skew_threshold": "10.0"
  },
  "wall_s": 85.36516393901547,
  "device": "CPU",
  "dtype": "float32",
  "threads": 4,
  "python": "3.12.3 (main, Aug 31 2026, 10:18:26) [GCC 13.3.0]",
  "torch": "2.13.0+cpu",
  "numpy": "2.5.0",
  "input_sha256": "cc72aaa6d56f11712fd7b5f219ade008c2be9513cb7331a6f0e9b8555fbf560e"
}
