Loading weights from local directory
Traceback (most recent call last):
  File "/home/avist/Projects/relational/labs/_worker_b09.py", line 20, in <module>
    model=tabfm_v1_0_0_pytorch.load(model_type='regression',checkpoint_path=str(weights/'tabfm/regression'),device='cpu',dtype=torch.float32,use_cache=False)
          ^^^^^^^^^^^^^^^^^^^^^^^^^^^^^^^^^^^^^^^^^^^^^^^^^^^^^^^^^^^^^^^^^^^^^^^^^^^^^^^^^^^^^^^^^^^^^^^^^^^^^^^^^^^^^^^^^^^^^^^^^^^^^^^^^^^^^^^^^^^^^^^^^^^
  File "/tmp/b09-src/tabfm/tabfm/src/pytorch/tabfm_v1_0_0.py", line 167, in load
    model = TabFM_HF.from_pretrained(local_dir)
            ^^^^^^^^^^^^^^^^^^^^^^^^^^^^^^^^^^^
  File "/home/avist/Projects/relational/.venv/lib/python3.12/site-packages/huggingface_hub/utils/_validators.py", line 114, in _inner_fn
    return fn(*args, **kwargs)
           ^^^^^^^^^^^^^^^^^^^
  File "/home/avist/Projects/relational/.venv/lib/python3.12/site-packages/huggingface_hub/hub_mixin.py", line 568, in from_pretrained
    instance = cls._from_pretrained(
               ^^^^^^^^^^^^^^^^^^^^^
  File "/tmp/b09-src/tabfm/tabfm/src/pytorch/tabfm_v1_0_0.py", line 96, in _from_pretrained
    return super()._from_pretrained(
           ^^^^^^^^^^^^^^^^^^^^^^^^^
  File "/home/avist/Projects/relational/.venv/lib/python3.12/site-packages/huggingface_hub/hub_mixin.py", line 795, in _from_pretrained
    return cls._load_as_safetensor(model, model_file, map_location, strict)
           ^^^^^^^^^^^^^^^^^^^^^^^^^^^^^^^^^^^^^^^^^^^^^^^^^^^^^^^^^^^^^^^^
  File "/home/avist/Projects/relational/.venv/lib/python3.12/site-packages/huggingface_hub/hub_mixin.py", line 844, in _load_as_safetensor
    safetensors.torch.load_model(model, model_file, strict=strict, device=map_location)  # type: ignore [arg-type]
    ^^^^^^^^^^^^^^^^^^^^^^^^^^^^^^^^^^^^^^^^^^^^^^^^^^^^^^^^^^^^^^^^^^^^^^^^^^^^^^^^^^^
  File "/home/avist/Projects/relational/.venv/lib/python3.12/site-packages/safetensors/torch.py", line 228, in load_model
    state_dict = load_file(filename, device=device, backend=backend)
                 ^^^^^^^^^^^^^^^^^^^^^^^^^^^^^^^^^^^^^^^^^^^^^^^^^^^
  File "/home/avist/Projects/relational/.venv/lib/python3.12/site-packages/safetensors/torch.py", line 359, in load_file
    with safe_open(filename, framework="pt", device=device, backend=backend) as f:
         ^^^^^^^^^^^^^^^^^^^^^^^^^^^^^^^^^^^^^^^^^^^^^^^^^^^^^^^^^^^^^^^^^^^
safetensors._safetensors_rust.SafetensorError: Error while deserializing header: incomplete metadata, file not fully covered
