
Traceback (most recent call last):
  File "/home/avist/Projects/relational/labs/_delivery_l103.py", line 81, in <module>
    page.goto(f'http://127.0.0.1:{server.server_port}/index.html');page.wait_for_selector('a[href="lessons/'+S+'.html"]')
                                                                   ^^^^^^^^^^^^^^^^^^^^^^^^^^^^^^^^^^^^^^^^^^^^^^^^^^^^^^
  File "/home/avist/Projects/relational/.venv/lib/python3.12/site-packages/playwright/sync_api/_generated.py", line 9061, in wait_for_selector
    self._sync(
  File "/home/avist/Projects/relational/.venv/lib/python3.12/site-packages/playwright/_impl/_sync_base.py", line 115, in _sync
    return task.result()
           ^^^^^^^^^^^^^
  File "/home/avist/Projects/relational/.venv/lib/python3.12/site-packages/playwright/_impl/_page.py", line 429, in wait_for_selector
    return await self._main_frame.wait_for_selector(**locals_to_params(locals()))
           ^^^^^^^^^^^^^^^^^^^^^^^^^^^^^^^^^^^^^^^^^^^^^^^^^^^^^^^^^^^^^^^^^^^^^^
  File "/home/avist/Projects/relational/.venv/lib/python3.12/site-packages/playwright/_impl/_frame.py", line 395, in wait_for_selector
    await self._channel.send(
  File "/home/avist/Projects/relational/.venv/lib/python3.12/site-packages/playwright/_impl/_connection.py", line 76, in send
    return await self._connection.wrap_api_call(
           ^^^^^^^^^^^^^^^^^^^^^^^^^^^^^^^^^^^^^
  File "/home/avist/Projects/relational/.venv/lib/python3.12/site-packages/playwright/_impl/_connection.py", line 632, in wrap_api_call
    raise rewrite_error(error, f"{parsed_st['apiName']}: {error}") from None
playwright._impl._errors.TimeoutError: Page.wait_for_selector: Timeout 30000ms exceeded.
Call log:
  - waiting for locator("a[href=\"lessons/0103-tgat.html\"]") to be visible
    63 × locator resolved to hidden <a href="lessons/0103-tgat.html">…</a>

