
Traceback (most recent call last):
  File "/home/avist/Projects/relational/labs/_delivery_l104.py", line 36, in <module>
    assert page.locator('details').nth(1).locator('table').first.evaluate('e=>e.checkVisibility()'),'Collapsed results must print'
           ^^^^^^^^^^^^^^^^^^^^^^^^^^^^^^^^^^^^^^^^^^^^^^^^^^^^^^^^^^^^^^^^^^^^^^^^^^^^^^^^^^^^^^^^
  File "/home/avist/Projects/relational/.venv/lib/python3.12/site-packages/playwright/sync_api/_generated.py", line 18248, in evaluate
    self._sync(
  File "/home/avist/Projects/relational/.venv/lib/python3.12/site-packages/playwright/_impl/_sync_base.py", line 115, in _sync
    return task.result()
           ^^^^^^^^^^^^^
  File "/home/avist/Projects/relational/.venv/lib/python3.12/site-packages/playwright/_impl/_locator.py", line 195, in evaluate
    return await self._with_element(
           ^^^^^^^^^^^^^^^^^^^^^^^^^
  File "/home/avist/Projects/relational/.venv/lib/python3.12/site-packages/playwright/_impl/_locator.py", line 114, in _with_element
    handle = await self.element_handle(timeout=timeout)
             ^^^^^^^^^^^^^^^^^^^^^^^^^^^^^^^^^^^^^^^^^^
  File "/home/avist/Projects/relational/.venv/lib/python3.12/site-packages/playwright/_impl/_locator.py", line 325, in element_handle
    handle = await self._frame.wait_for_selector(
             ^^^^^^^^^^^^^^^^^^^^^^^^^^^^^^^^^^^^
  File "/home/avist/Projects/relational/.venv/lib/python3.12/site-packages/playwright/_impl/_frame.py", line 395, in wait_for_selector
    await self._channel.send(
  File "/home/avist/Projects/relational/.venv/lib/python3.12/site-packages/playwright/_impl/_connection.py", line 76, in send
    return await self._connection.wrap_api_call(
           ^^^^^^^^^^^^^^^^^^^^^^^^^^^^^^^^^^^^^
  File "/home/avist/Projects/relational/.venv/lib/python3.12/site-packages/playwright/_impl/_connection.py", line 632, in wrap_api_call
    raise rewrite_error(error, f"{parsed_st['apiName']}: {error}") from None
playwright._impl._errors.TimeoutError: Locator.evaluate: Timeout 30000ms exceeded.
Call log:
  - waiting for locator("details").nth(1).locator("table").first

