MEASURE novelty cmc 42 0 v2 0.5204
MEASURE novelty cmc 42 0 xgboost 0.5206
MEASURE novelty cmc 42 1 v2 0.6002
MEASURE novelty cmc 42 1 xgboost 0.5626
MEASURE novelty cmc 42 2 v2 0.6016
MEASURE novelty cmc 42 2 xgboost 0.5561
MEASURE novelty cmc 2023 0 v2 0.4353
MEASURE novelty cmc 2023 0 xgboost 0.5301
MEASURE novelty cmc 2023 1 v2 0.5806
MEASURE novelty cmc 2023 1 xgboost 0.5782
MEASURE novelty cmc 2023 2 v2 0.6056
MEASURE novelty cmc 2023 2 xgboost 0.5835
MEASURE novelty cmc 789 0 v2 0.4628
MEASURE novelty cmc 789 0 xgboost 0.5333
MEASURE novelty cmc 789 1 v2 0.577
MEASURE novelty cmc 789 1 xgboost 0.5704
MEASURE novelty cmc 789 2 v2 0.6276
MEASURE novelty cmc 789 2 xgboost 0.5937
MEASURE novelty winequality-red 42 0 v2 0.71
MEASURE novelty winequality-red 42 0 xgboost 0.69
MEASURE novelty winequality-red 42 1 v2 0.6009
MEASURE novelty winequality-red 42 1 xgboost 0.5981
MEASURE novelty winequality-red 42 2 v2 0.4003
MEASURE novelty winequality-red 42 2 xgboost 0.4385
MEASURE novelty winequality-red 42 3 v2 0.6442
MEASURE novelty winequality-red 42 3 xgboost 0.6193
MEASURE novelty winequality-red 42 4 v2 0.3817
MEASURE novelty winequality-red 42 4 xgboost 0.453
MEASURE novelty winequality-red 42 5 v2 0.5864
MEASURE novelty winequality-red 42 5 xgboost 0.6111
MEASURE novelty winequality-red 2023 0 v2 0.86
MEASURE novelty winequality-red 2023 0 xgboost 0.78
MEASURE novelty winequality-red 2023 1 v2 0.5721
MEASURE novelty winequality-red 2023 1 xgboost 0.5005
MEASURE novelty winequality-red 2023 2 v2 0.3821
MEASURE novelty winequality-red 2023 2 xgboost 0.4697
MEASURE novelty winequality-red 2023 3 v2 0.6387
MEASURE novelty winequality-red 2023 3 xgboost 0.5997
MEASURE novelty winequality-red 2023 4 v2 0.4057
MEASURE novelty winequality-red 2023 4 xgboost 0.4722
MEASURE novelty winequality-red 2023 5 v2 0.8241
MEASURE novelty winequality-red 2023 5 xgboost 0.7716
MEASURE novelty winequality-red 789 0 v2 0.69
MEASURE novelty winequality-red 789 0 xgboost 0.71
MEASURE novelty winequality-red 789 1 v2 0.5703
MEASURE novelty winequality-red 789 1 xgboost 0.5344
MEASURE novelty winequality-red 789 2 v2 0.3765
MEASURE novelty winequality-red 789 2 xgboost 0.4308
MEASURE novelty winequality-red 789 3 v2 0.6404
MEASURE novelty winequality-red 789 3 xgboost 0.6331
MEASURE novelty winequality-red 789 4 v2 0.3793
MEASURE novelty winequality-red 789 4 xgboost 0.4833
MEASURE novelty winequality-red 789 5 v2 0.6142
MEASURE novelty winequality-red 789 5 xgboost 0.6944
MEASURE novelty winequality-white 42 0 v2 0.71
MEASURE novelty winequality-white 42 0 xgboost 0.5775
MEASURE novelty winequality-white 42 1 v2 0.5657
MEASURE novelty winequality-white 42 1 xgboost 0.4119
MEASURE novelty winequality-white 42 2 v2 0.4372
MEASURE novelty winequality-white 42 2 xgboost 0.385
MEASURE novelty winequality-white 42 3 v2 0.5501
MEASURE novelty winequality-white 42 3 xgboost 0.5525
MEASURE novelty winequality-white 42 4 v2 0.5169
MEASURE novelty winequality-white 42 4 xgboost 0.4775
MEASURE novelty winequality-white 42 5 v2 0.6669
MEASURE novelty winequality-white 42 5 xgboost 0.5969
MEASURE novelty winequality-white 42 6 v2 0.6
MEASURE novelty winequality-white 42 6 xgboost 0.2
MEASURE novelty winequality-white 2023 0 v2 0.7925
MEASURE novelty winequality-white 2023 0 xgboost 0.57
MEASURE novelty winequality-white 2023 1 v2 0.6257
MEASURE novelty winequality-white 2023 1 xgboost 0.4952
MEASURE novelty winequality-white 2023 2 v2 0.4039
MEASURE novelty winequality-white 2023 2 xgboost 0.38
MEASURE novelty winequality-white 2023 3 v2 0.5577
MEASURE novelty winequality-white 2023 3 xgboost 0.5712
MEASURE novelty winequality-white 2023 4 v2 0.5212
MEASURE novelty winequality-white 2023 4 xgboost 0.4962
MEASURE novelty winequality-white 2023 5 v2 0.6551
MEASURE novelty winequality-white 2023 5 xgboost 0.6128
MEASURE novelty winequality-white 2023 6 v2 0.92
MEASURE novelty winequality-white 2023 6 xgboost 0.68
MEASURE novelty winequality-white 789 0 v2 0.63
MEASURE novelty winequality-white 789 0 xgboost 0.45
